Initialized native services in: C:\Users\esthe\.gradle\native
Initialized jansi services in: C:\Users\esthe\.gradle\native
Found daemon DaemonInfo{pid=15152, address=[0f04a884-9d72-4d07-bc4e-cb406549c61b port:52311, addresses:[/127.0.0.1]], state=Idle, lastBusy=1766055413263, context=DefaultDaemonContext[uid=4ffb7041-8057-47cd-9086-cadfdbc5b54e,javaHome=C:\Program Files\Java\jdk-21,javaVersion=21,javaVendor=Oracle Corporation,daemonRegistryDir=C:\Users\esthe\.gradle\daemon,pid=15152,idleTimeout=10800000,priority=NORMAL,applyInstrumentationAgent=true,nativeServicesMode=ENABLED,daemonOpts=-XX:MaxMetaspaceSize=384m,-XX:+HeapDumpOnOutOfMemoryError,-Xms256m,-Xmx512m,-Dfile.encoding=UTF-8,-Duser.country=KR,-Duser.language=ko,-Duser.variant]} however its context does not match the desired criteria.
JVM is incompatible.
Wanted: DaemonRequestContext{jvmCriteria=C:\Program Files\Java\jdk-17 (no JDK specified, using current Java home), daemonOpts=[-XX:MaxMetaspaceSize=384m, -XX:+HeapDumpOnOutOfMemoryError, -Xms256m, -Xmx512m, -Dfile.encoding=x-windows-949, -Duser.country=KR, -Duser.language=ko, -Duser.variant], applyInstrumentationAgent=true, nativeServicesMode=ENABLED, priority=NORMAL}
Actual: DefaultDaemonContext[uid=4ffb7041-8057-47cd-9086-cadfdbc5b54e,javaHome=C:\Program Files\Java\jdk-21,javaVersion=21,javaVendor=Oracle Corporation,daemonRegistryDir=C:\Users\esthe\.gradle\daemon,pid=15152,idleTimeout=10800000,priority=NORMAL,applyInstrumentationAgent=true,nativeServicesMode=ENABLED,daemonOpts=-XX:MaxMetaspaceSize=384m,-XX:+HeapDumpOnOutOfMemoryError,-Xms256m,-Xmx512m,-Dfile.encoding=UTF-8,-Duser.country=KR,-Duser.language=ko,-Duser.variant]

  Looking for a different daemon...
The client will now receive all logging from the daemon (pid: 18668). The daemon log file: C:\Users\esthe\.gradle\daemon\9.2.1\daemon-18668.out.log
Starting 16th build in daemon [uptime: 2 hrs 3 mins 14.487 secs, performance: 100%, GC rate: 0.00/s, heap usage: 0% of 512 MiB, non-heap usage: 18% of 384 MiB]
Using 8 worker leases.
Operational build model parameters: {requiresToolingModels=false, parallelProjectExecution=false, configureOnDemand=false, configurationCache=false, configurationCacheParallelStore=false, configurationCacheParallelLoad=true, isolatedProjects=false, parallelProjectConfiguration=false, intermediateModelCache=false, parallelToolingApiActions=false, invalidateCoupledProjects=false, modelAsProjectDependency=false, resilientModelBuilding=false}
Not watching E:\전북대\대학2025\소프트웨어공학\reservation-system since the file system is not supported
Watching the file system is configured to be enabled if available
File system watching is active
Starting Build
Settings evaluated using settings file 'E:\전북대\대학2025\소프트웨어공학\reservation-system\settings.gradle'.
Projects loaded. Root project using build file 'E:\전북대\대학2025\소프트웨어공학\reservation-system\build.gradle'.
Included projects: [root project 'reservation-system']

> Configure project :
Evaluating root project 'reservation-system' using build file 'E:\전북대\대학2025\소프트웨어공학\reservation-system\build.gradle'.
Resolved plugin [id: 'java']
Resolved plugin [id: 'org.springframework.boot', version: '3.4.12']
Resolved plugin [id: 'io.spring.dependency-management', version: '1.1.7']
Applying dependency management to configuration 'annotationProcessor' in project 'reservation-system'
Applying dependency management to configuration 'apiElements' in project 'reservation-system'
Applying dependency management to configuration 'archives' in project 'reservation-system'
Applying dependency management to configuration 'bootArchives' in project 'reservation-system'
Applying dependency management to configuration 'compileClasspath' in project 'reservation-system'
Applying dependency management to configuration 'compileOnly' in project 'reservation-system'
Applying dependency management to configuration 'default' in project 'reservation-system'
Applying dependency management to configuration 'developmentOnly' in project 'reservation-system'
Applying dependency management to configuration 'implementation' in project 'reservation-system'
Applying dependency management to configuration 'mainSourceElements' in project 'reservation-system'
Applying dependency management to configuration 'productionRuntimeClasspath' in project 'reservation-system'
Applying dependency management to configuration 'runtimeClasspath' in project 'reservation-system'
Applying dependency management to configuration 'runtimeElements' in project 'reservation-system'
Applying dependency management to configuration 'runtimeOnly' in project 'reservation-system'
Applying dependency management to configuration 'testAndDevelopmentOnly' in project 'reservation-system'
Applying dependency management to configuration 'testAnnotationProcessor' in project 'reservation-system'
Applying dependency management to configuration 'testCompileClasspath' in project 'reservation-system'
Applying dependency management to configuration 'testCompileOnly' in project 'reservation-system'
Applying dependency management to configuration 'testImplementation' in project 'reservation-system'
Applying dependency management to configuration 'testResultsElementsForTest' in project 'reservation-system'
Applying dependency management to configuration 'testRuntimeClasspath' in project 'reservation-system'
Applying dependency management to configuration 'testRuntimeOnly' in project 'reservation-system'
All projects evaluated.
Task name matched 'clean'
Task name matched 'test'
Selected primary task 'clean' from project :
Selected primary task 'test' from project :
Resolving global dependency management for project 'reservation-system'
Excluding []
Excluding []
Excluding []
Excluding []
Excluding []
Excluding []
Tasks to be executed: [task ':clean', task ':compileJava', task ':processResources', task ':classes', task ':compileTestJava', task ':processTestResources', task ':testClasses', task ':test']
Tasks that were excluded: []
Resolve mutations for :clean (Thread[Execution worker,5,main]) started.
:clean (Thread[Execution worker,5,main]) started.
destroyer locations for task group 0 (Thread[included builds,5,main]) started.

> Task :clean
Caching disabled for task ':clean' because:
  Build cache is disabled
Task ':clean' is not up-to-date because:
  Task has not declared any outputs despite executing actions.
Resolve mutations for :compileJava (Thread[Execution worker,5,main]) started.
:compileJava (Thread[Execution worker,5,main]) started.

> Task :compileJava
Custom actions are attached to task ':compileJava'.
Caching disabled for task ':compileJava' because:
  Build cache is disabled
Task ':compileJava' is not up-to-date because:
  Output property 'destinationDirectory' file E:\전북대\대학2025\소프트웨어공학\reservation-system\build\classes\java\main has been removed.
  Output property 'destinationDirectory' file E:\전북대\대학2025\소프트웨어공학\reservation-system\build\classes\java\main\com has been removed.
  Output property 'destinationDirectory' file E:\전북대\대학2025\소프트웨어공학\reservation-system\build\classes\java\main\com\example has been removed.
  and more...
The input changes require a full rebuild for incremental task ':compileJava'.
Compilation mode: default, forking compiler
Full recompilation is required because no incremental change information is available. This is usually caused by clean builds or changing compiler arguments.
Compiling with toolchain 'C:\Program Files\Java\jdk-21'.
Compiling with JDK Java compiler API.
Class dependency analysis for incremental compilation took 0.019 secs.
Created classpath snapshot for incremental compilation in 0.02 secs.
Resolve mutations for :processResources (Thread[Execution worker,5,main]) started.
:processResources (Thread[Execution worker,5,main]) started.

> Task :processResources
Caching disabled for task ':processResources' because:
  Build cache is disabled
  Not worth caching
Task ':processResources' is not up-to-date because:
  Output property 'destinationDir' file E:\전북대\대학2025\소프트웨어공학\reservation-system\build\resources\main has been removed.
  Output property 'destinationDir' file E:\전북대\대학2025\소프트웨어공학\reservation-system\build\resources\main\application.properties has been removed.
  Output property 'destinationDir' file E:\전북대\대학2025\소프트웨어공학\reservation-system\build\resources\main\key has been removed.
  and more...
Resolve mutations for :classes (Thread[Execution worker,5,main]) started.
:classes (Thread[Execution worker,5,main]) started.

> Task :classes
Skipping task ':classes' as it has no actions.
Resolve mutations for :compileTestJava (Thread[Execution worker,5,main]) started.
:compileTestJava (Thread[Execution worker,5,main]) started.

> Task :compileTestJava
Custom actions are attached to task ':compileTestJava'.
Caching disabled for task ':compileTestJava' because:
  Build cache is disabled
Task ':compileTestJava' is not up-to-date because:
  Output property 'destinationDirectory' file E:\전북대\대학2025\소프트웨어공학\reservation-system\build\classes\java\test has been removed.
  Output property 'destinationDirectory' file E:\전북대\대학2025\소프트웨어공학\reservation-system\build\classes\java\test\com has been removed.
  Output property 'destinationDirectory' file E:\전북대\대학2025\소프트웨어공학\reservation-system\build\classes\java\test\com\example has been removed.
  and more...
The input changes require a full rebuild for incremental task ':compileTestJava'.
Compilation mode: default, forking compiler
Full recompilation is required because no incremental change information is available. This is usually caused by clean builds or changing compiler arguments.
Compiling with toolchain 'C:\Program Files\Java\jdk-21'.
Compiling with JDK Java compiler API.
Class dependency analysis for incremental compilation took 0.002 secs.
Created classpath snapshot for incremental compilation in 0.031 secs.
Resolve mutations for :processTestResources (Thread[Execution worker,5,main]) started.
:processTestResources (Thread[Execution worker,5,main]) started.

> Task :processTestResources
Caching disabled for task ':processTestResources' because:
  Build cache is disabled
  Not worth caching
Task ':processTestResources' is not up-to-date because:
  Output property 'destinationDir' file E:\전북대\대학2025\소프트웨어공학\reservation-system\build\resources\test has been removed.
  Output property 'destinationDir' file E:\전북대\대학2025\소프트웨어공학\reservation-system\build\resources\test\application-test.properties has been removed.
Resolve mutations for :testClasses (Thread[Execution worker,5,main]) started.
:testClasses (Thread[Execution worker,5,main]) started.

> Task :testClasses
Skipping task ':testClasses' as it has no actions.
Resolve mutations for :test (Thread[Execution worker,5,main]) started.
:test (Thread[Execution worker,5,main]) started.
Gradle Test Executor 23 started executing tests.

> Task :test
Caching disabled for task ':test' because:
  Build cache is disabled
Task ':test' is not up-to-date because:
  Output property 'binaryResultsDirectory' file E:\전북대\대학2025\소프트웨어공학\reservation-system\build\test-results\test\binary has been removed.
  Output property 'binaryResultsDirectory' file E:\전북대\대학2025\소프트웨어공학\reservation-system\build\test-results\test\binary\output.bin has been removed.
  Output property 'binaryResultsDirectory' file E:\전북대\대학2025\소프트웨어공학\reservation-system\build\test-results\test\binary\output.bin.idx has been removed.
  and more...
Starting process 'Gradle Test Executor 23'. Working directory: E:\전북대\대학2025\소프트웨어공학\reservation-system Command: C:\Program Files\Java\jdk-21\bin\java.exe -Dorg.gradle.internal.worker.tmpdir=E:\전북대\대학2025\소프트웨어공학\reservation-system\build\tmp\test\work @C:\Users\esthe\.gradle\.tmp\gradle-worker-classpath7441630388660564133txt -Xmx512m -Dfile.encoding=x-windows-949 -Duser.country=KR -Duser.language=ko -Duser.variant -ea worker.org.gradle.process.internal.worker.GradleWorkerMain 'Gradle Test Executor 23'
Successfully started process 'Gradle Test Executor 23'

ReservationSystemApplicationTests STANDARD_OUT
    20:06:58.408 [Test worker] INFO org.springframework.test.context.support.AnnotationConfigContextLoaderUtils -- Could not detect default configuration classes for test class [com.example.reservationsystem.ReservationSystemApplicationTests]: ReservationSystemApplicationTests does not declare any static, non-private, non-final, nested classes annotated with @Configuration.
    20:06:58.582 [Test worker] INFO org.springframework.boot.test.context.SpringBootTestContextBootstrapper -- Found @SpringBootConfiguration com.example.reservationsystem.ReservationSystemApplication for test class com.example.reservationsystem.ReservationSystemApplicationTests

      .   ____          _            __ _ _
     /\\ / ___'_ __ _ _(_)_ __  __ _ \ \ \ \
    ( ( )\___ | '_ | '_| | '_ \/ _` | \ \ \ \
     \\/  ___)| |_)| | | | | || (_| |  ) ) ) )
      '  |____| .__|_| |_|_| |_\__, | / / / /
     =========|_|==============|___/=/_/_/_/

     :: Spring Boot ::               (v3.4.12)

    2025-12-18T20:06:59.066+09:00  INFO 20488 --- [reservation_system] [    Test worker] c.e.r.ReservationSystemApplicationTests  : Starting ReservationSystemApplicationTests using Java 21.0.9 with PID 20488 (started by esthe in E:\전북대\대학2025\소프트웨어공학\reservation-system)
    2025-12-18T20:06:59.066+09:00  INFO 20488 --- [reservation_system] [    Test worker] c.e.r.ReservationSystemApplicationTests  : The following 1 profile is active: "test"
    2025-12-18T20:07:00.099+09:00  INFO 20488 --- [reservation_system] [    Test worker] .s.d.r.c.RepositoryConfigurationDelegate : Bootstrapping Spring Data JPA repositories in DEFAULT mode.
    2025-12-18T20:07:00.171+09:00  INFO 20488 --- [reservation_system] [    Test worker] .s.d.r.c.RepositoryConfigurationDelegate : Finished Spring Data repository scanning in 65 ms. Found 7 JPA repository interfaces.
    2025-12-18T20:07:00.630+09:00  INFO 20488 --- [reservation_system] [    Test worker] o.hibernate.jpa.internal.util.LogHelper  : HHH000204: Processing PersistenceUnitInfo [name: default]
    2025-12-18T20:07:00.725+09:00  INFO 20488 --- [reservation_system] [    Test worker] org.hibernate.Version                    : HHH000412: Hibernate ORM core version 6.6.36.Final
    2025-12-18T20:07:00.789+09:00  INFO 20488 --- [reservation_system] [    Test worker] o.h.c.internal.RegionFactoryInitiator    : HHH000026: Second-level cache disabled
    2025-12-18T20:07:01.284+09:00  INFO 20488 --- [reservation_system] [    Test worker] o.s.o.j.p.SpringPersistenceUnitInfo      : No LoadTimeWeaver setup: ignoring JPA class transformer
    2025-12-18T20:07:01.329+09:00  INFO 20488 --- [reservation_system] [    Test worker] com.zaxxer.hikari.HikariDataSource       : HikariPool-1 - Starting...
    2025-12-18T20:07:01.647+09:00  INFO 20488 --- [reservation_system] [    Test worker] com.zaxxer.hikari.pool.HikariPool        : HikariPool-1 - Added connection conn0: url=jdbc:h2:mem:testdb user=SA
    2025-12-18T20:07:01.647+09:00  INFO 20488 --- [reservation_system] [    Test worker] com.zaxxer.hikari.HikariDataSource       : HikariPool-1 - Start completed.
    2025-12-18T20:07:01.679+09:00  WARN 20488 --- [reservation_system] [    Test worker] org.hibernate.dialect.Dialect            : HHH000511: The 2.3.232 version for [org.hibernate.dialect.MySQLDialect] is no longer supported, hence certain features may not work properly. The minimum supported version is 8.0.0. Check the community dialects project for available legacy versions.
    2025-12-18T20:07:01.679+09:00  WARN 20488 --- [reservation_system] [    Test worker] org.hibernate.orm.deprecation            : HHH90000025: MySQLDialect does not need to be specified explicitly using 'hibernate.dialect' (remove the property setting and it will be selected by default)
    2025-12-18T20:07:01.711+09:00  INFO 20488 --- [reservation_system] [    Test worker] org.hibernate.orm.connections.pooling    : HHH10001005: Database info:
    	Database JDBC URL [Connecting through datasource 'HikariDataSource (HikariPool-1)']
    	Database driver: undefined/unknown
    	Database version: 2.3.232
    	Autocommit mode: undefined/unknown
    	Isolation level: undefined/unknown
    	Minimum pool size: undefined/unknown
    	Maximum pool size: undefined/unknown
    2025-12-18T20:07:03.144+09:00  INFO 20488 --- [reservation_system] [    Test worker] o.h.e.t.j.p.i.JtaPlatformInitiator       : HHH000489: No JTA platform available (set 'hibernate.transaction.jta.platform' to enable JTA platform integration)
    Hibernate: 
        alter table room_reservation 
           drop 
           foreign key FK5cxvnl0bhgnu598bndyl4g7y0
    2025-12-18T20:07:03.168+09:00  WARN 20488 --- [reservation_system] [    Test worker] o.h.t.s.i.ExceptionHandlerLoggedImpl     : GenerationTarget encountered exception accepting command : Error executing DDL "
        alter table room_reservation 
           drop 
           foreign key FK5cxvnl0bhgnu598bndyl4g7y0" via JDBC [Table "ROOM_RESERVATION" not found;]

    org.hibernate.tool.schema.spi.CommandAcceptanceException: Error executing DDL "
        alter table room_reservation 
           drop 
           foreign key FK5cxvnl0bhgnu598bndyl4g7y0" via JDBC [Table "ROOM_RESERVATION" not found;]
    	at org.hibernate.tool.schema.internal.exec.GenerationTargetToDatabase.accept(GenerationTargetToDatabase.java:94) ~[hibernate-core-6.6.36.Final.jar:6.6.36.Final]
    	at org.hibernate.tool.schema.internal.Helper.applySqlString(Helper.java:233) ~[hibernate-core-6.6.36.Final.jar:6.6.36.Final]
    	at org.hibernate.tool.schema.internal.Helper.applySqlStrings(Helper.java:217) ~[hibernate-core-6.6.36.Final.jar:6.6.36.Final]
    	at org.hibernate.tool.schema.internal.SchemaDropperImpl.applyConstraintDropping(SchemaDropperImpl.java:479) ~[hibernate-core-6.6.36.Final.jar:6.6.36.Final]
    	at org.hibernate.tool.schema.internal.SchemaDropperImpl.dropConstraintsTablesSequences(SchemaDropperImpl.java:245) ~[hibernate-core-6.6.36.Final.jar:6.6.36.Final]
    	at org.hibernate.tool.schema.internal.SchemaDropperImpl.dropFromMetadata(SchemaDropperImpl.java:218) ~[hibernate-core-6.6.36.Final.jar:6.6.36.Final]
    	at org.hibernate.tool.schema.internal.SchemaDropperImpl.performDrop(SchemaDropperImpl.java:186) ~[hibernate-core-6.6.36.Final.jar:6.6.36.Final]
    	at org.hibernate.tool.schema.internal.SchemaDropperImpl.doDrop(SchemaDropperImpl.java:156) ~[hibernate-core-6.6.36.Final.jar:6.6.36.Final]
    	at org.hibernate.tool.schema.internal.SchemaDropperImpl.doDrop(SchemaDropperImpl.java:116) ~[hibernate-core-6.6.36.Final.jar:6.6.36.Final]
    	at org.hibernate.tool.schema.spi.SchemaManagementToolCoordinator.performDatabaseAction(SchemaManagementToolCoordinator.java:238) ~[hibernate-core-6.6.36.Final.jar:6.6.36.Final]
    	at org.hibernate.tool.schema.spi.SchemaManagementToolCoordinator.lambda$process$5(SchemaManagementToolCoordinator.java:144) ~[hibernate-core-6.6.36.Final.jar:6.6.36.Final]
    	at java.base/java.util.HashMap.forEach(HashMap.java:1429) ~[na:na]
    	at org.hibernate.tool.schema.spi.SchemaManagementToolCoordinator.process(SchemaManagementToolCoordinator.java:141) ~[hibernate-core-6.6.36.Final.jar:6.6.36.Final]
    	at org.hibernate.boot.internal.SessionFactoryObserverForSchemaExport.sessionFactoryCreated(SessionFactoryObserverForSchemaExport.java:37) ~[hibernate-core-6.6.36.Final.jar:6.6.36.Final]
    	at org.hibernate.internal.SessionFactoryObserverChain.sessionFactoryCreated(SessionFactoryObserverChain.java:35) ~[hibernate-core-6.6.36.Final.jar:6.6.36.Final]
    	at org.hibernate.internal.SessionFactoryImpl.<init>(SessionFactoryImpl.java:324) ~[hibernate-core-6.6.36.Final.jar:6.6.36.Final]
    	at org.hibernate.boot.internal.SessionFactoryBuilderImpl.build(SessionFactoryBuilderImpl.java:463) ~[hibernate-core-6.6.36.Final.jar:6.6.36.Final]
    	at org.hibernate.jpa.boot.internal.EntityManagerFactoryBuilderImpl.build(EntityManagerFactoryBuilderImpl.java:1517) ~[hibernate-core-6.6.36.Final.jar:6.6.36.Final]
    	at org.springframework.orm.jpa.vendor.SpringHibernateJpaPersistenceProvider.createContainerEntityManagerFactory(SpringHibernateJpaPersistenceProvider.java:66) ~[spring-orm-6.2.14.jar:6.2.14]
    	at org.springframework.orm.jpa.LocalContainerEntityManagerFactoryBean.createNativeEntityManagerFactory(LocalContainerEntityManagerFactoryBean.java:390) ~[spring-orm-6.2.14.jar:6.2.14]
    	at org.springframework.orm.jpa.AbstractEntityManagerFactoryBean.buildNativeEntityManagerFactory(AbstractEntityManagerFactoryBean.java:419) ~[spring-orm-6.2.14.jar:6.2.14]
    	at org.springframework.orm.jpa.AbstractEntityManagerFactoryBean.afterPropertiesSet(AbstractEntityManagerFactoryBean.java:400) ~[spring-orm-6.2.14.jar:6.2.14]
    	at org.springframework.orm.jpa.LocalContainerEntityManagerFactoryBean.afterPropertiesSet(LocalContainerEntityManagerFactoryBean.java:366) ~[spring-orm-6.2.14.jar:6.2.14]
    	at org.springframework.beans.factory.support.AbstractAutowireCapableBeanFactory.invokeInitMethods(AbstractAutowireCapableBeanFactory.java:1873) ~[spring-beans-6.2.14.jar:6.2.14]
    	at org.springframework.beans.factory.support.AbstractAutowireCapableBeanFactory.initializeBean(AbstractAutowireCapableBeanFactory.java:1822) ~[spring-beans-6.2.14.jar:6.2.14]
    	at org.springframework.beans.factory.support.AbstractAutowireCapableBeanFactory.doCreateBean(AbstractAutowireCapableBeanFactory.java:607) ~[spring-beans-6.2.14.jar:6.2.14]
    	at org.springframework.beans.factory.support.AbstractAutowireCapableBeanFactory.createBean(AbstractAutowireCapableBeanFactory.java:529) ~[spring-beans-6.2.14.jar:6.2.14]
    	at org.springframework.beans.factory.support.AbstractBeanFactory.lambda$doGetBean$0(AbstractBeanFactory.java:339) ~[spring-beans-6.2.14.jar:6.2.14]
    	at org.springframework.beans.factory.support.DefaultSingletonBeanRegistry.getSingleton(DefaultSingletonBeanRegistry.java:373) ~[spring-beans-6.2.14.jar:6.2.14]
    	at org.springframework.beans.factory.support.AbstractBeanFactory.doGetBean(AbstractBeanFactory.java:337) ~[spring-beans-6.2.14.jar:6.2.14]
    	at org.springframework.beans.factory.support.AbstractBeanFactory.getBean(AbstractBeanFactory.java:207) ~[spring-beans-6.2.14.jar:6.2.14]
    	at org.springframework.context.support.AbstractApplicationContext.finishBeanFactoryInitialization(AbstractApplicationContext.java:973) ~[spring-context-6.2.14.jar:6.2.14]
    	at org.springframework.context.support.AbstractApplicationContext.refresh(AbstractApplicationContext.java:627) ~[spring-context-6.2.14.jar:6.2.14]
    	at org.springframework.boot.SpringApplication.refresh(SpringApplication.java:752) ~[spring-boot-3.4.12.jar:3.4.12]
    	at org.springframework.boot.SpringApplication.refreshContext(SpringApplication.java:439) ~[spring-boot-3.4.12.jar:3.4.12]
    	at org.springframework.boot.SpringApplication.run(SpringApplication.java:318) ~[spring-boot-3.4.12.jar:3.4.12]
    	at org.springframework.boot.test.context.SpringBootContextLoader.lambda$loadContext$3(SpringBootContextLoader.java:144) ~[spring-boot-test-3.4.12.jar:3.4.12]
    	at org.springframework.util.function.ThrowingSupplier.get(ThrowingSupplier.java:58) ~[spring-core-6.2.14.jar:6.2.14]
    	at org.springframework.util.function.ThrowingSupplier.get(ThrowingSupplier.java:46) ~[spring-core-6.2.14.jar:6.2.14]
    	at org.springframework.boot.SpringApplication.withHook(SpringApplication.java:1461) ~[spring-boot-3.4.12.jar:3.4.12]
    	at org.springframework.boot.test.context.SpringBootContextLoader$ContextLoaderHook.run(SpringBootContextLoader.java:563) ~[spring-boot-test-3.4.12.jar:3.4.12]
    	at org.springframework.boot.test.context.SpringBootContextLoader.loadContext(SpringBootContextLoader.java:144) ~[spring-boot-test-3.4.12.jar:3.4.12]
    	at org.springframework.boot.test.context.SpringBootContextLoader.loadContext(SpringBootContextLoader.java:110) ~[spring-boot-test-3.4.12.jar:3.4.12]
    	at org.springframework.test.context.cache.DefaultCacheAwareContextLoaderDelegate.loadContextInternal(DefaultCacheAwareContextLoaderDelegate.java:225) ~[spring-test-6.2.14.jar:6.2.14]
    	at org.springframework.test.context.cache.DefaultCacheAwareContextLoaderDelegate.loadContext(DefaultCacheAwareContextLoaderDelegate.java:152) ~[spring-test-6.2.14.jar:6.2.14]
    	at org.springframework.test.context.support.DefaultTestContext.getApplicationContext(DefaultTestContext.java:130) ~[spring-test-6.2.14.jar:6.2.14]
    	at org.springframework.test.context.web.ServletTestExecutionListener.setUpRequestContextIfNecessary(ServletTestExecutionListener.java:200) ~[spring-test-6.2.14.jar:6.2.14]
    	at org.springframework.test.context.web.ServletTestExecutionListener.prepareTestInstance(ServletTestExecutionListener.java:139) ~[spring-test-6.2.14.jar:6.2.14]
    	at org.springframework.test.context.TestContextManager.prepareTestInstance(TestContextManager.java:260) ~[spring-test-6.2.14.jar:6.2.14]
    	at org.springframework.test.context.junit.jupiter.SpringExtension.postProcessTestInstance(SpringExtension.java:159) ~[spring-test-6.2.14.jar:6.2.14]
    	at org.junit.jupiter.engine.descriptor.ClassBasedTestDescriptor.lambda$invokeTestInstancePostProcessors$11(ClassBasedTestDescriptor.java:378) ~[junit-jupiter-engine-5.11.4.jar:5.11.4]
    	at org.junit.jupiter.engine.descriptor.ClassBasedTestDescriptor.executeAndMaskThrowable(ClassBasedTestDescriptor.java:383) ~[junit-jupiter-engine-5.11.4.jar:5.11.4]
    	at org.junit.jupiter.engine.descriptor.ClassBasedTestDescriptor.lambda$invokeTestInstancePostProcessors$12(ClassBasedTestDescriptor.java:378) ~[junit-jupiter-engine-5.11.4.jar:5.11.4]
    	at java.base/java.util.stream.ForEachOps$ForEachOp$OfRef.accept(ForEachOps.java:184) ~[na:na]
    	at java.base/java.util.stream.ReferencePipeline$3$1.accept(ReferencePipeline.java:197) ~[na:na]
    	at java.base/java.util.stream.ReferencePipeline$2$1.accept(ReferencePipeline.java:179) ~[na:na]
    	at java.base/java.util.stream.ReferencePipeline$3$1.accept(ReferencePipeline.java:197) ~[na:na]
    	at java.base/java.util.ArrayList$ArrayListSpliterator.forEachRemaining(ArrayList.java:1708) ~[na:na]
    	at java.base/java.util.stream.AbstractPipeline.copyInto(AbstractPipeline.java:509) ~[na:na]
    	at java.base/java.util.stream.AbstractPipeline.wrapAndCopyInto(AbstractPipeline.java:499) ~[na:na]
    	at java.base/java.util.stream.ForEachOps$ForEachOp.evaluateSequential(ForEachOps.java:151) ~[na:na]
    	at java.base/java.util.stream.ForEachOps$ForEachOp$OfRef.evaluateSequential(ForEachOps.java:174) ~[na:na]
    	at java.base/java.util.stream.AbstractPipeline.evaluate(AbstractPipeline.java:234) ~[na:na]
    	at java.base/java.util.stream.ReferencePipeline.forEach(ReferencePipeline.java:596) ~[na:na]
    	at org.junit.jupiter.engine.descriptor.ClassBasedTestDescriptor.invokeTestInstancePostProcessors(ClassBasedTestDescriptor.java:377) ~[junit-jupiter-engine-5.11.4.jar:5.11.4]
    	at org.junit.jupiter.engine.descriptor.ClassBasedTestDescriptor.lambda$instantiateAndPostProcessTestInstance$7(ClassBasedTestDescriptor.java:290) ~[junit-jupiter-engine-5.11.4.jar:5.11.4]
    	at org.junit.platform.engine.support.hierarchical.ThrowableCollector.execute(ThrowableCollector.java:73) ~[junit-platform-engine-1.11.4.jar:1.11.4]
    	at org.junit.jupiter.engine.descriptor.ClassBasedTestDescriptor.instantiateAndPostProcessTestInstance(ClassBasedTestDescriptor.java:289) ~[junit-jupiter-engine-5.11.4.jar:5.11.4]
    	at org.junit.jupiter.engine.descriptor.ClassBasedTestDescriptor.lambda$testInstancesProvider$5(ClassBasedTestDescriptor.java:279) ~[junit-jupiter-engine-5.11.4.jar:5.11.4]
    	at java.base/java.util.Optional.orElseGet(Optional.java:364) ~[na:na]
    	at org.junit.jupiter.engine.descriptor.ClassBasedTestDescriptor.lambda$testInstancesProvider$6(ClassBasedTestDescriptor.java:278) ~[junit-jupiter-engine-5.11.4.jar:5.11.4]
    	at org.junit.jupiter.engine.execution.TestInstancesProvider.getTestInstances(TestInstancesProvider.java:31) ~[junit-jupiter-engine-5.11.4.jar:5.11.4]
    	at org.junit.jupiter.engine.descriptor.TestMethodTestDescriptor.lambda$prepare$1(TestMethodTestDescriptor.java:105) ~[junit-jupiter-engine-5.11.4.jar:5.11.4]
    	at org.junit.platform.engine.support.hierarchical.ThrowableCollector.execute(ThrowableCollector.java:73) ~[junit-platform-engine-1.11.4.jar:1.11.4]
    	at org.junit.jupiter.engine.descriptor.TestMethodTestDescriptor.prepare(TestMethodTestDescriptor.java:104) ~[junit-jupiter-engine-5.11.4.jar:5.11.4]
    	at org.junit.jupiter.engine.descriptor.TestMethodTestDescriptor.prepare(TestMethodTestDescriptor.java:68) ~[junit-jupiter-engine-5.11.4.jar:5.11.4]
    	at org.junit.platform.engine.support.hierarchical.NodeTestTask.lambda$prepare$2(NodeTestTask.java:128) ~[junit-platform-engine-1.11.4.jar:1.11.4]
    	at org.junit.platform.engine.support.hierarchical.ThrowableCollector.execute(ThrowableCollector.java:73) ~[junit-platform-engine-1.11.4.jar:1.11.4]
    	at org.junit.platform.engine.support.hierarchical.NodeTestTask.prepare(NodeTestTask.java:128) ~[junit-platform-engine-1.11.4.jar:1.11.4]
    	at org.junit.platform.engine.support.hierarchical.NodeTestTask.execute(NodeTestTask.java:95) ~[junit-platform-engine-1.11.4.jar:1.11.4]
    	at java.base/java.util.ArrayList.forEach(ArrayList.java:1596) ~[na:na]
    	at org.junit.platform.engine.support.hierarchical.SameThreadHierarchicalTestExecutorService.invokeAll(SameThreadHierarchicalTestExecutorService.java:41) ~[junit-platform-engine-1.11.4.jar:1.11.4]
    	at org.junit.platform.engine.support.hierarchical.NodeTestTask.lambda$executeRecursively$6(NodeTestTask.java:160) ~[junit-platform-engine-1.11.4.jar:1.11.4]
    	at org.junit.platform.engine.support.hierarchical.ThrowableCollector.execute(ThrowableCollector.java:73) ~[junit-platform-engine-1.11.4.jar:1.11.4]
    	at org.junit.platform.engine.support.hierarchical.NodeTestTask.lambda$executeRecursively$8(NodeTestTask.java:146) ~[junit-platform-engine-1.11.4.jar:1.11.4]
    	at org.junit.platform.engine.support.hierarchical.Node.around(Node.java:137) ~[junit-platform-engine-1.11.4.jar:1.11.4]
    	at org.junit.platform.engine.support.hierarchical.NodeTestTask.lambda$executeRecursively$9(NodeTestTask.java:144) ~[junit-platform-engine-1.11.4.jar:1.11.4]
    	at org.junit.platform.engine.support.hierarchical.ThrowableCollector.execute(ThrowableCollector.java:73) ~[junit-platform-engine-1.11.4.jar:1.11.4]
    	at org.junit.platform.engine.support.hierarchical.NodeTestTask.executeRecursively(NodeTestTask.java:143) ~[junit-platform-engine-1.11.4.jar:1.11.4]
    	at org.junit.platform.engine.support.hierarchical.NodeTestTask.execute(NodeTestTask.java:100) ~[junit-platform-engine-1.11.4.jar:1.11.4]
    	at java.base/java.util.ArrayList.forEach(ArrayList.java:1596) ~[na:na]
    	at org.junit.platform.engine.support.hierarchical.SameThreadHierarchicalTestExecutorService.invokeAll(SameThreadHierarchicalTestExecutorService.java:41) ~[junit-platform-engine-1.11.4.jar:1.11.4]
    	at org.junit.platform.engine.support.hierarchical.NodeTestTask.lambda$executeRecursively$6(NodeTestTask.java:160) ~[junit-platform-engine-1.11.4.jar:1.11.4]
    	at org.junit.platform.engine.support.hierarchical.ThrowableCollector.execute(ThrowableCollector.java:73) ~[junit-platform-engine-1.11.4.jar:1.11.4]
    	at org.junit.platform.engine.support.hierarchical.NodeTestTask.lambda$executeRecursively$8(NodeTestTask.java:146) ~[junit-platform-engine-1.11.4.jar:1.11.4]
    	at org.junit.platform.engine.support.hierarchical.Node.around(Node.java:137) ~[junit-platform-engine-1.11.4.jar:1.11.4]
    	at org.junit.platform.engine.support.hierarchical.NodeTestTask.lambda$executeRecursively$9(NodeTestTask.java:144) ~[junit-platform-engine-1.11.4.jar:1.11.4]
    	at org.junit.platform.engine.support.hierarchical.ThrowableCollector.execute(ThrowableCollector.java:73) ~[junit-platform-engine-1.11.4.jar:1.11.4]
    	at org.junit.platform.engine.support.hierarchical.NodeTestTask.executeRecursively(NodeTestTask.java:143) ~[junit-platform-engine-1.11.4.jar:1.11.4]
    	at org.junit.platform.engine.support.hierarchical.NodeTestTask.execute(NodeTestTask.java:100) ~[junit-platform-engine-1.11.4.jar:1.11.4]
    	at org.junit.platform.engine.support.hierarchical.SameThreadHierarchicalTestExecutorService.submit(SameThreadHierarchicalTestExecutorService.java:35) ~[junit-platform-engine-1.11.4.jar:1.11.4]
    	at org.junit.platform.engine.support.hierarchical.HierarchicalTestExecutor.execute(HierarchicalTestExecutor.java:57) ~[junit-platform-engine-1.11.4.jar:1.11.4]
    	at org.junit.platform.engine.support.hierarchical.HierarchicalTestEngine.execute(HierarchicalTestEngine.java:54) ~[junit-platform-engine-1.11.4.jar:1.11.4]
    	at org.junit.platform.launcher.core.EngineExecutionOrchestrator.execute(EngineExecutionOrchestrator.java:198) ~[junit-platform-launcher-1.11.4.jar:1.11.4]
    	at org.junit.platform.launcher.core.EngineExecutionOrchestrator.execute(EngineExecutionOrchestrator.java:169) ~[junit-platform-launcher-1.11.4.jar:1.11.4]
    	at org.junit.platform.launcher.core.EngineExecutionOrchestrator.execute(EngineExecutionOrchestrator.java:93) ~[junit-platform-launcher-1.11.4.jar:1.11.4]
    	at org.junit.platform.launcher.core.EngineExecutionOrchestrator.lambda$execute$0(EngineExecutionOrchestrator.java:58) ~[junit-platform-launcher-1.11.4.jar:1.11.4]
    	at org.junit.platform.launcher.core.EngineExecutionOrchestrator.withInterceptedStreams(EngineExecutionOrchestrator.java:141) ~[junit-platform-launcher-1.11.4.jar:1.11.4]
    	at org.junit.platform.launcher.core.EngineExecutionOrchestrator.execute(EngineExecutionOrchestrator.java:57) ~[junit-platform-launcher-1.11.4.jar:1.11.4]
    	at org.junit.platform.launcher.core.DefaultLauncher.execute(DefaultLauncher.java:103) ~[junit-platform-launcher-1.11.4.jar:1.11.4]
    	at org.junit.platform.launcher.core.DefaultLauncher.execute(DefaultLauncher.java:85) ~[junit-platform-launcher-1.11.4.jar:1.11.4]
    	at org.junit.platform.launcher.core.DelegatingLauncher.execute(DelegatingLauncher.java:47) ~[junit-platform-launcher-1.11.4.jar:1.11.4]
    	at org.gradle.api.internal.tasks.testing.junitplatform.JUnitPlatformTestClassProcessor$CollectAllTestClassesExecutor.processAllTestClasses(JUnitPlatformTestClassProcessor.java:135) ~[na:na]
    	at org.gradle.api.internal.tasks.testing.junitplatform.JUnitPlatformTestClassProcessor$CollectAllTestClassesExecutor.access$000(JUnitPlatformTestClassProcessor.java:110) ~[na:na]
    	at org.gradle.api.internal.tasks.testing.junitplatform.JUnitPlatformTestClassProcessor.stop(JUnitPlatformTestClassProcessor.java:104) ~[na:na]
    	at org.gradle.api.internal.tasks.testing.SuiteTestClassProcessor.stop(SuiteTestClassProcessor.java:64) ~[na:na]
    	at java.base/jdk.internal.reflect.DirectMethodHandleAccessor.invoke(DirectMethodHandleAccessor.java:103) ~[na:na]
    	at java.base/java.lang.reflect.Method.invoke(Method.java:580) ~[na:na]
    	at org.gradle.internal.dispatch.MethodInvocation.invokeOn(MethodInvocation.java:77) ~[na:na]
    	at org.gradle.internal.dispatch.ReflectionDispatch.dispatch(ReflectionDispatch.java:28) ~[na:na]
    	at org.gradle.internal.dispatch.ReflectionDispatch.dispatch(ReflectionDispatch.java:19) ~[na:na]
    	at org.gradle.internal.dispatch.ContextClassLoaderDispatch.dispatch(ContextClassLoaderDispatch.java:33) ~[na:na]
    	at org.gradle.internal.dispatch.ProxyDispatchAdapter$DispatchingInvocationHandler.invoke(ProxyDispatchAdapter.java:88) ~[na:na]
    	at jdk.proxy1/jdk.proxy1.$Proxy4.stop(Unknown Source) ~[na:na]
    	at org.gradle.api.internal.tasks.testing.worker.TestWorker$3.run(TestWorker.java:194) ~[na:na]
    	at org.gradle.api.internal.tasks.testing.worker.TestWorker.executeAndMaintainThreadName(TestWorker.java:126) ~[na:na]
    	at org.gradle.api.internal.tasks.testing.worker.TestWorker.execute(TestWorker.java:103) ~[na:na]
    	at org.gradle.api.internal.tasks.testing.worker.TestWorker.execute(TestWorker.java:63) ~[na:na]
    	at org.gradle.process.internal.worker.child.ActionExecutionWorker.execute(ActionExecutionWorker.java:56) ~[na:na]
    	at org.gradle.process.internal.worker.child.SystemApplicationClassLoaderWorker.call(SystemApplicationClassLoaderWorker.java:122) ~[na:na]
    	at org.gradle.process.internal.worker.child.SystemApplicationClassLoaderWorker.call(SystemApplicationClassLoaderWorker.java:72) ~[na:na]
    	at worker.org.gradle.process.internal.worker.GradleWorkerMain.run(GradleWorkerMain.java:69) ~[gradle-worker.jar:na]
    	at worker.org.gradle.process.internal.worker.GradleWorkerMain.main(GradleWorkerMain.java:74) ~[gradle-worker.jar:na]
    Caused by: org.h2.jdbc.JdbcSQLSyntaxErrorException: Table "ROOM_RESERVATION" not found; SQL statement:

        alter table room_reservation 
           drop 
           foreign key FK5cxvnl0bhgnu598bndy [42102-232]
    	at org.h2.message.DbException.getJdbcSQLException(DbException.java:514) ~[h2-2.3.232.jar:2.3.232]
    	at org.h2.message.DbException.getJdbcSQLException(DbException.java:489) ~[h2-2.3.232.jar:2.3.232]
    	at org.h2.message.DbException.get(DbException.java:223) ~[h2-2.3.232.jar:2.3.232]
    	at org.h2.message.DbException.get(DbException.java:199) ~[h2-2.3.232.jar:2.3.232]
    	at org.h2.command.ddl.AlterTable.update(AlterTable.java:43) ~[h2-2.3.232.jar:2.3.232]
    	at org.h2.command.CommandContainer.update(CommandContainer.java:139) ~[h2-2.3.232.jar:2.3.232]
    	at org.h2.command.Command.executeUpdate(Command.java:304) ~[h2-2.3.232.jar:2.3.232]
    	at org.h2.command.Command.executeUpdate(Command.java:248) ~[h2-2.3.232.jar:2.3.232]
    	at org.h2.jdbc.JdbcStatement.executeInternal(JdbcStatement.java:262) ~[h2-2.3.232.jar:2.3.232]
    	at org.h2.jdbc.JdbcStatement.execute(JdbcStatement.java:231) ~[h2-2.3.232.jar:2.3.232]
    	at com.zaxxer.hikari.pool.ProxyStatement.execute(ProxyStatement.java:94) ~[HikariCP-5.1.0.jar:na]
    	at com.zaxxer.hikari.pool.HikariProxyStatement.execute(HikariProxyStatement.java) ~[HikariCP-5.1.0.jar:na]
    	at org.hibernate.tool.schema.internal.exec.GenerationTargetToDatabase.accept(GenerationTargetToDatabase.java:80) ~[hibernate-core-6.6.36.Final.jar:6.6.36.Final]
    	... 132 common frames omitted

    Hibernate: 
        alter table room_reservation 
           drop 
           foreign key FK19p6c3un3mbs7b7bxkcxk8xn2
    2025-12-18T20:07:03.180+09:00  WARN 20488 --- [reservation_system] [    Test worker] o.h.t.s.i.ExceptionHandlerLoggedImpl     : GenerationTarget encountered exception accepting command : Error executing DDL "
        alter table room_reservation 
           drop 
           foreign key FK19p6c3un3mbs7b7bxkcxk8xn2" via JDBC [Table "ROOM_RESERVATION" not found;]

    org.hibernate.tool.schema.spi.CommandAcceptanceException: Error executing DDL "
        alter table room_reservation 
           drop 
           foreign key FK19p6c3un3mbs7b7bxkcxk8xn2" via JDBC [Table "ROOM_RESERVATION" not found;]
    	at org.hibernate.tool.schema.internal.exec.GenerationTargetToDatabase.accept(GenerationTargetToDatabase.java:94) ~[hibernate-core-6.6.36.Final.jar:6.6.36.Final]
    	at org.hibernate.tool.schema.internal.Helper.applySqlString(Helper.java:233) ~[hibernate-core-6.6.36.Final.jar:6.6.36.Final]
    	at org.hibernate.tool.schema.internal.Helper.applySqlStrings(Helper.java:217) ~[hibernate-core-6.6.36.Final.jar:6.6.36.Final]
    	at org.hibernate.tool.schema.internal.SchemaDropperImpl.applyConstraintDropping(SchemaDropperImpl.java:479) ~[hibernate-core-6.6.36.Final.jar:6.6.36.Final]
    	at org.hibernate.tool.schema.internal.SchemaDropperImpl.dropConstraintsTablesSequences(SchemaDropperImpl.java:245) ~[hibernate-core-6.6.36.Final.jar:6.6.36.Final]
    	at org.hibernate.tool.schema.internal.SchemaDropperImpl.dropFromMetadata(SchemaDropperImpl.java:218) ~[hibernate-core-6.6.36.Final.jar:6.6.36.Final]
    	at org.hibernate.tool.schema.internal.SchemaDropperImpl.performDrop(SchemaDropperImpl.java:186) ~[hibernate-core-6.6.36.Final.jar:6.6.36.Final]
    	at org.hibernate.tool.schema.internal.SchemaDropperImpl.doDrop(SchemaDropperImpl.java:156) ~[hibernate-core-6.6.36.Final.jar:6.6.36.Final]
    	at org.hibernate.tool.schema.internal.SchemaDropperImpl.doDrop(SchemaDropperImpl.java:116) ~[hibernate-core-6.6.36.Final.jar:6.6.36.Final]
    	at org.hibernate.tool.schema.spi.SchemaManagementToolCoordinator.performDatabaseAction(SchemaManagementToolCoordinator.java:238) ~[hibernate-core-6.6.36.Final.jar:6.6.36.Final]
    	at org.hibernate.tool.schema.spi.SchemaManagementToolCoordinator.lambda$process$5(SchemaManagementToolCoordinator.java:144) ~[hibernate-core-6.6.36.Final.jar:6.6.36.Final]
    	at java.base/java.util.HashMap.forEach(HashMap.java:1429) ~[na:na]
    	at org.hibernate.tool.schema.spi.SchemaManagementToolCoordinator.process(SchemaManagementToolCoordinator.java:141) ~[hibernate-core-6.6.36.Final.jar:6.6.36.Final]
    	at org.hibernate.boot.internal.SessionFactoryObserverForSchemaExport.sessionFactoryCreated(SessionFactoryObserverForSchemaExport.java:37) ~[hibernate-core-6.6.36.Final.jar:6.6.36.Final]
    	at org.hibernate.internal.SessionFactoryObserverChain.sessionFactoryCreated(SessionFactoryObserverChain.java:35) ~[hibernate-core-6.6.36.Final.jar:6.6.36.Final]
    	at org.hibernate.internal.SessionFactoryImpl.<init>(SessionFactoryImpl.java:324) ~[hibernate-core-6.6.36.Final.jar:6.6.36.Final]
    	at org.hibernate.boot.internal.SessionFactoryBuilderImpl.build(SessionFactoryBuilderImpl.java:463) ~[hibernate-core-6.6.36.Final.jar:6.6.36.Final]
    	at org.hibernate.jpa.boot.internal.EntityManagerFactoryBuilderImpl.build(EntityManagerFactoryBuilderImpl.java:1517) ~[hibernate-core-6.6.36.Final.jar:6.6.36.Final]
    	at org.springframework.orm.jpa.vendor.SpringHibernateJpaPersistenceProvider.createContainerEntityManagerFactory(SpringHibernateJpaPersistenceProvider.java:66) ~[spring-orm-6.2.14.jar:6.2.14]
    	at org.springframework.orm.jpa.LocalContainerEntityManagerFactoryBean.createNativeEntityManagerFactory(LocalContainerEntityManagerFactoryBean.java:390) ~[spring-orm-6.2.14.jar:6.2.14]
    	at org.springframework.orm.jpa.AbstractEntityManagerFactoryBean.buildNativeEntityManagerFactory(AbstractEntityManagerFactoryBean.java:419) ~[spring-orm-6.2.14.jar:6.2.14]
    	at org.springframework.orm.jpa.AbstractEntityManagerFactoryBean.afterPropertiesSet(AbstractEntityManagerFactoryBean.java:400) ~[spring-orm-6.2.14.jar:6.2.14]
    	at org.springframework.orm.jpa.LocalContainerEntityManagerFactoryBean.afterPropertiesSet(LocalContainerEntityManagerFactoryBean.java:366) ~[spring-orm-6.2.14.jar:6.2.14]
    	at org.springframework.beans.factory.support.AbstractAutowireCapableBeanFactory.invokeInitMethods(AbstractAutowireCapableBeanFactory.java:1873) ~[spring-beans-6.2.14.jar:6.2.14]
    	at org.springframework.beans.factory.support.AbstractAutowireCapableBeanFactory.initializeBean(AbstractAutowireCapableBeanFactory.java:1822) ~[spring-beans-6.2.14.jar:6.2.14]
    	at org.springframework.beans.factory.support.AbstractAutowireCapableBeanFactory.doCreateBean(AbstractAutowireCapableBeanFactory.java:607) ~[spring-beans-6.2.14.jar:6.2.14]
    	at org.springframework.beans.factory.support.AbstractAutowireCapableBeanFactory.createBean(AbstractAutowireCapableBeanFactory.java:529) ~[spring-beans-6.2.14.jar:6.2.14]
    	at org.springframework.beans.factory.support.AbstractBeanFactory.lambda$doGetBean$0(AbstractBeanFactory.java:339) ~[spring-beans-6.2.14.jar:6.2.14]
    	at org.springframework.beans.factory.support.DefaultSingletonBeanRegistry.getSingleton(DefaultSingletonBeanRegistry.java:373) ~[spring-beans-6.2.14.jar:6.2.14]
    	at org.springframework.beans.factory.support.AbstractBeanFactory.doGetBean(AbstractBeanFactory.java:337) ~[spring-beans-6.2.14.jar:6.2.14]
    	at org.springframework.beans.factory.support.AbstractBeanFactory.getBean(AbstractBeanFactory.java:207) ~[spring-beans-6.2.14.jar:6.2.14]
    	at org.springframework.context.support.AbstractApplicationContext.finishBeanFactoryInitialization(AbstractApplicationContext.java:973) ~[spring-context-6.2.14.jar:6.2.14]
    	at org.springframework.context.support.AbstractApplicationContext.refresh(AbstractApplicationContext.java:627) ~[spring-context-6.2.14.jar:6.2.14]
    	at org.springframework.boot.SpringApplication.refresh(SpringApplication.java:752) ~[spring-boot-3.4.12.jar:3.4.12]
    	at org.springframework.boot.SpringApplication.refreshContext(SpringApplication.java:439) ~[spring-boot-3.4.12.jar:3.4.12]
    	at org.springframework.boot.SpringApplication.run(SpringApplication.java:318) ~[spring-boot-3.4.12.jar:3.4.12]
    	at org.springframework.boot.test.context.SpringBootContextLoader.lambda$loadContext$3(SpringBootContextLoader.java:144) ~[spring-boot-test-3.4.12.jar:3.4.12]
    	at org.springframework.util.function.ThrowingSupplier.get(ThrowingSupplier.java:58) ~[spring-core-6.2.14.jar:6.2.14]
    	at org.springframework.util.function.ThrowingSupplier.get(ThrowingSupplier.java:46) ~[spring-core-6.2.14.jar:6.2.14]
    	at org.springframework.boot.SpringApplication.withHook(SpringApplication.java:1461) ~[spring-boot-3.4.12.jar:3.4.12]
    	at org.springframework.boot.test.context.SpringBootContextLoader$ContextLoaderHook.run(SpringBootContextLoader.java:563) ~[spring-boot-test-3.4.12.jar:3.4.12]
    	at org.springframework.boot.test.context.SpringBootContextLoader.loadContext(SpringBootContextLoader.java:144) ~[spring-boot-test-3.4.12.jar:3.4.12]
    	at org.springframework.boot.test.context.SpringBootContextLoader.loadContext(SpringBootContextLoader.java:110) ~[spring-boot-test-3.4.12.jar:3.4.12]
    	at org.springframework.test.context.cache.DefaultCacheAwareContextLoaderDelegate.loadContextInternal(DefaultCacheAwareContextLoaderDelegate.java:225) ~[spring-test-6.2.14.jar:6.2.14]
    	at org.springframework.test.context.cache.DefaultCacheAwareContextLoaderDelegate.loadContext(DefaultCacheAwareContextLoaderDelegate.java:152) ~[spring-test-6.2.14.jar:6.2.14]
    	at org.springframework.test.context.support.DefaultTestContext.getApplicationContext(DefaultTestContext.java:130) ~[spring-test-6.2.14.jar:6.2.14]
    	at org.springframework.test.context.web.ServletTestExecutionListener.setUpRequestContextIfNecessary(ServletTestExecutionListener.java:200) ~[spring-test-6.2.14.jar:6.2.14]
    	at org.springframework.test.context.web.ServletTestExecutionListener.prepareTestInstance(ServletTestExecutionListener.java:139) ~[spring-test-6.2.14.jar:6.2.14]
    	at org.springframework.test.context.TestContextManager.prepareTestInstance(TestContextManager.java:260) ~[spring-test-6.2.14.jar:6.2.14]
    	at org.springframework.test.context.junit.jupiter.SpringExtension.postProcessTestInstance(SpringExtension.java:159) ~[spring-test-6.2.14.jar:6.2.14]
    	at org.junit.jupiter.engine.descriptor.ClassBasedTestDescriptor.lambda$invokeTestInstancePostProcessors$11(ClassBasedTestDescriptor.java:378) ~[junit-jupiter-engine-5.11.4.jar:5.11.4]
    	at org.junit.jupiter.engine.descriptor.ClassBasedTestDescriptor.executeAndMaskThrowable(ClassBasedTestDescriptor.java:383) ~[junit-jupiter-engine-5.11.4.jar:5.11.4]
    	at org.junit.jupiter.engine.descriptor.ClassBasedTestDescriptor.lambda$invokeTestInstancePostProcessors$12(ClassBasedTestDescriptor.java:378) ~[junit-jupiter-engine-5.11.4.jar:5.11.4]
    	at java.base/java.util.stream.ForEachOps$ForEachOp$OfRef.accept(ForEachOps.java:184) ~[na:na]
    	at java.base/java.util.stream.ReferencePipeline$3$1.accept(ReferencePipeline.java:197) ~[na:na]
    	at java.base/java.util.stream.ReferencePipeline$2$1.accept(ReferencePipeline.java:179) ~[na:na]
    	at java.base/java.util.stream.ReferencePipeline$3$1.accept(ReferencePipeline.java:197) ~[na:na]
    	at java.base/java.util.ArrayList$ArrayListSpliterator.forEachRemaining(ArrayList.java:1708) ~[na:na]
    	at java.base/java.util.stream.AbstractPipeline.copyInto(AbstractPipeline.java:509) ~[na:na]
    	at java.base/java.util.stream.AbstractPipeline.wrapAndCopyInto(AbstractPipeline.java:499) ~[na:na]
    	at java.base/java.util.stream.ForEachOps$ForEachOp.evaluateSequential(ForEachOps.java:151) ~[na:na]
    	at java.base/java.util.stream.ForEachOps$ForEachOp$OfRef.evaluateSequential(ForEachOps.java:174) ~[na:na]
    	at java.base/java.util.stream.AbstractPipeline.evaluate(AbstractPipeline.java:234) ~[na:na]
    	at java.base/java.util.stream.ReferencePipeline.forEach(ReferencePipeline.java:596) ~[na:na]
    	at org.junit.jupiter.engine.descriptor.ClassBasedTestDescriptor.invokeTestInstancePostProcessors(ClassBasedTestDescriptor.java:377) ~[junit-jupiter-engine-5.11.4.jar:5.11.4]
    	at org.junit.jupiter.engine.descriptor.ClassBasedTestDescriptor.lambda$instantiateAndPostProcessTestInstance$7(ClassBasedTestDescriptor.java:290) ~[junit-jupiter-engine-5.11.4.jar:5.11.4]
    	at org.junit.platform.engine.support.hierarchical.ThrowableCollector.execute(ThrowableCollector.java:73) ~[junit-platform-engine-1.11.4.jar:1.11.4]
    	at org.junit.jupiter.engine.descriptor.ClassBasedTestDescriptor.instantiateAndPostProcessTestInstance(ClassBasedTestDescriptor.java:289) ~[junit-jupiter-engine-5.11.4.jar:5.11.4]
    	at org.junit.jupiter.engine.descriptor.ClassBasedTestDescriptor.lambda$testInstancesProvider$5(ClassBasedTestDescriptor.java:279) ~[junit-jupiter-engine-5.11.4.jar:5.11.4]
    	at java.base/java.util.Optional.orElseGet(Optional.java:364) ~[na:na]
    	at org.junit.jupiter.engine.descriptor.ClassBasedTestDescriptor.lambda$testInstancesProvider$6(ClassBasedTestDescriptor.java:278) ~[junit-jupiter-engine-5.11.4.jar:5.11.4]
    	at org.junit.jupiter.engine.execution.TestInstancesProvider.getTestInstances(TestInstancesProvider.java:31) ~[junit-jupiter-engine-5.11.4.jar:5.11.4]
    	at org.junit.jupiter.engine.descriptor.TestMethodTestDescriptor.lambda$prepare$1(TestMethodTestDescriptor.java:105) ~[junit-jupiter-engine-5.11.4.jar:5.11.4]
    	at org.junit.platform.engine.support.hierarchical.ThrowableCollector.execute(ThrowableCollector.java:73) ~[junit-platform-engine-1.11.4.jar:1.11.4]
    	at org.junit.jupiter.engine.descriptor.TestMethodTestDescriptor.prepare(TestMethodTestDescriptor.java:104) ~[junit-jupiter-engine-5.11.4.jar:5.11.4]
    	at org.junit.jupiter.engine.descriptor.TestMethodTestDescriptor.prepare(TestMethodTestDescriptor.java:68) ~[junit-jupiter-engine-5.11.4.jar:5.11.4]
    	at org.junit.platform.engine.support.hierarchical.NodeTestTask.lambda$prepare$2(NodeTestTask.java:128) ~[junit-platform-engine-1.11.4.jar:1.11.4]
    	at org.junit.platform.engine.support.hierarchical.ThrowableCollector.execute(ThrowableCollector.java:73) ~[junit-platform-engine-1.11.4.jar:1.11.4]
    	at org.junit.platform.engine.support.hierarchical.NodeTestTask.prepare(NodeTestTask.java:128) ~[junit-platform-engine-1.11.4.jar:1.11.4]
    	at org.junit.platform.engine.support.hierarchical.NodeTestTask.execute(NodeTestTask.java:95) ~[junit-platform-engine-1.11.4.jar:1.11.4]
    	at java.base/java.util.ArrayList.forEach(ArrayList.java:1596) ~[na:na]
    	at org.junit.platform.engine.support.hierarchical.SameThreadHierarchicalTestExecutorService.invokeAll(SameThreadHierarchicalTestExecutorService.java:41) ~[junit-platform-engine-1.11.4.jar:1.11.4]
    	at org.junit.platform.engine.support.hierarchical.NodeTestTask.lambda$executeRecursively$6(NodeTestTask.java:160) ~[junit-platform-engine-1.11.4.jar:1.11.4]
    	at org.junit.platform.engine.support.hierarchical.ThrowableCollector.execute(ThrowableCollector.java:73) ~[junit-platform-engine-1.11.4.jar:1.11.4]
    	at org.junit.platform.engine.support.hierarchical.NodeTestTask.lambda$executeRecursively$8(NodeTestTask.java:146) ~[junit-platform-engine-1.11.4.jar:1.11.4]
    	at org.junit.platform.engine.support.hierarchical.Node.around(Node.java:137) ~[junit-platform-engine-1.11.4.jar:1.11.4]
    	at org.junit.platform.engine.support.hierarchical.NodeTestTask.lambda$executeRecursively$9(NodeTestTask.java:144) ~[junit-platform-engine-1.11.4.jar:1.11.4]
    	at org.junit.platform.engine.support.hierarchical.ThrowableCollector.execute(ThrowableCollector.java:73) ~[junit-platform-engine-1.11.4.jar:1.11.4]
    	at org.junit.platform.engine.support.hierarchical.NodeTestTask.executeRecursively(NodeTestTask.java:143) ~[junit-platform-engine-1.11.4.jar:1.11.4]
    	at org.junit.platform.engine.support.hierarchical.NodeTestTask.execute(NodeTestTask.java:100) ~[junit-platform-engine-1.11.4.jar:1.11.4]
    	at java.base/java.util.ArrayList.forEach(ArrayList.java:1596) ~[na:na]
    	at org.junit.platform.engine.support.hierarchical.SameThreadHierarchicalTestExecutorService.invokeAll(SameThreadHierarchicalTestExecutorService.java:41) ~[junit-platform-engine-1.11.4.jar:1.11.4]
    	at org.junit.platform.engine.support.hierarchical.NodeTestTask.lambda$executeRecursively$6(NodeTestTask.java:160) ~[junit-platform-engine-1.11.4.jar:1.11.4]
    	at org.junit.platform.engine.support.hierarchical.ThrowableCollector.execute(ThrowableCollector.java:73) ~[junit-platform-engine-1.11.4.jar:1.11.4]
    	at org.junit.platform.engine.support.hierarchical.NodeTestTask.lambda$executeRecursively$8(NodeTestTask.java:146) ~[junit-platform-engine-1.11.4.jar:1.11.4]
    	at org.junit.platform.engine.support.hierarchical.Node.around(Node.java:137) ~[junit-platform-engine-1.11.4.jar:1.11.4]
    	at org.junit.platform.engine.support.hierarchical.NodeTestTask.lambda$executeRecursively$9(NodeTestTask.java:144) ~[junit-platform-engine-1.11.4.jar:1.11.4]
    	at org.junit.platform.engine.support.hierarchical.ThrowableCollector.execute(ThrowableCollector.java:73) ~[junit-platform-engine-1.11.4.jar:1.11.4]
    	at org.junit.platform.engine.support.hierarchical.NodeTestTask.executeRecursively(NodeTestTask.java:143) ~[junit-platform-engine-1.11.4.jar:1.11.4]
    	at org.junit.platform.engine.support.hierarchical.NodeTestTask.execute(NodeTestTask.java:100) ~[junit-platform-engine-1.11.4.jar:1.11.4]
    	at org.junit.platform.engine.support.hierarchical.SameThreadHierarchicalTestExecutorService.submit(SameThreadHierarchicalTestExecutorService.java:35) ~[junit-platform-engine-1.11.4.jar:1.11.4]
    	at org.junit.platform.engine.support.hierarchical.HierarchicalTestExecutor.execute(HierarchicalTestExecutor.java:57) ~[junit-platform-engine-1.11.4.jar:1.11.4]
    	at org.junit.platform.engine.support.hierarchical.HierarchicalTestEngine.execute(HierarchicalTestEngine.java:54) ~[junit-platform-engine-1.11.4.jar:1.11.4]
    	at org.junit.platform.launcher.core.EngineExecutionOrchestrator.execute(EngineExecutionOrchestrator.java:198) ~[junit-platform-launcher-1.11.4.jar:1.11.4]
    	at org.junit.platform.launcher.core.EngineExecutionOrchestrator.execute(EngineExecutionOrchestrator.java:169) ~[junit-platform-launcher-1.11.4.jar:1.11.4]
    	at org.junit.platform.launcher.core.EngineExecutionOrchestrator.execute(EngineExecutionOrchestrator.java:93) ~[junit-platform-launcher-1.11.4.jar:1.11.4]
    	at org.junit.platform.launcher.core.EngineExecutionOrchestrator.lambda$execute$0(EngineExecutionOrchestrator.java:58) ~[junit-platform-launcher-1.11.4.jar:1.11.4]
    	at org.junit.platform.launcher.core.EngineExecutionOrchestrator.withInterceptedStreams(EngineExecutionOrchestrator.java:141) ~[junit-platform-launcher-1.11.4.jar:1.11.4]
    	at org.junit.platform.launcher.core.EngineExecutionOrchestrator.execute(EngineExecutionOrchestrator.java:57) ~[junit-platform-launcher-1.11.4.jar:1.11.4]
    	at org.junit.platform.launcher.core.DefaultLauncher.execute(DefaultLauncher.java:103) ~[junit-platform-launcher-1.11.4.jar:1.11.4]
    	at org.junit.platform.launcher.core.DefaultLauncher.execute(DefaultLauncher.java:85) ~[junit-platform-launcher-1.11.4.jar:1.11.4]
    	at org.junit.platform.launcher.core.DelegatingLauncher.execute(DelegatingLauncher.java:47) ~[junit-platform-launcher-1.11.4.jar:1.11.4]
    	at org.gradle.api.internal.tasks.testing.junitplatform.JUnitPlatformTestClassProcessor$CollectAllTestClassesExecutor.processAllTestClasses(JUnitPlatformTestClassProcessor.java:135) ~[na:na]
    	at org.gradle.api.internal.tasks.testing.junitplatform.JUnitPlatformTestClassProcessor$CollectAllTestClassesExecutor.access$000(JUnitPlatformTestClassProcessor.java:110) ~[na:na]
    	at org.gradle.api.internal.tasks.testing.junitplatform.JUnitPlatformTestClassProcessor.stop(JUnitPlatformTestClassProcessor.java:104) ~[na:na]
    	at org.gradle.api.internal.tasks.testing.SuiteTestClassProcessor.stop(SuiteTestClassProcessor.java:64) ~[na:na]
    	at java.base/jdk.internal.reflect.DirectMethodHandleAccessor.invoke(DirectMethodHandleAccessor.java:103) ~[na:na]
    	at java.base/java.lang.reflect.Method.invoke(Method.java:580) ~[na:na]
    	at org.gradle.internal.dispatch.MethodInvocation.invokeOn(MethodInvocation.java:77) ~[na:na]
    	at org.gradle.internal.dispatch.ReflectionDispatch.dispatch(ReflectionDispatch.java:28) ~[na:na]
    	at org.gradle.internal.dispatch.ReflectionDispatch.dispatch(ReflectionDispatch.java:19) ~[na:na]
    	at org.gradle.internal.dispatch.ContextClassLoaderDispatch.dispatch(ContextClassLoaderDispatch.java:33) ~[na:na]
    	at org.gradle.internal.dispatch.ProxyDispatchAdapter$DispatchingInvocationHandler.invoke(ProxyDispatchAdapter.java:88) ~[na:na]
    	at jdk.proxy1/jdk.proxy1.$Proxy4.stop(Unknown Source) ~[na:na]
    	at org.gradle.api.internal.tasks.testing.worker.TestWorker$3.run(TestWorker.java:194) ~[na:na]
    	at org.gradle.api.internal.tasks.testing.worker.TestWorker.executeAndMaintainThreadName(TestWorker.java:126) ~[na:na]
    	at org.gradle.api.internal.tasks.testing.worker.TestWorker.execute(TestWorker.java:103) ~[na:na]
    	at org.gradle.api.internal.tasks.testing.worker.TestWorker.execute(TestWorker.java:63) ~[na:na]
    	at org.gradle.process.internal.worker.child.ActionExecutionWorker.execute(ActionExecutionWorker.java:56) ~[na:na]
    	at org.gradle.process.internal.worker.child.SystemApplicationClassLoaderWorker.call(SystemApplicationClassLoaderWorker.java:122) ~[na:na]
    	at org.gradle.process.internal.worker.child.SystemApplicationClassLoaderWorker.call(SystemApplicationClassLoaderWorker.java:72) ~[na:na]
    	at worker.org.gradle.process.internal.worker.GradleWorkerMain.run(GradleWorkerMain.java:69) ~[gradle-worker.jar:na]
    	at worker.org.gradle.process.internal.worker.GradleWorkerMain.main(GradleWorkerMain.java:74) ~[gradle-worker.jar:na]
    Caused by: org.h2.jdbc.JdbcSQLSyntaxErrorException: Table "ROOM_RESERVATION" not found; SQL statement:

        alter table room_reservation 
           drop 
           foreign key FK19p6c3un3mbs7b7bxkc [42102-232]
    	at org.h2.message.DbException.getJdbcSQLException(DbException.java:514) ~[h2-2.3.232.jar:2.3.232]
    	at org.h2.message.DbException.getJdbcSQLException(DbException.java:489) ~[h2-2.3.232.jar:2.3.232]
    	at org.h2.message.DbException.get(DbException.java:223) ~[h2-2.3.232.jar:2.3.232]
    	at org.h2.message.DbException.get(DbException.java:199) ~[h2-2.3.232.jar:2.3.232]
    	at org.h2.command.ddl.AlterTable.update(AlterTable.java:43) ~[h2-2.3.232.jar:2.3.232]
    	at org.h2.command.CommandContainer.update(CommandContainer.java:139) ~[h2-2.3.232.jar:2.3.232]
    	at org.h2.command.Command.executeUpdate(Command.java:304) ~[h2-2.3.232.jar:2.3.232]
    	at org.h2.command.Command.executeUpdate(Command.java:248) ~[h2-2.3.232.jar:2.3.232]
    	at org.h2.jdbc.JdbcStatement.executeInternal(JdbcStatement.java:262) ~[h2-2.3.232.jar:2.3.232]
    	at org.h2.jdbc.JdbcStatement.execute(JdbcStatement.java:231) ~[h2-2.3.232.jar:2.3.232]
    	at com.zaxxer.hikari.pool.ProxyStatement.execute(ProxyStatement.java:94) ~[HikariCP-5.1.0.jar:na]
    	at com.zaxxer.hikari.pool.HikariProxyStatement.execute(HikariProxyStatement.java) ~[HikariCP-5.1.0.jar:na]
    	at org.hibernate.tool.schema.internal.exec.GenerationTargetToDatabase.accept(GenerationTargetToDatabase.java:80) ~[hibernate-core-6.6.36.Final.jar:6.6.36.Final]
    	... 132 common frames omitted

    Hibernate: 
        alter table room_reservation_participant 
           drop 
           foreign key FK3aeb051qtm3730e94jxs1ry1c
    2025-12-18T20:07:03.185+09:00  WARN 20488 --- [reservation_system] [    Test worker] o.h.t.s.i.ExceptionHandlerLoggedImpl     : GenerationTarget encountered exception accepting command : Error executing DDL "
        alter table room_reservation_participant 
           drop 
           foreign key FK3aeb051qtm3730e94jxs1ry1c" via JDBC [Table "ROOM_RESERVATION_PARTICIPANT" not found;]

    org.hibernate.tool.schema.spi.CommandAcceptanceException: Error executing DDL "
        alter table room_reservation_participant 
           drop 
           foreign key FK3aeb051qtm3730e94jxs1ry1c" via JDBC [Table "ROOM_RESERVATION_PARTICIPANT" not found;]
    	at org.hibernate.tool.schema.internal.exec.GenerationTargetToDatabase.accept(GenerationTargetToDatabase.java:94) ~[hibernate-core-6.6.36.Final.jar:6.6.36.Final]
    	at org.hibernate.tool.schema.internal.Helper.applySqlString(Helper.java:233) ~[hibernate-core-6.6.36.Final.jar:6.6.36.Final]
    	at org.hibernate.tool.schema.internal.Helper.applySqlStrings(Helper.java:217) ~[hibernate-core-6.6.36.Final.jar:6.6.36.Final]
    	at org.hibernate.tool.schema.internal.SchemaDropperImpl.applyConstraintDropping(SchemaDropperImpl.java:479) ~[hibernate-core-6.6.36.Final.jar:6.6.36.Final]
    	at org.hibernate.tool.schema.internal.SchemaDropperImpl.dropConstraintsTablesSequences(SchemaDropperImpl.java:245) ~[hibernate-core-6.6.36.Final.jar:6.6.36.Final]
    	at org.hibernate.tool.schema.internal.SchemaDropperImpl.dropFromMetadata(SchemaDropperImpl.java:218) ~[hibernate-core-6.6.36.Final.jar:6.6.36.Final]
    	at org.hibernate.tool.schema.internal.SchemaDropperImpl.performDrop(SchemaDropperImpl.java:186) ~[hibernate-core-6.6.36.Final.jar:6.6.36.Final]
    	at org.hibernate.tool.schema.internal.SchemaDropperImpl.doDrop(SchemaDropperImpl.java:156) ~[hibernate-core-6.6.36.Final.jar:6.6.36.Final]
    	at org.hibernate.tool.schema.internal.SchemaDropperImpl.doDrop(SchemaDropperImpl.java:116) ~[hibernate-core-6.6.36.Final.jar:6.6.36.Final]
    	at org.hibernate.tool.schema.spi.SchemaManagementToolCoordinator.performDatabaseAction(SchemaManagementToolCoordinator.java:238) ~[hibernate-core-6.6.36.Final.jar:6.6.36.Final]
    	at org.hibernate.tool.schema.spi.SchemaManagementToolCoordinator.lambda$process$5(SchemaManagementToolCoordinator.java:144) ~[hibernate-core-6.6.36.Final.jar:6.6.36.Final]
    	at java.base/java.util.HashMap.forEach(HashMap.java:1429) ~[na:na]
    	at org.hibernate.tool.schema.spi.SchemaManagementToolCoordinator.process(SchemaManagementToolCoordinator.java:141) ~[hibernate-core-6.6.36.Final.jar:6.6.36.Final]
    	at org.hibernate.boot.internal.SessionFactoryObserverForSchemaExport.sessionFactoryCreated(SessionFactoryObserverForSchemaExport.java:37) ~[hibernate-core-6.6.36.Final.jar:6.6.36.Final]
    	at org.hibernate.internal.SessionFactoryObserverChain.sessionFactoryCreated(SessionFactoryObserverChain.java:35) ~[hibernate-core-6.6.36.Final.jar:6.6.36.Final]
    	at org.hibernate.internal.SessionFactoryImpl.<init>(SessionFactoryImpl.java:324) ~[hibernate-core-6.6.36.Final.jar:6.6.36.Final]
    	at org.hibernate.boot.internal.SessionFactoryBuilderImpl.build(SessionFactoryBuilderImpl.java:463) ~[hibernate-core-6.6.36.Final.jar:6.6.36.Final]
    	at org.hibernate.jpa.boot.internal.EntityManagerFactoryBuilderImpl.build(EntityManagerFactoryBuilderImpl.java:1517) ~[hibernate-core-6.6.36.Final.jar:6.6.36.Final]
    	at org.springframework.orm.jpa.vendor.SpringHibernateJpaPersistenceProvider.createContainerEntityManagerFactory(SpringHibernateJpaPersistenceProvider.java:66) ~[spring-orm-6.2.14.jar:6.2.14]
    	at org.springframework.orm.jpa.LocalContainerEntityManagerFactoryBean.createNativeEntityManagerFactory(LocalContainerEntityManagerFactoryBean.java:390) ~[spring-orm-6.2.14.jar:6.2.14]
    	at org.springframework.orm.jpa.AbstractEntityManagerFactoryBean.buildNativeEntityManagerFactory(AbstractEntityManagerFactoryBean.java:419) ~[spring-orm-6.2.14.jar:6.2.14]
    	at org.springframework.orm.jpa.AbstractEntityManagerFactoryBean.afterPropertiesSet(AbstractEntityManagerFactoryBean.java:400) ~[spring-orm-6.2.14.jar:6.2.14]
    	at org.springframework.orm.jpa.LocalContainerEntityManagerFactoryBean.afterPropertiesSet(LocalContainerEntityManagerFactoryBean.java:366) ~[spring-orm-6.2.14.jar:6.2.14]
    	at org.springframework.beans.factory.support.AbstractAutowireCapableBeanFactory.invokeInitMethods(AbstractAutowireCapableBeanFactory.java:1873) ~[spring-beans-6.2.14.jar:6.2.14]
    	at org.springframework.beans.factory.support.AbstractAutowireCapableBeanFactory.initializeBean(AbstractAutowireCapableBeanFactory.java:1822) ~[spring-beans-6.2.14.jar:6.2.14]
    	at org.springframework.beans.factory.support.AbstractAutowireCapableBeanFactory.doCreateBean(AbstractAutowireCapableBeanFactory.java:607) ~[spring-beans-6.2.14.jar:6.2.14]
    	at org.springframework.beans.factory.support.AbstractAutowireCapableBeanFactory.createBean(AbstractAutowireCapableBeanFactory.java:529) ~[spring-beans-6.2.14.jar:6.2.14]
    	at org.springframework.beans.factory.support.AbstractBeanFactory.lambda$doGetBean$0(AbstractBeanFactory.java:339) ~[spring-beans-6.2.14.jar:6.2.14]
    	at org.springframework.beans.factory.support.DefaultSingletonBeanRegistry.getSingleton(DefaultSingletonBeanRegistry.java:373) ~[spring-beans-6.2.14.jar:6.2.14]
    	at org.springframework.beans.factory.support.AbstractBeanFactory.doGetBean(AbstractBeanFactory.java:337) ~[spring-beans-6.2.14.jar:6.2.14]
    	at org.springframework.beans.factory.support.AbstractBeanFactory.getBean(AbstractBeanFactory.java:207) ~[spring-beans-6.2.14.jar:6.2.14]
    	at org.springframework.context.support.AbstractApplicationContext.finishBeanFactoryInitialization(AbstractApplicationContext.java:973) ~[spring-context-6.2.14.jar:6.2.14]
    	at org.springframework.context.support.AbstractApplicationContext.refresh(AbstractApplicationContext.java:627) ~[spring-context-6.2.14.jar:6.2.14]
    	at org.springframework.boot.SpringApplication.refresh(SpringApplication.java:752) ~[spring-boot-3.4.12.jar:3.4.12]
    	at org.springframework.boot.SpringApplication.refreshContext(SpringApplication.java:439) ~[spring-boot-3.4.12.jar:3.4.12]
    	at org.springframework.boot.SpringApplication.run(SpringApplication.java:318) ~[spring-boot-3.4.12.jar:3.4.12]
    	at org.springframework.boot.test.context.SpringBootContextLoader.lambda$loadContext$3(SpringBootContextLoader.java:144) ~[spring-boot-test-3.4.12.jar:3.4.12]
    	at org.springframework.util.function.ThrowingSupplier.get(ThrowingSupplier.java:58) ~[spring-core-6.2.14.jar:6.2.14]
    	at org.springframework.util.function.ThrowingSupplier.get(ThrowingSupplier.java:46) ~[spring-core-6.2.14.jar:6.2.14]
    	at org.springframework.boot.SpringApplication.withHook(SpringApplication.java:1461) ~[spring-boot-3.4.12.jar:3.4.12]
    	at org.springframework.boot.test.context.SpringBootContextLoader$ContextLoaderHook.run(SpringBootContextLoader.java:563) ~[spring-boot-test-3.4.12.jar:3.4.12]
    	at org.springframework.boot.test.context.SpringBootContextLoader.loadContext(SpringBootContextLoader.java:144) ~[spring-boot-test-3.4.12.jar:3.4.12]
    	at org.springframework.boot.test.context.SpringBootContextLoader.loadContext(SpringBootContextLoader.java:110) ~[spring-boot-test-3.4.12.jar:3.4.12]
    	at org.springframework.test.context.cache.DefaultCacheAwareContextLoaderDelegate.loadContextInternal(DefaultCacheAwareContextLoaderDelegate.java:225) ~[spring-test-6.2.14.jar:6.2.14]
    	at org.springframework.test.context.cache.DefaultCacheAwareContextLoaderDelegate.loadContext(DefaultCacheAwareContextLoaderDelegate.java:152) ~[spring-test-6.2.14.jar:6.2.14]
    	at org.springframework.test.context.support.DefaultTestContext.getApplicationContext(DefaultTestContext.java:130) ~[spring-test-6.2.14.jar:6.2.14]
    	at org.springframework.test.context.web.ServletTestExecutionListener.setUpRequestContextIfNecessary(ServletTestExecutionListener.java:200) ~[spring-test-6.2.14.jar:6.2.14]
    	at org.springframework.test.context.web.ServletTestExecutionListener.prepareTestInstance(ServletTestExecutionListener.java:139) ~[spring-test-6.2.14.jar:6.2.14]
    	at org.springframework.test.context.TestContextManager.prepareTestInstance(TestContextManager.java:260) ~[spring-test-6.2.14.jar:6.2.14]
    	at org.springframework.test.context.junit.jupiter.SpringExtension.postProcessTestInstance(SpringExtension.java:159) ~[spring-test-6.2.14.jar:6.2.14]
    	at org.junit.jupiter.engine.descriptor.ClassBasedTestDescriptor.lambda$invokeTestInstancePostProcessors$11(ClassBasedTestDescriptor.java:378) ~[junit-jupiter-engine-5.11.4.jar:5.11.4]
    	at org.junit.jupiter.engine.descriptor.ClassBasedTestDescriptor.executeAndMaskThrowable(ClassBasedTestDescriptor.java:383) ~[junit-jupiter-engine-5.11.4.jar:5.11.4]
    	at org.junit.jupiter.engine.descriptor.ClassBasedTestDescriptor.lambda$invokeTestInstancePostProcessors$12(ClassBasedTestDescriptor.java:378) ~[junit-jupiter-engine-5.11.4.jar:5.11.4]
    	at java.base/java.util.stream.ForEachOps$ForEachOp$OfRef.accept(ForEachOps.java:184) ~[na:na]
    	at java.base/java.util.stream.ReferencePipeline$3$1.accept(ReferencePipeline.java:197) ~[na:na]
    	at java.base/java.util.stream.ReferencePipeline$2$1.accept(ReferencePipeline.java:179) ~[na:na]
    	at java.base/java.util.stream.ReferencePipeline$3$1.accept(ReferencePipeline.java:197) ~[na:na]
    	at java.base/java.util.ArrayList$ArrayListSpliterator.forEachRemaining(ArrayList.java:1708) ~[na:na]
    	at java.base/java.util.stream.AbstractPipeline.copyInto(AbstractPipeline.java:509) ~[na:na]
    	at java.base/java.util.stream.AbstractPipeline.wrapAndCopyInto(AbstractPipeline.java:499) ~[na:na]
    	at java.base/java.util.stream.ForEachOps$ForEachOp.evaluateSequential(ForEachOps.java:151) ~[na:na]
    	at java.base/java.util.stream.ForEachOps$ForEachOp$OfRef.evaluateSequential(ForEachOps.java:174) ~[na:na]
    	at java.base/java.util.stream.AbstractPipeline.evaluate(AbstractPipeline.java:234) ~[na:na]
    	at java.base/java.util.stream.ReferencePipeline.forEach(ReferencePipeline.java:596) ~[na:na]
    	at org.junit.jupiter.engine.descriptor.ClassBasedTestDescriptor.invokeTestInstancePostProcessors(ClassBasedTestDescriptor.java:377) ~[junit-jupiter-engine-5.11.4.jar:5.11.4]
    	at org.junit.jupiter.engine.descriptor.ClassBasedTestDescriptor.lambda$instantiateAndPostProcessTestInstance$7(ClassBasedTestDescriptor.java:290) ~[junit-jupiter-engine-5.11.4.jar:5.11.4]
    	at org.junit.platform.engine.support.hierarchical.ThrowableCollector.execute(ThrowableCollector.java:73) ~[junit-platform-engine-1.11.4.jar:1.11.4]
    	at org.junit.jupiter.engine.descriptor.ClassBasedTestDescriptor.instantiateAndPostProcessTestInstance(ClassBasedTestDescriptor.java:289) ~[junit-jupiter-engine-5.11.4.jar:5.11.4]
    	at org.junit.jupiter.engine.descriptor.ClassBasedTestDescriptor.lambda$testInstancesProvider$5(ClassBasedTestDescriptor.java:279) ~[junit-jupiter-engine-5.11.4.jar:5.11.4]
    	at java.base/java.util.Optional.orElseGet(Optional.java:364) ~[na:na]
    	at org.junit.jupiter.engine.descriptor.ClassBasedTestDescriptor.lambda$testInstancesProvider$6(ClassBasedTestDescriptor.java:278) ~[junit-jupiter-engine-5.11.4.jar:5.11.4]
    	at org.junit.jupiter.engine.execution.TestInstancesProvider.getTestInstances(TestInstancesProvider.java:31) ~[junit-jupiter-engine-5.11.4.jar:5.11.4]
    	at org.junit.jupiter.engine.descriptor.TestMethodTestDescriptor.lambda$prepare$1(TestMethodTestDescriptor.java:105) ~[junit-jupiter-engine-5.11.4.jar:5.11.4]
    	at org.junit.platform.engine.support.hierarchical.ThrowableCollector.execute(ThrowableCollector.java:73) ~[junit-platform-engine-1.11.4.jar:1.11.4]
    	at org.junit.jupiter.engine.descriptor.TestMethodTestDescriptor.prepare(TestMethodTestDescriptor.java:104) ~[junit-jupiter-engine-5.11.4.jar:5.11.4]
    	at org.junit.jupiter.engine.descriptor.TestMethodTestDescriptor.prepare(TestMethodTestDescriptor.java:68) ~[junit-jupiter-engine-5.11.4.jar:5.11.4]
    	at org.junit.platform.engine.support.hierarchical.NodeTestTask.lambda$prepare$2(NodeTestTask.java:128) ~[junit-platform-engine-1.11.4.jar:1.11.4]
    	at org.junit.platform.engine.support.hierarchical.ThrowableCollector.execute(ThrowableCollector.java:73) ~[junit-platform-engine-1.11.4.jar:1.11.4]
    	at org.junit.platform.engine.support.hierarchical.NodeTestTask.prepare(NodeTestTask.java:128) ~[junit-platform-engine-1.11.4.jar:1.11.4]
    	at org.junit.platform.engine.support.hierarchical.NodeTestTask.execute(NodeTestTask.java:95) ~[junit-platform-engine-1.11.4.jar:1.11.4]
    	at java.base/java.util.ArrayList.forEach(ArrayList.java:1596) ~[na:na]
    	at org.junit.platform.engine.support.hierarchical.SameThreadHierarchicalTestExecutorService.invokeAll(SameThreadHierarchicalTestExecutorService.java:41) ~[junit-platform-engine-1.11.4.jar:1.11.4]
    	at org.junit.platform.engine.support.hierarchical.NodeTestTask.lambda$executeRecursively$6(NodeTestTask.java:160) ~[junit-platform-engine-1.11.4.jar:1.11.4]
    	at org.junit.platform.engine.support.hierarchical.ThrowableCollector.execute(ThrowableCollector.java:73) ~[junit-platform-engine-1.11.4.jar:1.11.4]
    	at org.junit.platform.engine.support.hierarchical.NodeTestTask.lambda$executeRecursively$8(NodeTestTask.java:146) ~[junit-platform-engine-1.11.4.jar:1.11.4]
    	at org.junit.platform.engine.support.hierarchical.Node.around(Node.java:137) ~[junit-platform-engine-1.11.4.jar:1.11.4]
    	at org.junit.platform.engine.support.hierarchical.NodeTestTask.lambda$executeRecursively$9(NodeTestTask.java:144) ~[junit-platform-engine-1.11.4.jar:1.11.4]
    	at org.junit.platform.engine.support.hierarchical.ThrowableCollector.execute(ThrowableCollector.java:73) ~[junit-platform-engine-1.11.4.jar:1.11.4]
    	at org.junit.platform.engine.support.hierarchical.NodeTestTask.executeRecursively(NodeTestTask.java:143) ~[junit-platform-engine-1.11.4.jar:1.11.4]
    	at org.junit.platform.engine.support.hierarchical.NodeTestTask.execute(NodeTestTask.java:100) ~[junit-platform-engine-1.11.4.jar:1.11.4]
    	at java.base/java.util.ArrayList.forEach(ArrayList.java:1596) ~[na:na]
    	at org.junit.platform.engine.support.hierarchical.SameThreadHierarchicalTestExecutorService.invokeAll(SameThreadHierarchicalTestExecutorService.java:41) ~[junit-platform-engine-1.11.4.jar:1.11.4]
    	at org.junit.platform.engine.support.hierarchical.NodeTestTask.lambda$executeRecursively$6(NodeTestTask.java:160) ~[junit-platform-engine-1.11.4.jar:1.11.4]
    	at org.junit.platform.engine.support.hierarchical.ThrowableCollector.execute(ThrowableCollector.java:73) ~[junit-platform-engine-1.11.4.jar:1.11.4]
    	at org.junit.platform.engine.support.hierarchical.NodeTestTask.lambda$executeRecursively$8(NodeTestTask.java:146) ~[junit-platform-engine-1.11.4.jar:1.11.4]
    	at org.junit.platform.engine.support.hierarchical.Node.around(Node.java:137) ~[junit-platform-engine-1.11.4.jar:1.11.4]
    	at org.junit.platform.engine.support.hierarchical.NodeTestTask.lambda$executeRecursively$9(NodeTestTask.java:144) ~[junit-platform-engine-1.11.4.jar:1.11.4]
    	at org.junit.platform.engine.support.hierarchical.ThrowableCollector.execute(ThrowableCollector.java:73) ~[junit-platform-engine-1.11.4.jar:1.11.4]
    	at org.junit.platform.engine.support.hierarchical.NodeTestTask.executeRecursively(NodeTestTask.java:143) ~[junit-platform-engine-1.11.4.jar:1.11.4]
    	at org.junit.platform.engine.support.hierarchical.NodeTestTask.execute(NodeTestTask.java:100) ~[junit-platform-engine-1.11.4.jar:1.11.4]
    	at org.junit.platform.engine.support.hierarchical.SameThreadHierarchicalTestExecutorService.submit(SameThreadHierarchicalTestExecutorService.java:35) ~[junit-platform-engine-1.11.4.jar:1.11.4]
    	at org.junit.platform.engine.support.hierarchical.HierarchicalTestExecutor.execute(HierarchicalTestExecutor.java:57) ~[junit-platform-engine-1.11.4.jar:1.11.4]
    	at org.junit.platform.engine.support.hierarchical.HierarchicalTestEngine.execute(HierarchicalTestEngine.java:54) ~[junit-platform-engine-1.11.4.jar:1.11.4]
    	at org.junit.platform.launcher.core.EngineExecutionOrchestrator.execute(EngineExecutionOrchestrator.java:198) ~[junit-platform-launcher-1.11.4.jar:1.11.4]
    	at org.junit.platform.launcher.core.EngineExecutionOrchestrator.execute(EngineExecutionOrchestrator.java:169) ~[junit-platform-launcher-1.11.4.jar:1.11.4]
    	at org.junit.platform.launcher.core.EngineExecutionOrchestrator.execute(EngineExecutionOrchestrator.java:93) ~[junit-platform-launcher-1.11.4.jar:1.11.4]
    	at org.junit.platform.launcher.core.EngineExecutionOrchestrator.lambda$execute$0(EngineExecutionOrchestrator.java:58) ~[junit-platform-launcher-1.11.4.jar:1.11.4]
    	at org.junit.platform.launcher.core.EngineExecutionOrchestrator.withInterceptedStreams(EngineExecutionOrchestrator.java:141) ~[junit-platform-launcher-1.11.4.jar:1.11.4]
    	at org.junit.platform.launcher.core.EngineExecutionOrchestrator.execute(EngineExecutionOrchestrator.java:57) ~[junit-platform-launcher-1.11.4.jar:1.11.4]
    	at org.junit.platform.launcher.core.DefaultLauncher.execute(DefaultLauncher.java:103) ~[junit-platform-launcher-1.11.4.jar:1.11.4]
    	at org.junit.platform.launcher.core.DefaultLauncher.execute(DefaultLauncher.java:85) ~[junit-platform-launcher-1.11.4.jar:1.11.4]
    	at org.junit.platform.launcher.core.DelegatingLauncher.execute(DelegatingLauncher.java:47) ~[junit-platform-launcher-1.11.4.jar:1.11.4]
    	at org.gradle.api.internal.tasks.testing.junitplatform.JUnitPlatformTestClassProcessor$CollectAllTestClassesExecutor.processAllTestClasses(JUnitPlatformTestClassProcessor.java:135) ~[na:na]
    	at org.gradle.api.internal.tasks.testing.junitplatform.JUnitPlatformTestClassProcessor$CollectAllTestClassesExecutor.access$000(JUnitPlatformTestClassProcessor.java:110) ~[na:na]
    	at org.gradle.api.internal.tasks.testing.junitplatform.JUnitPlatformTestClassProcessor.stop(JUnitPlatformTestClassProcessor.java:104) ~[na:na]
    	at org.gradle.api.internal.tasks.testing.SuiteTestClassProcessor.stop(SuiteTestClassProcessor.java:64) ~[na:na]
    	at java.base/jdk.internal.reflect.DirectMethodHandleAccessor.invoke(DirectMethodHandleAccessor.java:103) ~[na:na]
    	at java.base/java.lang.reflect.Method.invoke(Method.java:580) ~[na:na]
    	at org.gradle.internal.dispatch.MethodInvocation.invokeOn(MethodInvocation.java:77) ~[na:na]
    	at org.gradle.internal.dispatch.ReflectionDispatch.dispatch(ReflectionDispatch.java:28) ~[na:na]
    	at org.gradle.internal.dispatch.ReflectionDispatch.dispatch(ReflectionDispatch.java:19) ~[na:na]
    	at org.gradle.internal.dispatch.ContextClassLoaderDispatch.dispatch(ContextClassLoaderDispatch.java:33) ~[na:na]
    	at org.gradle.internal.dispatch.ProxyDispatchAdapter$DispatchingInvocationHandler.invoke(ProxyDispatchAdapter.java:88) ~[na:na]
    	at jdk.proxy1/jdk.proxy1.$Proxy4.stop(Unknown Source) ~[na:na]
    	at org.gradle.api.internal.tasks.testing.worker.TestWorker$3.run(TestWorker.java:194) ~[na:na]
    	at org.gradle.api.internal.tasks.testing.worker.TestWorker.executeAndMaintainThreadName(TestWorker.java:126) ~[na:na]
    	at org.gradle.api.internal.tasks.testing.worker.TestWorker.execute(TestWorker.java:103) ~[na:na]
    	at org.gradle.api.internal.tasks.testing.worker.TestWorker.execute(TestWorker.java:63) ~[na:na]
    	at org.gradle.process.internal.worker.child.ActionExecutionWorker.execute(ActionExecutionWorker.java:56) ~[na:na]
    	at org.gradle.process.internal.worker.child.SystemApplicationClassLoaderWorker.call(SystemApplicationClassLoaderWorker.java:122) ~[na:na]
    	at org.gradle.process.internal.worker.child.SystemApplicationClassLoaderWorker.call(SystemApplicationClassLoaderWorker.java:72) ~[na:na]
    	at worker.org.gradle.process.internal.worker.GradleWorkerMain.run(GradleWorkerMain.java:69) ~[gradle-worker.jar:na]
    	at worker.org.gradle.process.internal.worker.GradleWorkerMain.main(GradleWorkerMain.java:74) ~[gradle-worker.jar:na]
    Caused by: org.h2.jdbc.JdbcSQLSyntaxErrorException: Table "ROOM_RESERVATION_PARTICIPANT" not found; SQL statement:

        alter table room_reservation_participant 
           drop 
           foreign key FK3aeb051qtm3730e94jx [42102-232]
    	at org.h2.message.DbException.getJdbcSQLException(DbException.java:514) ~[h2-2.3.232.jar:2.3.232]
    	at org.h2.message.DbException.getJdbcSQLException(DbException.java:489) ~[h2-2.3.232.jar:2.3.232]
    	at org.h2.message.DbException.get(DbException.java:223) ~[h2-2.3.232.jar:2.3.232]
    	at org.h2.message.DbException.get(DbException.java:199) ~[h2-2.3.232.jar:2.3.232]
    	at org.h2.command.ddl.AlterTable.update(AlterTable.java:43) ~[h2-2.3.232.jar:2.3.232]
    	at org.h2.command.CommandContainer.update(CommandContainer.java:139) ~[h2-2.3.232.jar:2.3.232]
    	at org.h2.command.Command.executeUpdate(Command.java:304) ~[h2-2.3.232.jar:2.3.232]
    	at org.h2.command.Command.executeUpdate(Command.java:248) ~[h2-2.3.232.jar:2.3.232]
    	at org.h2.jdbc.JdbcStatement.executeInternal(JdbcStatement.java:262) ~[h2-2.3.232.jar:2.3.232]
    	at org.h2.jdbc.JdbcStatement.execute(JdbcStatement.java:231) ~[h2-2.3.232.jar:2.3.232]
    	at com.zaxxer.hikari.pool.ProxyStatement.execute(ProxyStatement.java:94) ~[HikariCP-5.1.0.jar:na]
    	at com.zaxxer.hikari.pool.HikariProxyStatement.execute(HikariProxyStatement.java) ~[HikariCP-5.1.0.jar:na]
    	at org.hibernate.tool.schema.internal.exec.GenerationTargetToDatabase.accept(GenerationTargetToDatabase.java:80) ~[hibernate-core-6.6.36.Final.jar:6.6.36.Final]
    	... 132 common frames omitted

    Hibernate: 
        alter table room_reservation_participant 
           drop 
           foreign key FKr804xl7417jpp35vtmokpxghw
    2025-12-18T20:07:03.202+09:00  WARN 20488 --- [reservation_system] [    Test worker] o.h.t.s.i.ExceptionHandlerLoggedImpl     : GenerationTarget encountered exception accepting command : Error executing DDL "
        alter table room_reservation_participant 
           drop 
           foreign key FKr804xl7417jpp35vtmokpxghw" via JDBC [Table "ROOM_RESERVATION_PARTICIPANT" not found;]

    org.hibernate.tool.schema.spi.CommandAcceptanceException: Error executing DDL "
        alter table room_reservation_participant 
           drop 
           foreign key FKr804xl7417jpp35vtmokpxghw" via JDBC [Table "ROOM_RESERVATION_PARTICIPANT" not found;]
    	at org.hibernate.tool.schema.internal.exec.GenerationTargetToDatabase.accept(GenerationTargetToDatabase.java:94) ~[hibernate-core-6.6.36.Final.jar:6.6.36.Final]
    	at org.hibernate.tool.schema.internal.Helper.applySqlString(Helper.java:233) ~[hibernate-core-6.6.36.Final.jar:6.6.36.Final]
    	at org.hibernate.tool.schema.internal.Helper.applySqlStrings(Helper.java:217) ~[hibernate-core-6.6.36.Final.jar:6.6.36.Final]
    	at org.hibernate.tool.schema.internal.SchemaDropperImpl.applyConstraintDropping(SchemaDropperImpl.java:479) ~[hibernate-core-6.6.36.Final.jar:6.6.36.Final]
    	at org.hibernate.tool.schema.internal.SchemaDropperImpl.dropConstraintsTablesSequences(SchemaDropperImpl.java:245) ~[hibernate-core-6.6.36.Final.jar:6.6.36.Final]
    	at org.hibernate.tool.schema.internal.SchemaDropperImpl.dropFromMetadata(SchemaDropperImpl.java:218) ~[hibernate-core-6.6.36.Final.jar:6.6.36.Final]
    	at org.hibernate.tool.schema.internal.SchemaDropperImpl.performDrop(SchemaDropperImpl.java:186) ~[hibernate-core-6.6.36.Final.jar:6.6.36.Final]
    	at org.hibernate.tool.schema.internal.SchemaDropperImpl.doDrop(SchemaDropperImpl.java:156) ~[hibernate-core-6.6.36.Final.jar:6.6.36.Final]
    	at org.hibernate.tool.schema.internal.SchemaDropperImpl.doDrop(SchemaDropperImpl.java:116) ~[hibernate-core-6.6.36.Final.jar:6.6.36.Final]
    	at org.hibernate.tool.schema.spi.SchemaManagementToolCoordinator.performDatabaseAction(SchemaManagementToolCoordinator.java:238) ~[hibernate-core-6.6.36.Final.jar:6.6.36.Final]
    	at org.hibernate.tool.schema.spi.SchemaManagementToolCoordinator.lambda$process$5(SchemaManagementToolCoordinator.java:144) ~[hibernate-core-6.6.36.Final.jar:6.6.36.Final]
    	at java.base/java.util.HashMap.forEach(HashMap.java:1429) ~[na:na]
    	at org.hibernate.tool.schema.spi.SchemaManagementToolCoordinator.process(SchemaManagementToolCoordinator.java:141) ~[hibernate-core-6.6.36.Final.jar:6.6.36.Final]
    	at org.hibernate.boot.internal.SessionFactoryObserverForSchemaExport.sessionFactoryCreated(SessionFactoryObserverForSchemaExport.java:37) ~[hibernate-core-6.6.36.Final.jar:6.6.36.Final]
    	at org.hibernate.internal.SessionFactoryObserverChain.sessionFactoryCreated(SessionFactoryObserverChain.java:35) ~[hibernate-core-6.6.36.Final.jar:6.6.36.Final]
    	at org.hibernate.internal.SessionFactoryImpl.<init>(SessionFactoryImpl.java:324) ~[hibernate-core-6.6.36.Final.jar:6.6.36.Final]
    	at org.hibernate.boot.internal.SessionFactoryBuilderImpl.build(SessionFactoryBuilderImpl.java:463) ~[hibernate-core-6.6.36.Final.jar:6.6.36.Final]
    	at org.hibernate.jpa.boot.internal.EntityManagerFactoryBuilderImpl.build(EntityManagerFactoryBuilderImpl.java:1517) ~[hibernate-core-6.6.36.Final.jar:6.6.36.Final]
    	at org.springframework.orm.jpa.vendor.SpringHibernateJpaPersistenceProvider.createContainerEntityManagerFactory(SpringHibernateJpaPersistenceProvider.java:66) ~[spring-orm-6.2.14.jar:6.2.14]
    	at org.springframework.orm.jpa.LocalContainerEntityManagerFactoryBean.createNativeEntityManagerFactory(LocalContainerEntityManagerFactoryBean.java:390) ~[spring-orm-6.2.14.jar:6.2.14]
    	at org.springframework.orm.jpa.AbstractEntityManagerFactoryBean.buildNativeEntityManagerFactory(AbstractEntityManagerFactoryBean.java:419) ~[spring-orm-6.2.14.jar:6.2.14]
    	at org.springframework.orm.jpa.AbstractEntityManagerFactoryBean.afterPropertiesSet(AbstractEntityManagerFactoryBean.java:400) ~[spring-orm-6.2.14.jar:6.2.14]
    	at org.springframework.orm.jpa.LocalContainerEntityManagerFactoryBean.afterPropertiesSet(LocalContainerEntityManagerFactoryBean.java:366) ~[spring-orm-6.2.14.jar:6.2.14]
    	at org.springframework.beans.factory.support.AbstractAutowireCapableBeanFactory.invokeInitMethods(AbstractAutowireCapableBeanFactory.java:1873) ~[spring-beans-6.2.14.jar:6.2.14]
    	at org.springframework.beans.factory.support.AbstractAutowireCapableBeanFactory.initializeBean(AbstractAutowireCapableBeanFactory.java:1822) ~[spring-beans-6.2.14.jar:6.2.14]
    	at org.springframework.beans.factory.support.AbstractAutowireCapableBeanFactory.doCreateBean(AbstractAutowireCapableBeanFactory.java:607) ~[spring-beans-6.2.14.jar:6.2.14]
    	at org.springframework.beans.factory.support.AbstractAutowireCapableBeanFactory.createBean(AbstractAutowireCapableBeanFactory.java:529) ~[spring-beans-6.2.14.jar:6.2.14]
    	at org.springframework.beans.factory.support.AbstractBeanFactory.lambda$doGetBean$0(AbstractBeanFactory.java:339) ~[spring-beans-6.2.14.jar:6.2.14]
    	at org.springframework.beans.factory.support.DefaultSingletonBeanRegistry.getSingleton(DefaultSingletonBeanRegistry.java:373) ~[spring-beans-6.2.14.jar:6.2.14]
    	at org.springframework.beans.factory.support.AbstractBeanFactory.doGetBean(AbstractBeanFactory.java:337) ~[spring-beans-6.2.14.jar:6.2.14]
    	at org.springframework.beans.factory.support.AbstractBeanFactory.getBean(AbstractBeanFactory.java:207) ~[spring-beans-6.2.14.jar:6.2.14]
    	at org.springframework.context.support.AbstractApplicationContext.finishBeanFactoryInitialization(AbstractApplicationContext.java:973) ~[spring-context-6.2.14.jar:6.2.14]
    	at org.springframework.context.support.AbstractApplicationContext.refresh(AbstractApplicationContext.java:627) ~[spring-context-6.2.14.jar:6.2.14]
    	at org.springframework.boot.SpringApplication.refresh(SpringApplication.java:752) ~[spring-boot-3.4.12.jar:3.4.12]
    	at org.springframework.boot.SpringApplication.refreshContext(SpringApplication.java:439) ~[spring-boot-3.4.12.jar:3.4.12]
    	at org.springframework.boot.SpringApplication.run(SpringApplication.java:318) ~[spring-boot-3.4.12.jar:3.4.12]
    	at org.springframework.boot.test.context.SpringBootContextLoader.lambda$loadContext$3(SpringBootContextLoader.java:144) ~[spring-boot-test-3.4.12.jar:3.4.12]
    	at org.springframework.util.function.ThrowingSupplier.get(ThrowingSupplier.java:58) ~[spring-core-6.2.14.jar:6.2.14]
    	at org.springframework.util.function.ThrowingSupplier.get(ThrowingSupplier.java:46) ~[spring-core-6.2.14.jar:6.2.14]
    	at org.springframework.boot.SpringApplication.withHook(SpringApplication.java:1461) ~[spring-boot-3.4.12.jar:3.4.12]
    	at org.springframework.boot.test.context.SpringBootContextLoader$ContextLoaderHook.run(SpringBootContextLoader.java:563) ~[spring-boot-test-3.4.12.jar:3.4.12]
    	at org.springframework.boot.test.context.SpringBootContextLoader.loadContext(SpringBootContextLoader.java:144) ~[spring-boot-test-3.4.12.jar:3.4.12]
    	at org.springframework.boot.test.context.SpringBootContextLoader.loadContext(SpringBootContextLoader.java:110) ~[spring-boot-test-3.4.12.jar:3.4.12]
    	at org.springframework.test.context.cache.DefaultCacheAwareContextLoaderDelegate.loadContextInternal(DefaultCacheAwareContextLoaderDelegate.java:225) ~[spring-test-6.2.14.jar:6.2.14]
    	at org.springframework.test.context.cache.DefaultCacheAwareContextLoaderDelegate.loadContext(DefaultCacheAwareContextLoaderDelegate.java:152) ~[spring-test-6.2.14.jar:6.2.14]
    	at org.springframework.test.context.support.DefaultTestContext.getApplicationContext(DefaultTestContext.java:130) ~[spring-test-6.2.14.jar:6.2.14]
    	at org.springframework.test.context.web.ServletTestExecutionListener.setUpRequestContextIfNecessary(ServletTestExecutionListener.java:200) ~[spring-test-6.2.14.jar:6.2.14]
    	at org.springframework.test.context.web.ServletTestExecutionListener.prepareTestInstance(ServletTestExecutionListener.java:139) ~[spring-test-6.2.14.jar:6.2.14]
    	at org.springframework.test.context.TestContextManager.prepareTestInstance(TestContextManager.java:260) ~[spring-test-6.2.14.jar:6.2.14]
    	at org.springframework.test.context.junit.jupiter.SpringExtension.postProcessTestInstance(SpringExtension.java:159) ~[spring-test-6.2.14.jar:6.2.14]
    	at org.junit.jupiter.engine.descriptor.ClassBasedTestDescriptor.lambda$invokeTestInstancePostProcessors$11(ClassBasedTestDescriptor.java:378) ~[junit-jupiter-engine-5.11.4.jar:5.11.4]
    	at org.junit.jupiter.engine.descriptor.ClassBasedTestDescriptor.executeAndMaskThrowable(ClassBasedTestDescriptor.java:383) ~[junit-jupiter-engine-5.11.4.jar:5.11.4]
    	at org.junit.jupiter.engine.descriptor.ClassBasedTestDescriptor.lambda$invokeTestInstancePostProcessors$12(ClassBasedTestDescriptor.java:378) ~[junit-jupiter-engine-5.11.4.jar:5.11.4]
    	at java.base/java.util.stream.ForEachOps$ForEachOp$OfRef.accept(ForEachOps.java:184) ~[na:na]
    	at java.base/java.util.stream.ReferencePipeline$3$1.accept(ReferencePipeline.java:197) ~[na:na]
    	at java.base/java.util.stream.ReferencePipeline$2$1.accept(ReferencePipeline.java:179) ~[na:na]
    	at java.base/java.util.stream.ReferencePipeline$3$1.accept(ReferencePipeline.java:197) ~[na:na]
    	at java.base/java.util.ArrayList$ArrayListSpliterator.forEachRemaining(ArrayList.java:1708) ~[na:na]
    	at java.base/java.util.stream.AbstractPipeline.copyInto(AbstractPipeline.java:509) ~[na:na]
    	at java.base/java.util.stream.AbstractPipeline.wrapAndCopyInto(AbstractPipeline.java:499) ~[na:na]
    	at java.base/java.util.stream.ForEachOps$ForEachOp.evaluateSequential(ForEachOps.java:151) ~[na:na]
    	at java.base/java.util.stream.ForEachOps$ForEachOp$OfRef.evaluateSequential(ForEachOps.java:174) ~[na:na]
    	at java.base/java.util.stream.AbstractPipeline.evaluate(AbstractPipeline.java:234) ~[na:na]
    	at java.base/java.util.stream.ReferencePipeline.forEach(ReferencePipeline.java:596) ~[na:na]
    	at org.junit.jupiter.engine.descriptor.ClassBasedTestDescriptor.invokeTestInstancePostProcessors(ClassBasedTestDescriptor.java:377) ~[junit-jupiter-engine-5.11.4.jar:5.11.4]
    	at org.junit.jupiter.engine.descriptor.ClassBasedTestDescriptor.lambda$instantiateAndPostProcessTestInstance$7(ClassBasedTestDescriptor.java:290) ~[junit-jupiter-engine-5.11.4.jar:5.11.4]
    	at org.junit.platform.engine.support.hierarchical.ThrowableCollector.execute(ThrowableCollector.java:73) ~[junit-platform-engine-1.11.4.jar:1.11.4]
    	at org.junit.jupiter.engine.descriptor.ClassBasedTestDescriptor.instantiateAndPostProcessTestInstance(ClassBasedTestDescriptor.java:289) ~[junit-jupiter-engine-5.11.4.jar:5.11.4]
    	at org.junit.jupiter.engine.descriptor.ClassBasedTestDescriptor.lambda$testInstancesProvider$5(ClassBasedTestDescriptor.java:279) ~[junit-jupiter-engine-5.11.4.jar:5.11.4]
    	at java.base/java.util.Optional.orElseGet(Optional.java:364) ~[na:na]
    	at org.junit.jupiter.engine.descriptor.ClassBasedTestDescriptor.lambda$testInstancesProvider$6(ClassBasedTestDescriptor.java:278) ~[junit-jupiter-engine-5.11.4.jar:5.11.4]
    	at org.junit.jupiter.engine.execution.TestInstancesProvider.getTestInstances(TestInstancesProvider.java:31) ~[junit-jupiter-engine-5.11.4.jar:5.11.4]
    	at org.junit.jupiter.engine.descriptor.TestMethodTestDescriptor.lambda$prepare$1(TestMethodTestDescriptor.java:105) ~[junit-jupiter-engine-5.11.4.jar:5.11.4]
    	at org.junit.platform.engine.support.hierarchical.ThrowableCollector.execute(ThrowableCollector.java:73) ~[junit-platform-engine-1.11.4.jar:1.11.4]
    	at org.junit.jupiter.engine.descriptor.TestMethodTestDescriptor.prepare(TestMethodTestDescriptor.java:104) ~[junit-jupiter-engine-5.11.4.jar:5.11.4]
    	at org.junit.jupiter.engine.descriptor.TestMethodTestDescriptor.prepare(TestMethodTestDescriptor.java:68) ~[junit-jupiter-engine-5.11.4.jar:5.11.4]
    	at org.junit.platform.engine.support.hierarchical.NodeTestTask.lambda$prepare$2(NodeTestTask.java:128) ~[junit-platform-engine-1.11.4.jar:1.11.4]
    	at org.junit.platform.engine.support.hierarchical.ThrowableCollector.execute(ThrowableCollector.java:73) ~[junit-platform-engine-1.11.4.jar:1.11.4]
    	at org.junit.platform.engine.support.hierarchical.NodeTestTask.prepare(NodeTestTask.java:128) ~[junit-platform-engine-1.11.4.jar:1.11.4]
    	at org.junit.platform.engine.support.hierarchical.NodeTestTask.execute(NodeTestTask.java:95) ~[junit-platform-engine-1.11.4.jar:1.11.4]
    	at java.base/java.util.ArrayList.forEach(ArrayList.java:1596) ~[na:na]
    	at org.junit.platform.engine.support.hierarchical.SameThreadHierarchicalTestExecutorService.invokeAll(SameThreadHierarchicalTestExecutorService.java:41) ~[junit-platform-engine-1.11.4.jar:1.11.4]
    	at org.junit.platform.engine.support.hierarchical.NodeTestTask.lambda$executeRecursively$6(NodeTestTask.java:160) ~[junit-platform-engine-1.11.4.jar:1.11.4]
    	at org.junit.platform.engine.support.hierarchical.ThrowableCollector.execute(ThrowableCollector.java:73) ~[junit-platform-engine-1.11.4.jar:1.11.4]
    	at org.junit.platform.engine.support.hierarchical.NodeTestTask.lambda$executeRecursively$8(NodeTestTask.java:146) ~[junit-platform-engine-1.11.4.jar:1.11.4]
    	at org.junit.platform.engine.support.hierarchical.Node.around(Node.java:137) ~[junit-platform-engine-1.11.4.jar:1.11.4]
    	at org.junit.platform.engine.support.hierarchical.NodeTestTask.lambda$executeRecursively$9(NodeTestTask.java:144) ~[junit-platform-engine-1.11.4.jar:1.11.4]
    	at org.junit.platform.engine.support.hierarchical.ThrowableCollector.execute(ThrowableCollector.java:73) ~[junit-platform-engine-1.11.4.jar:1.11.4]
    	at org.junit.platform.engine.support.hierarchical.NodeTestTask.executeRecursively(NodeTestTask.java:143) ~[junit-platform-engine-1.11.4.jar:1.11.4]
    	at org.junit.platform.engine.support.hierarchical.NodeTestTask.execute(NodeTestTask.java:100) ~[junit-platform-engine-1.11.4.jar:1.11.4]
    	at java.base/java.util.ArrayList.forEach(ArrayList.java:1596) ~[na:na]
    	at org.junit.platform.engine.support.hierarchical.SameThreadHierarchicalTestExecutorService.invokeAll(SameThreadHierarchicalTestExecutorService.java:41) ~[junit-platform-engine-1.11.4.jar:1.11.4]
    	at org.junit.platform.engine.support.hierarchical.NodeTestTask.lambda$executeRecursively$6(NodeTestTask.java:160) ~[junit-platform-engine-1.11.4.jar:1.11.4]
    	at org.junit.platform.engine.support.hierarchical.ThrowableCollector.execute(ThrowableCollector.java:73) ~[junit-platform-engine-1.11.4.jar:1.11.4]
    	at org.junit.platform.engine.support.hierarchical.NodeTestTask.lambda$executeRecursively$8(NodeTestTask.java:146) ~[junit-platform-engine-1.11.4.jar:1.11.4]
    	at org.junit.platform.engine.support.hierarchical.Node.around(Node.java:137) ~[junit-platform-engine-1.11.4.jar:1.11.4]
    	at org.junit.platform.engine.support.hierarchical.NodeTestTask.lambda$executeRecursively$9(NodeTestTask.java:144) ~[junit-platform-engine-1.11.4.jar:1.11.4]
    	at org.junit.platform.engine.support.hierarchical.ThrowableCollector.execute(ThrowableCollector.java:73) ~[junit-platform-engine-1.11.4.jar:1.11.4]
    	at org.junit.platform.engine.support.hierarchical.NodeTestTask.executeRecursively(NodeTestTask.java:143) ~[junit-platform-engine-1.11.4.jar:1.11.4]
    	at org.junit.platform.engine.support.hierarchical.NodeTestTask.execute(NodeTestTask.java:100) ~[junit-platform-engine-1.11.4.jar:1.11.4]
    	at org.junit.platform.engine.support.hierarchical.SameThreadHierarchicalTestExecutorService.submit(SameThreadHierarchicalTestExecutorService.java:35) ~[junit-platform-engine-1.11.4.jar:1.11.4]
    	at org.junit.platform.engine.support.hierarchical.HierarchicalTestExecutor.execute(HierarchicalTestExecutor.java:57) ~[junit-platform-engine-1.11.4.jar:1.11.4]
    	at org.junit.platform.engine.support.hierarchical.HierarchicalTestEngine.execute(HierarchicalTestEngine.java:54) ~[junit-platform-engine-1.11.4.jar:1.11.4]
    	at org.junit.platform.launcher.core.EngineExecutionOrchestrator.execute(EngineExecutionOrchestrator.java:198) ~[junit-platform-launcher-1.11.4.jar:1.11.4]
    	at org.junit.platform.launcher.core.EngineExecutionOrchestrator.execute(EngineExecutionOrchestrator.java:169) ~[junit-platform-launcher-1.11.4.jar:1.11.4]
    	at org.junit.platform.launcher.core.EngineExecutionOrchestrator.execute(EngineExecutionOrchestrator.java:93) ~[junit-platform-launcher-1.11.4.jar:1.11.4]
    	at org.junit.platform.launcher.core.EngineExecutionOrchestrator.lambda$execute$0(EngineExecutionOrchestrator.java:58) ~[junit-platform-launcher-1.11.4.jar:1.11.4]
    	at org.junit.platform.launcher.core.EngineExecutionOrchestrator.withInterceptedStreams(EngineExecutionOrchestrator.java:141) ~[junit-platform-launcher-1.11.4.jar:1.11.4]
    	at org.junit.platform.launcher.core.EngineExecutionOrchestrator.execute(EngineExecutionOrchestrator.java:57) ~[junit-platform-launcher-1.11.4.jar:1.11.4]
    	at org.junit.platform.launcher.core.DefaultLauncher.execute(DefaultLauncher.java:103) ~[junit-platform-launcher-1.11.4.jar:1.11.4]
    	at org.junit.platform.launcher.core.DefaultLauncher.execute(DefaultLauncher.java:85) ~[junit-platform-launcher-1.11.4.jar:1.11.4]
    	at org.junit.platform.launcher.core.DelegatingLauncher.execute(DelegatingLauncher.java:47) ~[junit-platform-launcher-1.11.4.jar:1.11.4]
    	at org.gradle.api.internal.tasks.testing.junitplatform.JUnitPlatformTestClassProcessor$CollectAllTestClassesExecutor.processAllTestClasses(JUnitPlatformTestClassProcessor.java:135) ~[na:na]
    	at org.gradle.api.internal.tasks.testing.junitplatform.JUnitPlatformTestClassProcessor$CollectAllTestClassesExecutor.access$000(JUnitPlatformTestClassProcessor.java:110) ~[na:na]
    	at org.gradle.api.internal.tasks.testing.junitplatform.JUnitPlatformTestClassProcessor.stop(JUnitPlatformTestClassProcessor.java:104) ~[na:na]
    	at org.gradle.api.internal.tasks.testing.SuiteTestClassProcessor.stop(SuiteTestClassProcessor.java:64) ~[na:na]
    	at java.base/jdk.internal.reflect.DirectMethodHandleAccessor.invoke(DirectMethodHandleAccessor.java:103) ~[na:na]
    	at java.base/java.lang.reflect.Method.invoke(Method.java:580) ~[na:na]
    	at org.gradle.internal.dispatch.MethodInvocation.invokeOn(MethodInvocation.java:77) ~[na:na]
    	at org.gradle.internal.dispatch.ReflectionDispatch.dispatch(ReflectionDispatch.java:28) ~[na:na]
    	at org.gradle.internal.dispatch.ReflectionDispatch.dispatch(ReflectionDispatch.java:19) ~[na:na]
    	at org.gradle.internal.dispatch.ContextClassLoaderDispatch.dispatch(ContextClassLoaderDispatch.java:33) ~[na:na]
    	at org.gradle.internal.dispatch.ProxyDispatchAdapter$DispatchingInvocationHandler.invoke(ProxyDispatchAdapter.java:88) ~[na:na]
    	at jdk.proxy1/jdk.proxy1.$Proxy4.stop(Unknown Source) ~[na:na]
    	at org.gradle.api.internal.tasks.testing.worker.TestWorker$3.run(TestWorker.java:194) ~[na:na]
    	at org.gradle.api.internal.tasks.testing.worker.TestWorker.executeAndMaintainThreadName(TestWorker.java:126) ~[na:na]
    	at org.gradle.api.internal.tasks.testing.worker.TestWorker.execute(TestWorker.java:103) ~[na:na]
    	at org.gradle.api.internal.tasks.testing.worker.TestWorker.execute(TestWorker.java:63) ~[na:na]
    	at org.gradle.process.internal.worker.child.ActionExecutionWorker.execute(ActionExecutionWorker.java:56) ~[na:na]
    	at org.gradle.process.internal.worker.child.SystemApplicationClassLoaderWorker.call(SystemApplicationClassLoaderWorker.java:122) ~[na:na]
    	at org.gradle.process.internal.worker.child.SystemApplicationClassLoaderWorker.call(SystemApplicationClassLoaderWorker.java:72) ~[na:na]
    	at worker.org.gradle.process.internal.worker.GradleWorkerMain.run(GradleWorkerMain.java:69) ~[gradle-worker.jar:na]
    	at worker.org.gradle.process.internal.worker.GradleWorkerMain.main(GradleWorkerMain.java:74) ~[gradle-worker.jar:na]
    Caused by: org.h2.jdbc.JdbcSQLSyntaxErrorException: Table "ROOM_RESERVATION_PARTICIPANT" not found; SQL statement:

        alter table room_reservation_participant 
           drop 
           foreign key FKr804xl7417jpp35vtmo [42102-232]
    	at org.h2.message.DbException.getJdbcSQLException(DbException.java:514) ~[h2-2.3.232.jar:2.3.232]
    	at org.h2.message.DbException.getJdbcSQLException(DbException.java:489) ~[h2-2.3.232.jar:2.3.232]
    	at org.h2.message.DbException.get(DbException.java:223) ~[h2-2.3.232.jar:2.3.232]
    	at org.h2.message.DbException.get(DbException.java:199) ~[h2-2.3.232.jar:2.3.232]
    	at org.h2.command.ddl.AlterTable.update(AlterTable.java:43) ~[h2-2.3.232.jar:2.3.232]
    	at org.h2.command.CommandContainer.update(CommandContainer.java:139) ~[h2-2.3.232.jar:2.3.232]
    	at org.h2.command.Command.executeUpdate(Command.java:304) ~[h2-2.3.232.jar:2.3.232]
    	at org.h2.command.Command.executeUpdate(Command.java:248) ~[h2-2.3.232.jar:2.3.232]
    	at org.h2.jdbc.JdbcStatement.executeInternal(JdbcStatement.java:262) ~[h2-2.3.232.jar:2.3.232]
    	at org.h2.jdbc.JdbcStatement.execute(JdbcStatement.java:231) ~[h2-2.3.232.jar:2.3.232]
    	at com.zaxxer.hikari.pool.ProxyStatement.execute(ProxyStatement.java:94) ~[HikariCP-5.1.0.jar:na]
    	at com.zaxxer.hikari.pool.HikariProxyStatement.execute(HikariProxyStatement.java) ~[HikariCP-5.1.0.jar:na]
    	at org.hibernate.tool.schema.internal.exec.GenerationTargetToDatabase.accept(GenerationTargetToDatabase.java:80) ~[hibernate-core-6.6.36.Final.jar:6.6.36.Final]
    	... 132 common frames omitted

    Hibernate: 
        alter table seat_reservation 
           drop 
           foreign key FK51vmmeopdicuwwwkr0vd85jpo
    2025-12-18T20:07:03.204+09:00  WARN 20488 --- [reservation_system] [    Test worker] o.h.t.s.i.ExceptionHandlerLoggedImpl     : GenerationTarget encountered exception accepting command : Error executing DDL "
        alter table seat_reservation 
           drop 
           foreign key FK51vmmeopdicuwwwkr0vd85jpo" via JDBC [Table "SEAT_RESERVATION" not found;]

    org.hibernate.tool.schema.spi.CommandAcceptanceException: Error executing DDL "
        alter table seat_reservation 
           drop 
           foreign key FK51vmmeopdicuwwwkr0vd85jpo" via JDBC [Table "SEAT_RESERVATION" not found;]
    	at org.hibernate.tool.schema.internal.exec.GenerationTargetToDatabase.accept(GenerationTargetToDatabase.java:94) ~[hibernate-core-6.6.36.Final.jar:6.6.36.Final]
    	at org.hibernate.tool.schema.internal.Helper.applySqlString(Helper.java:233) ~[hibernate-core-6.6.36.Final.jar:6.6.36.Final]
    	at org.hibernate.tool.schema.internal.Helper.applySqlStrings(Helper.java:217) ~[hibernate-core-6.6.36.Final.jar:6.6.36.Final]
    	at org.hibernate.tool.schema.internal.SchemaDropperImpl.applyConstraintDropping(SchemaDropperImpl.java:479) ~[hibernate-core-6.6.36.Final.jar:6.6.36.Final]
    	at org.hibernate.tool.schema.internal.SchemaDropperImpl.dropConstraintsTablesSequences(SchemaDropperImpl.java:245) ~[hibernate-core-6.6.36.Final.jar:6.6.36.Final]
    	at org.hibernate.tool.schema.internal.SchemaDropperImpl.dropFromMetadata(SchemaDropperImpl.java:218) ~[hibernate-core-6.6.36.Final.jar:6.6.36.Final]
    	at org.hibernate.tool.schema.internal.SchemaDropperImpl.performDrop(SchemaDropperImpl.java:186) ~[hibernate-core-6.6.36.Final.jar:6.6.36.Final]
    	at org.hibernate.tool.schema.internal.SchemaDropperImpl.doDrop(SchemaDropperImpl.java:156) ~[hibernate-core-6.6.36.Final.jar:6.6.36.Final]
    	at org.hibernate.tool.schema.internal.SchemaDropperImpl.doDrop(SchemaDropperImpl.java:116) ~[hibernate-core-6.6.36.Final.jar:6.6.36.Final]
    	at org.hibernate.tool.schema.spi.SchemaManagementToolCoordinator.performDatabaseAction(SchemaManagementToolCoordinator.java:238) ~[hibernate-core-6.6.36.Final.jar:6.6.36.Final]
    	at org.hibernate.tool.schema.spi.SchemaManagementToolCoordinator.lambda$process$5(SchemaManagementToolCoordinator.java:144) ~[hibernate-core-6.6.36.Final.jar:6.6.36.Final]
    	at java.base/java.util.HashMap.forEach(HashMap.java:1429) ~[na:na]
    	at org.hibernate.tool.schema.spi.SchemaManagementToolCoordinator.process(SchemaManagementToolCoordinator.java:141) ~[hibernate-core-6.6.36.Final.jar:6.6.36.Final]
    	at org.hibernate.boot.internal.SessionFactoryObserverForSchemaExport.sessionFactoryCreated(SessionFactoryObserverForSchemaExport.java:37) ~[hibernate-core-6.6.36.Final.jar:6.6.36.Final]
    	at org.hibernate.internal.SessionFactoryObserverChain.sessionFactoryCreated(SessionFactoryObserverChain.java:35) ~[hibernate-core-6.6.36.Final.jar:6.6.36.Final]
    	at org.hibernate.internal.SessionFactoryImpl.<init>(SessionFactoryImpl.java:324) ~[hibernate-core-6.6.36.Final.jar:6.6.36.Final]
    	at org.hibernate.boot.internal.SessionFactoryBuilderImpl.build(SessionFactoryBuilderImpl.java:463) ~[hibernate-core-6.6.36.Final.jar:6.6.36.Final]
    	at org.hibernate.jpa.boot.internal.EntityManagerFactoryBuilderImpl.build(EntityManagerFactoryBuilderImpl.java:1517) ~[hibernate-core-6.6.36.Final.jar:6.6.36.Final]
    	at org.springframework.orm.jpa.vendor.SpringHibernateJpaPersistenceProvider.createContainerEntityManagerFactory(SpringHibernateJpaPersistenceProvider.java:66) ~[spring-orm-6.2.14.jar:6.2.14]
    	at org.springframework.orm.jpa.LocalContainerEntityManagerFactoryBean.createNativeEntityManagerFactory(LocalContainerEntityManagerFactoryBean.java:390) ~[spring-orm-6.2.14.jar:6.2.14]
    	at org.springframework.orm.jpa.AbstractEntityManagerFactoryBean.buildNativeEntityManagerFactory(AbstractEntityManagerFactoryBean.java:419) ~[spring-orm-6.2.14.jar:6.2.14]
    	at org.springframework.orm.jpa.AbstractEntityManagerFactoryBean.afterPropertiesSet(AbstractEntityManagerFactoryBean.java:400) ~[spring-orm-6.2.14.jar:6.2.14]
    	at org.springframework.orm.jpa.LocalContainerEntityManagerFactoryBean.afterPropertiesSet(LocalContainerEntityManagerFactoryBean.java:366) ~[spring-orm-6.2.14.jar:6.2.14]
    	at org.springframework.beans.factory.support.AbstractAutowireCapableBeanFactory.invokeInitMethods(AbstractAutowireCapableBeanFactory.java:1873) ~[spring-beans-6.2.14.jar:6.2.14]
    	at org.springframework.beans.factory.support.AbstractAutowireCapableBeanFactory.initializeBean(AbstractAutowireCapableBeanFactory.java:1822) ~[spring-beans-6.2.14.jar:6.2.14]
    	at org.springframework.beans.factory.support.AbstractAutowireCapableBeanFactory.doCreateBean(AbstractAutowireCapableBeanFactory.java:607) ~[spring-beans-6.2.14.jar:6.2.14]
    	at org.springframework.beans.factory.support.AbstractAutowireCapableBeanFactory.createBean(AbstractAutowireCapableBeanFactory.java:529) ~[spring-beans-6.2.14.jar:6.2.14]
    	at org.springframework.beans.factory.support.AbstractBeanFactory.lambda$doGetBean$0(AbstractBeanFactory.java:339) ~[spring-beans-6.2.14.jar:6.2.14]
    	at org.springframework.beans.factory.support.DefaultSingletonBeanRegistry.getSingleton(DefaultSingletonBeanRegistry.java:373) ~[spring-beans-6.2.14.jar:6.2.14]
    	at org.springframework.beans.factory.support.AbstractBeanFactory.doGetBean(AbstractBeanFactory.java:337) ~[spring-beans-6.2.14.jar:6.2.14]
    	at org.springframework.beans.factory.support.AbstractBeanFactory.getBean(AbstractBeanFactory.java:207) ~[spring-beans-6.2.14.jar:6.2.14]
    	at org.springframework.context.support.AbstractApplicationContext.finishBeanFactoryInitialization(AbstractApplicationContext.java:973) ~[spring-context-6.2.14.jar:6.2.14]
    	at org.springframework.context.support.AbstractApplicationContext.refresh(AbstractApplicationContext.java:627) ~[spring-context-6.2.14.jar:6.2.14]
    	at org.springframework.boot.SpringApplication.refresh(SpringApplication.java:752) ~[spring-boot-3.4.12.jar:3.4.12]
    	at org.springframework.boot.SpringApplication.refreshContext(SpringApplication.java:439) ~[spring-boot-3.4.12.jar:3.4.12]
    	at org.springframework.boot.SpringApplication.run(SpringApplication.java:318) ~[spring-boot-3.4.12.jar:3.4.12]
    	at org.springframework.boot.test.context.SpringBootContextLoader.lambda$loadContext$3(SpringBootContextLoader.java:144) ~[spring-boot-test-3.4.12.jar:3.4.12]
    	at org.springframework.util.function.ThrowingSupplier.get(ThrowingSupplier.java:58) ~[spring-core-6.2.14.jar:6.2.14]
    	at org.springframework.util.function.ThrowingSupplier.get(ThrowingSupplier.java:46) ~[spring-core-6.2.14.jar:6.2.14]
    	at org.springframework.boot.SpringApplication.withHook(SpringApplication.java:1461) ~[spring-boot-3.4.12.jar:3.4.12]
    	at org.springframework.boot.test.context.SpringBootContextLoader$ContextLoaderHook.run(SpringBootContextLoader.java:563) ~[spring-boot-test-3.4.12.jar:3.4.12]
    	at org.springframework.boot.test.context.SpringBootContextLoader.loadContext(SpringBootContextLoader.java:144) ~[spring-boot-test-3.4.12.jar:3.4.12]
    	at org.springframework.boot.test.context.SpringBootContextLoader.loadContext(SpringBootContextLoader.java:110) ~[spring-boot-test-3.4.12.jar:3.4.12]
    	at org.springframework.test.context.cache.DefaultCacheAwareContextLoaderDelegate.loadContextInternal(DefaultCacheAwareContextLoaderDelegate.java:225) ~[spring-test-6.2.14.jar:6.2.14]
    	at org.springframework.test.context.cache.DefaultCacheAwareContextLoaderDelegate.loadContext(DefaultCacheAwareContextLoaderDelegate.java:152) ~[spring-test-6.2.14.jar:6.2.14]
    	at org.springframework.test.context.support.DefaultTestContext.getApplicationContext(DefaultTestContext.java:130) ~[spring-test-6.2.14.jar:6.2.14]
    	at org.springframework.test.context.web.ServletTestExecutionListener.setUpRequestContextIfNecessary(ServletTestExecutionListener.java:200) ~[spring-test-6.2.14.jar:6.2.14]
    	at org.springframework.test.context.web.ServletTestExecutionListener.prepareTestInstance(ServletTestExecutionListener.java:139) ~[spring-test-6.2.14.jar:6.2.14]
    	at org.springframework.test.context.TestContextManager.prepareTestInstance(TestContextManager.java:260) ~[spring-test-6.2.14.jar:6.2.14]
    	at org.springframework.test.context.junit.jupiter.SpringExtension.postProcessTestInstance(SpringExtension.java:159) ~[spring-test-6.2.14.jar:6.2.14]
    	at org.junit.jupiter.engine.descriptor.ClassBasedTestDescriptor.lambda$invokeTestInstancePostProcessors$11(ClassBasedTestDescriptor.java:378) ~[junit-jupiter-engine-5.11.4.jar:5.11.4]
    	at org.junit.jupiter.engine.descriptor.ClassBasedTestDescriptor.executeAndMaskThrowable(ClassBasedTestDescriptor.java:383) ~[junit-jupiter-engine-5.11.4.jar:5.11.4]
    	at org.junit.jupiter.engine.descriptor.ClassBasedTestDescriptor.lambda$invokeTestInstancePostProcessors$12(ClassBasedTestDescriptor.java:378) ~[junit-jupiter-engine-5.11.4.jar:5.11.4]
    	at java.base/java.util.stream.ForEachOps$ForEachOp$OfRef.accept(ForEachOps.java:184) ~[na:na]
    	at java.base/java.util.stream.ReferencePipeline$3$1.accept(ReferencePipeline.java:197) ~[na:na]
    	at java.base/java.util.stream.ReferencePipeline$2$1.accept(ReferencePipeline.java:179) ~[na:na]
    	at java.base/java.util.stream.ReferencePipeline$3$1.accept(ReferencePipeline.java:197) ~[na:na]
    	at java.base/java.util.ArrayList$ArrayListSpliterator.forEachRemaining(ArrayList.java:1708) ~[na:na]
    	at java.base/java.util.stream.AbstractPipeline.copyInto(AbstractPipeline.java:509) ~[na:na]
    	at java.base/java.util.stream.AbstractPipeline.wrapAndCopyInto(AbstractPipeline.java:499) ~[na:na]
    	at java.base/java.util.stream.ForEachOps$ForEachOp.evaluateSequential(ForEachOps.java:151) ~[na:na]
    	at java.base/java.util.stream.ForEachOps$ForEachOp$OfRef.evaluateSequential(ForEachOps.java:174) ~[na:na]
    	at java.base/java.util.stream.AbstractPipeline.evaluate(AbstractPipeline.java:234) ~[na:na]
    	at java.base/java.util.stream.ReferencePipeline.forEach(ReferencePipeline.java:596) ~[na:na]
    	at org.junit.jupiter.engine.descriptor.ClassBasedTestDescriptor.invokeTestInstancePostProcessors(ClassBasedTestDescriptor.java:377) ~[junit-jupiter-engine-5.11.4.jar:5.11.4]
    	at org.junit.jupiter.engine.descriptor.ClassBasedTestDescriptor.lambda$instantiateAndPostProcessTestInstance$7(ClassBasedTestDescriptor.java:290) ~[junit-jupiter-engine-5.11.4.jar:5.11.4]
    	at org.junit.platform.engine.support.hierarchical.ThrowableCollector.execute(ThrowableCollector.java:73) ~[junit-platform-engine-1.11.4.jar:1.11.4]
    	at org.junit.jupiter.engine.descriptor.ClassBasedTestDescriptor.instantiateAndPostProcessTestInstance(ClassBasedTestDescriptor.java:289) ~[junit-jupiter-engine-5.11.4.jar:5.11.4]
    	at org.junit.jupiter.engine.descriptor.ClassBasedTestDescriptor.lambda$testInstancesProvider$5(ClassBasedTestDescriptor.java:279) ~[junit-jupiter-engine-5.11.4.jar:5.11.4]
    	at java.base/java.util.Optional.orElseGet(Optional.java:364) ~[na:na]
    	at org.junit.jupiter.engine.descriptor.ClassBasedTestDescriptor.lambda$testInstancesProvider$6(ClassBasedTestDescriptor.java:278) ~[junit-jupiter-engine-5.11.4.jar:5.11.4]
    	at org.junit.jupiter.engine.execution.TestInstancesProvider.getTestInstances(TestInstancesProvider.java:31) ~[junit-jupiter-engine-5.11.4.jar:5.11.4]
    	at org.junit.jupiter.engine.descriptor.TestMethodTestDescriptor.lambda$prepare$1(TestMethodTestDescriptor.java:105) ~[junit-jupiter-engine-5.11.4.jar:5.11.4]
    	at org.junit.platform.engine.support.hierarchical.ThrowableCollector.execute(ThrowableCollector.java:73) ~[junit-platform-engine-1.11.4.jar:1.11.4]
    	at org.junit.jupiter.engine.descriptor.TestMethodTestDescriptor.prepare(TestMethodTestDescriptor.java:104) ~[junit-jupiter-engine-5.11.4.jar:5.11.4]
    	at org.junit.jupiter.engine.descriptor.TestMethodTestDescriptor.prepare(TestMethodTestDescriptor.java:68) ~[junit-jupiter-engine-5.11.4.jar:5.11.4]
    	at org.junit.platform.engine.support.hierarchical.NodeTestTask.lambda$prepare$2(NodeTestTask.java:128) ~[junit-platform-engine-1.11.4.jar:1.11.4]
    	at org.junit.platform.engine.support.hierarchical.ThrowableCollector.execute(ThrowableCollector.java:73) ~[junit-platform-engine-1.11.4.jar:1.11.4]
    	at org.junit.platform.engine.support.hierarchical.NodeTestTask.prepare(NodeTestTask.java:128) ~[junit-platform-engine-1.11.4.jar:1.11.4]
    	at org.junit.platform.engine.support.hierarchical.NodeTestTask.execute(NodeTestTask.java:95) ~[junit-platform-engine-1.11.4.jar:1.11.4]
    	at java.base/java.util.ArrayList.forEach(ArrayList.java:1596) ~[na:na]
    	at org.junit.platform.engine.support.hierarchical.SameThreadHierarchicalTestExecutorService.invokeAll(SameThreadHierarchicalTestExecutorService.java:41) ~[junit-platform-engine-1.11.4.jar:1.11.4]
    	at org.junit.platform.engine.support.hierarchical.NodeTestTask.lambda$executeRecursively$6(NodeTestTask.java:160) ~[junit-platform-engine-1.11.4.jar:1.11.4]
    	at org.junit.platform.engine.support.hierarchical.ThrowableCollector.execute(ThrowableCollector.java:73) ~[junit-platform-engine-1.11.4.jar:1.11.4]
    	at org.junit.platform.engine.support.hierarchical.NodeTestTask.lambda$executeRecursively$8(NodeTestTask.java:146) ~[junit-platform-engine-1.11.4.jar:1.11.4]
    	at org.junit.platform.engine.support.hierarchical.Node.around(Node.java:137) ~[junit-platform-engine-1.11.4.jar:1.11.4]
    	at org.junit.platform.engine.support.hierarchical.NodeTestTask.lambda$executeRecursively$9(NodeTestTask.java:144) ~[junit-platform-engine-1.11.4.jar:1.11.4]
    	at org.junit.platform.engine.support.hierarchical.ThrowableCollector.execute(ThrowableCollector.java:73) ~[junit-platform-engine-1.11.4.jar:1.11.4]
    	at org.junit.platform.engine.support.hierarchical.NodeTestTask.executeRecursively(NodeTestTask.java:143) ~[junit-platform-engine-1.11.4.jar:1.11.4]
    	at org.junit.platform.engine.support.hierarchical.NodeTestTask.execute(NodeTestTask.java:100) ~[junit-platform-engine-1.11.4.jar:1.11.4]
    	at java.base/java.util.ArrayList.forEach(ArrayList.java:1596) ~[na:na]
    	at org.junit.platform.engine.support.hierarchical.SameThreadHierarchicalTestExecutorService.invokeAll(SameThreadHierarchicalTestExecutorService.java:41) ~[junit-platform-engine-1.11.4.jar:1.11.4]
    	at org.junit.platform.engine.support.hierarchical.NodeTestTask.lambda$executeRecursively$6(NodeTestTask.java:160) ~[junit-platform-engine-1.11.4.jar:1.11.4]
    	at org.junit.platform.engine.support.hierarchical.ThrowableCollector.execute(ThrowableCollector.java:73) ~[junit-platform-engine-1.11.4.jar:1.11.4]
    	at org.junit.platform.engine.support.hierarchical.NodeTestTask.lambda$executeRecursively$8(NodeTestTask.java:146) ~[junit-platform-engine-1.11.4.jar:1.11.4]
    	at org.junit.platform.engine.support.hierarchical.Node.around(Node.java:137) ~[junit-platform-engine-1.11.4.jar:1.11.4]
    	at org.junit.platform.engine.support.hierarchical.NodeTestTask.lambda$executeRecursively$9(NodeTestTask.java:144) ~[junit-platform-engine-1.11.4.jar:1.11.4]
    	at org.junit.platform.engine.support.hierarchical.ThrowableCollector.execute(ThrowableCollector.java:73) ~[junit-platform-engine-1.11.4.jar:1.11.4]
    	at org.junit.platform.engine.support.hierarchical.NodeTestTask.executeRecursively(NodeTestTask.java:143) ~[junit-platform-engine-1.11.4.jar:1.11.4]
    	at org.junit.platform.engine.support.hierarchical.NodeTestTask.execute(NodeTestTask.java:100) ~[junit-platform-engine-1.11.4.jar:1.11.4]
    	at org.junit.platform.engine.support.hierarchical.SameThreadHierarchicalTestExecutorService.submit(SameThreadHierarchicalTestExecutorService.java:35) ~[junit-platform-engine-1.11.4.jar:1.11.4]
    	at org.junit.platform.engine.support.hierarchical.HierarchicalTestExecutor.execute(HierarchicalTestExecutor.java:57) ~[junit-platform-engine-1.11.4.jar:1.11.4]
    	at org.junit.platform.engine.support.hierarchical.HierarchicalTestEngine.execute(HierarchicalTestEngine.java:54) ~[junit-platform-engine-1.11.4.jar:1.11.4]
    	at org.junit.platform.launcher.core.EngineExecutionOrchestrator.execute(EngineExecutionOrchestrator.java:198) ~[junit-platform-launcher-1.11.4.jar:1.11.4]
    	at org.junit.platform.launcher.core.EngineExecutionOrchestrator.execute(EngineExecutionOrchestrator.java:169) ~[junit-platform-launcher-1.11.4.jar:1.11.4]
    	at org.junit.platform.launcher.core.EngineExecutionOrchestrator.execute(EngineExecutionOrchestrator.java:93) ~[junit-platform-launcher-1.11.4.jar:1.11.4]
    	at org.junit.platform.launcher.core.EngineExecutionOrchestrator.lambda$execute$0(EngineExecutionOrchestrator.java:58) ~[junit-platform-launcher-1.11.4.jar:1.11.4]
    	at org.junit.platform.launcher.core.EngineExecutionOrchestrator.withInterceptedStreams(EngineExecutionOrchestrator.java:141) ~[junit-platform-launcher-1.11.4.jar:1.11.4]
    	at org.junit.platform.launcher.core.EngineExecutionOrchestrator.execute(EngineExecutionOrchestrator.java:57) ~[junit-platform-launcher-1.11.4.jar:1.11.4]
    	at org.junit.platform.launcher.core.DefaultLauncher.execute(DefaultLauncher.java:103) ~[junit-platform-launcher-1.11.4.jar:1.11.4]
    	at org.junit.platform.launcher.core.DefaultLauncher.execute(DefaultLauncher.java:85) ~[junit-platform-launcher-1.11.4.jar:1.11.4]
    	at org.junit.platform.launcher.core.DelegatingLauncher.execute(DelegatingLauncher.java:47) ~[junit-platform-launcher-1.11.4.jar:1.11.4]
    	at org.gradle.api.internal.tasks.testing.junitplatform.JUnitPlatformTestClassProcessor$CollectAllTestClassesExecutor.processAllTestClasses(JUnitPlatformTestClassProcessor.java:135) ~[na:na]
    	at org.gradle.api.internal.tasks.testing.junitplatform.JUnitPlatformTestClassProcessor$CollectAllTestClassesExecutor.access$000(JUnitPlatformTestClassProcessor.java:110) ~[na:na]
    	at org.gradle.api.internal.tasks.testing.junitplatform.JUnitPlatformTestClassProcessor.stop(JUnitPlatformTestClassProcessor.java:104) ~[na:na]
    	at org.gradle.api.internal.tasks.testing.SuiteTestClassProcessor.stop(SuiteTestClassProcessor.java:64) ~[na:na]
    	at java.base/jdk.internal.reflect.DirectMethodHandleAccessor.invoke(DirectMethodHandleAccessor.java:103) ~[na:na]
    	at java.base/java.lang.reflect.Method.invoke(Method.java:580) ~[na:na]
    	at org.gradle.internal.dispatch.MethodInvocation.invokeOn(MethodInvocation.java:77) ~[na:na]
    	at org.gradle.internal.dispatch.ReflectionDispatch.dispatch(ReflectionDispatch.java:28) ~[na:na]
    	at org.gradle.internal.dispatch.ReflectionDispatch.dispatch(ReflectionDispatch.java:19) ~[na:na]
    	at org.gradle.internal.dispatch.ContextClassLoaderDispatch.dispatch(ContextClassLoaderDispatch.java:33) ~[na:na]
    	at org.gradle.internal.dispatch.ProxyDispatchAdapter$DispatchingInvocationHandler.invoke(ProxyDispatchAdapter.java:88) ~[na:na]
    	at jdk.proxy1/jdk.proxy1.$Proxy4.stop(Unknown Source) ~[na:na]
    	at org.gradle.api.internal.tasks.testing.worker.TestWorker$3.run(TestWorker.java:194) ~[na:na]
    	at org.gradle.api.internal.tasks.testing.worker.TestWorker.executeAndMaintainThreadName(TestWorker.java:126) ~[na:na]
    	at org.gradle.api.internal.tasks.testing.worker.TestWorker.execute(TestWorker.java:103) ~[na:na]
    	at org.gradle.api.internal.tasks.testing.worker.TestWorker.execute(TestWorker.java:63) ~[na:na]
    	at org.gradle.process.internal.worker.child.ActionExecutionWorker.execute(ActionExecutionWorker.java:56) ~[na:na]
    	at org.gradle.process.internal.worker.child.SystemApplicationClassLoaderWorker.call(SystemApplicationClassLoaderWorker.java:122) ~[na:na]
    	at org.gradle.process.internal.worker.child.SystemApplicationClassLoaderWorker.call(SystemApplicationClassLoaderWorker.java:72) ~[na:na]
    	at worker.org.gradle.process.internal.worker.GradleWorkerMain.run(GradleWorkerMain.java:69) ~[gradle-worker.jar:na]
    	at worker.org.gradle.process.internal.worker.GradleWorkerMain.main(GradleWorkerMain.java:74) ~[gradle-worker.jar:na]
    Caused by: org.h2.jdbc.JdbcSQLSyntaxErrorException: Table "SEAT_RESERVATION" not found; SQL statement:

        alter table seat_reservation 
           drop 
           foreign key FK51vmmeopdicuwwwkr0v [42102-232]
    	at org.h2.message.DbException.getJdbcSQLException(DbException.java:514) ~[h2-2.3.232.jar:2.3.232]
    	at org.h2.message.DbException.getJdbcSQLException(DbException.java:489) ~[h2-2.3.232.jar:2.3.232]
    	at org.h2.message.DbException.get(DbException.java:223) ~[h2-2.3.232.jar:2.3.232]
    	at org.h2.message.DbException.get(DbException.java:199) ~[h2-2.3.232.jar:2.3.232]
    	at org.h2.command.ddl.AlterTable.update(AlterTable.java:43) ~[h2-2.3.232.jar:2.3.232]
    	at org.h2.command.CommandContainer.update(CommandContainer.java:139) ~[h2-2.3.232.jar:2.3.232]
    	at org.h2.command.Command.executeUpdate(Command.java:304) ~[h2-2.3.232.jar:2.3.232]
    	at org.h2.command.Command.executeUpdate(Command.java:248) ~[h2-2.3.232.jar:2.3.232]
    	at org.h2.jdbc.JdbcStatement.executeInternal(JdbcStatement.java:262) ~[h2-2.3.232.jar:2.3.232]
    	at org.h2.jdbc.JdbcStatement.execute(JdbcStatement.java:231) ~[h2-2.3.232.jar:2.3.232]
    	at com.zaxxer.hikari.pool.ProxyStatement.execute(ProxyStatement.java:94) ~[HikariCP-5.1.0.jar:na]
    	at com.zaxxer.hikari.pool.HikariProxyStatement.execute(HikariProxyStatement.java) ~[HikariCP-5.1.0.jar:na]
    	at org.hibernate.tool.schema.internal.exec.GenerationTargetToDatabase.accept(GenerationTargetToDatabase.java:80) ~[hibernate-core-6.6.36.Final.jar:6.6.36.Final]
    	... 132 common frames omitted

    Hibernate: 
        alter table seat_reservation 
           drop 
           foreign key FKsu6h2n4v6sy779ai6u9mu0d2o
    2025-12-18T20:07:03.219+09:00  WARN 20488 --- [reservation_system] [    Test worker] o.h.t.s.i.ExceptionHandlerLoggedImpl     : GenerationTarget encountered exception accepting command : Error executing DDL "
        alter table seat_reservation 
           drop 
           foreign key FKsu6h2n4v6sy779ai6u9mu0d2o" via JDBC [Table "SEAT_RESERVATION" not found;]

    org.hibernate.tool.schema.spi.CommandAcceptanceException: Error executing DDL "
        alter table seat_reservation 
           drop 
           foreign key FKsu6h2n4v6sy779ai6u9mu0d2o" via JDBC [Table "SEAT_RESERVATION" not found;]
    	at org.hibernate.tool.schema.internal.exec.GenerationTargetToDatabase.accept(GenerationTargetToDatabase.java:94) ~[hibernate-core-6.6.36.Final.jar:6.6.36.Final]
    	at org.hibernate.tool.schema.internal.Helper.applySqlString(Helper.java:233) ~[hibernate-core-6.6.36.Final.jar:6.6.36.Final]
    	at org.hibernate.tool.schema.internal.Helper.applySqlStrings(Helper.java:217) ~[hibernate-core-6.6.36.Final.jar:6.6.36.Final]
    	at org.hibernate.tool.schema.internal.SchemaDropperImpl.applyConstraintDropping(SchemaDropperImpl.java:479) ~[hibernate-core-6.6.36.Final.jar:6.6.36.Final]
    	at org.hibernate.tool.schema.internal.SchemaDropperImpl.dropConstraintsTablesSequences(SchemaDropperImpl.java:245) ~[hibernate-core-6.6.36.Final.jar:6.6.36.Final]
    	at org.hibernate.tool.schema.internal.SchemaDropperImpl.dropFromMetadata(SchemaDropperImpl.java:218) ~[hibernate-core-6.6.36.Final.jar:6.6.36.Final]
    	at org.hibernate.tool.schema.internal.SchemaDropperImpl.performDrop(SchemaDropperImpl.java:186) ~[hibernate-core-6.6.36.Final.jar:6.6.36.Final]
    	at org.hibernate.tool.schema.internal.SchemaDropperImpl.doDrop(SchemaDropperImpl.java:156) ~[hibernate-core-6.6.36.Final.jar:6.6.36.Final]
    	at org.hibernate.tool.schema.internal.SchemaDropperImpl.doDrop(SchemaDropperImpl.java:116) ~[hibernate-core-6.6.36.Final.jar:6.6.36.Final]
    	at org.hibernate.tool.schema.spi.SchemaManagementToolCoordinator.performDatabaseAction(SchemaManagementToolCoordinator.java:238) ~[hibernate-core-6.6.36.Final.jar:6.6.36.Final]
    	at org.hibernate.tool.schema.spi.SchemaManagementToolCoordinator.lambda$process$5(SchemaManagementToolCoordinator.java:144) ~[hibernate-core-6.6.36.Final.jar:6.6.36.Final]
    	at java.base/java.util.HashMap.forEach(HashMap.java:1429) ~[na:na]
    	at org.hibernate.tool.schema.spi.SchemaManagementToolCoordinator.process(SchemaManagementToolCoordinator.java:141) ~[hibernate-core-6.6.36.Final.jar:6.6.36.Final]
    	at org.hibernate.boot.internal.SessionFactoryObserverForSchemaExport.sessionFactoryCreated(SessionFactoryObserverForSchemaExport.java:37) ~[hibernate-core-6.6.36.Final.jar:6.6.36.Final]
    	at org.hibernate.internal.SessionFactoryObserverChain.sessionFactoryCreated(SessionFactoryObserverChain.java:35) ~[hibernate-core-6.6.36.Final.jar:6.6.36.Final]
    	at org.hibernate.internal.SessionFactoryImpl.<init>(SessionFactoryImpl.java:324) ~[hibernate-core-6.6.36.Final.jar:6.6.36.Final]
    	at org.hibernate.boot.internal.SessionFactoryBuilderImpl.build(SessionFactoryBuilderImpl.java:463) ~[hibernate-core-6.6.36.Final.jar:6.6.36.Final]
    	at org.hibernate.jpa.boot.internal.EntityManagerFactoryBuilderImpl.build(EntityManagerFactoryBuilderImpl.java:1517) ~[hibernate-core-6.6.36.Final.jar:6.6.36.Final]
    	at org.springframework.orm.jpa.vendor.SpringHibernateJpaPersistenceProvider.createContainerEntityManagerFactory(SpringHibernateJpaPersistenceProvider.java:66) ~[spring-orm-6.2.14.jar:6.2.14]
    	at org.springframework.orm.jpa.LocalContainerEntityManagerFactoryBean.createNativeEntityManagerFactory(LocalContainerEntityManagerFactoryBean.java:390) ~[spring-orm-6.2.14.jar:6.2.14]
    	at org.springframework.orm.jpa.AbstractEntityManagerFactoryBean.buildNativeEntityManagerFactory(AbstractEntityManagerFactoryBean.java:419) ~[spring-orm-6.2.14.jar:6.2.14]
    	at org.springframework.orm.jpa.AbstractEntityManagerFactoryBean.afterPropertiesSet(AbstractEntityManagerFactoryBean.java:400) ~[spring-orm-6.2.14.jar:6.2.14]
    	at org.springframework.orm.jpa.LocalContainerEntityManagerFactoryBean.afterPropertiesSet(LocalContainerEntityManagerFactoryBean.java:366) ~[spring-orm-6.2.14.jar:6.2.14]
    	at org.springframework.beans.factory.support.AbstractAutowireCapableBeanFactory.invokeInitMethods(AbstractAutowireCapableBeanFactory.java:1873) ~[spring-beans-6.2.14.jar:6.2.14]
    	at org.springframework.beans.factory.support.AbstractAutowireCapableBeanFactory.initializeBean(AbstractAutowireCapableBeanFactory.java:1822) ~[spring-beans-6.2.14.jar:6.2.14]
    	at org.springframework.beans.factory.support.AbstractAutowireCapableBeanFactory.doCreateBean(AbstractAutowireCapableBeanFactory.java:607) ~[spring-beans-6.2.14.jar:6.2.14]
    	at org.springframework.beans.factory.support.AbstractAutowireCapableBeanFactory.createBean(AbstractAutowireCapableBeanFactory.java:529) ~[spring-beans-6.2.14.jar:6.2.14]
    	at org.springframework.beans.factory.support.AbstractBeanFactory.lambda$doGetBean$0(AbstractBeanFactory.java:339) ~[spring-beans-6.2.14.jar:6.2.14]
    	at org.springframework.beans.factory.support.DefaultSingletonBeanRegistry.getSingleton(DefaultSingletonBeanRegistry.java:373) ~[spring-beans-6.2.14.jar:6.2.14]
    	at org.springframework.beans.factory.support.AbstractBeanFactory.doGetBean(AbstractBeanFactory.java:337) ~[spring-beans-6.2.14.jar:6.2.14]
    	at org.springframework.beans.factory.support.AbstractBeanFactory.getBean(AbstractBeanFactory.java:207) ~[spring-beans-6.2.14.jar:6.2.14]
    	at org.springframework.context.support.AbstractApplicationContext.finishBeanFactoryInitialization(AbstractApplicationContext.java:973) ~[spring-context-6.2.14.jar:6.2.14]
    	at org.springframework.context.support.AbstractApplicationContext.refresh(AbstractApplicationContext.java:627) ~[spring-context-6.2.14.jar:6.2.14]
    	at org.springframework.boot.SpringApplication.refresh(SpringApplication.java:752) ~[spring-boot-3.4.12.jar:3.4.12]
    	at org.springframework.boot.SpringApplication.refreshContext(SpringApplication.java:439) ~[spring-boot-3.4.12.jar:3.4.12]
    	at org.springframework.boot.SpringApplication.run(SpringApplication.java:318) ~[spring-boot-3.4.12.jar:3.4.12]
    	at org.springframework.boot.test.context.SpringBootContextLoader.lambda$loadContext$3(SpringBootContextLoader.java:144) ~[spring-boot-test-3.4.12.jar:3.4.12]
    	at org.springframework.util.function.ThrowingSupplier.get(ThrowingSupplier.java:58) ~[spring-core-6.2.14.jar:6.2.14]
    	at org.springframework.util.function.ThrowingSupplier.get(ThrowingSupplier.java:46) ~[spring-core-6.2.14.jar:6.2.14]
    	at org.springframework.boot.SpringApplication.withHook(SpringApplication.java:1461) ~[spring-boot-3.4.12.jar:3.4.12]
    	at org.springframework.boot.test.context.SpringBootContextLoader$ContextLoaderHook.run(SpringBootContextLoader.java:563) ~[spring-boot-test-3.4.12.jar:3.4.12]
    	at org.springframework.boot.test.context.SpringBootContextLoader.loadContext(SpringBootContextLoader.java:144) ~[spring-boot-test-3.4.12.jar:3.4.12]
    	at org.springframework.boot.test.context.SpringBootContextLoader.loadContext(SpringBootContextLoader.java:110) ~[spring-boot-test-3.4.12.jar:3.4.12]
    	at org.springframework.test.context.cache.DefaultCacheAwareContextLoaderDelegate.loadContextInternal(DefaultCacheAwareContextLoaderDelegate.java:225) ~[spring-test-6.2.14.jar:6.2.14]
    	at org.springframework.test.context.cache.DefaultCacheAwareContextLoaderDelegate.loadContext(DefaultCacheAwareContextLoaderDelegate.java:152) ~[spring-test-6.2.14.jar:6.2.14]
    	at org.springframework.test.context.support.DefaultTestContext.getApplicationContext(DefaultTestContext.java:130) ~[spring-test-6.2.14.jar:6.2.14]
    	at org.springframework.test.context.web.ServletTestExecutionListener.setUpRequestContextIfNecessary(ServletTestExecutionListener.java:200) ~[spring-test-6.2.14.jar:6.2.14]
    	at org.springframework.test.context.web.ServletTestExecutionListener.prepareTestInstance(ServletTestExecutionListener.java:139) ~[spring-test-6.2.14.jar:6.2.14]
    	at org.springframework.test.context.TestContextManager.prepareTestInstance(TestContextManager.java:260) ~[spring-test-6.2.14.jar:6.2.14]
    	at org.springframework.test.context.junit.jupiter.SpringExtension.postProcessTestInstance(SpringExtension.java:159) ~[spring-test-6.2.14.jar:6.2.14]
    	at org.junit.jupiter.engine.descriptor.ClassBasedTestDescriptor.lambda$invokeTestInstancePostProcessors$11(ClassBasedTestDescriptor.java:378) ~[junit-jupiter-engine-5.11.4.jar:5.11.4]
    	at org.junit.jupiter.engine.descriptor.ClassBasedTestDescriptor.executeAndMaskThrowable(ClassBasedTestDescriptor.java:383) ~[junit-jupiter-engine-5.11.4.jar:5.11.4]
    	at org.junit.jupiter.engine.descriptor.ClassBasedTestDescriptor.lambda$invokeTestInstancePostProcessors$12(ClassBasedTestDescriptor.java:378) ~[junit-jupiter-engine-5.11.4.jar:5.11.4]
    	at java.base/java.util.stream.ForEachOps$ForEachOp$OfRef.accept(ForEachOps.java:184) ~[na:na]
    	at java.base/java.util.stream.ReferencePipeline$3$1.accept(ReferencePipeline.java:197) ~[na:na]
    	at java.base/java.util.stream.ReferencePipeline$2$1.accept(ReferencePipeline.java:179) ~[na:na]
    	at java.base/java.util.stream.ReferencePipeline$3$1.accept(ReferencePipeline.java:197) ~[na:na]
    	at java.base/java.util.ArrayList$ArrayListSpliterator.forEachRemaining(ArrayList.java:1708) ~[na:na]
    	at java.base/java.util.stream.AbstractPipeline.copyInto(AbstractPipeline.java:509) ~[na:na]
    	at java.base/java.util.stream.AbstractPipeline.wrapAndCopyInto(AbstractPipeline.java:499) ~[na:na]
    	at java.base/java.util.stream.ForEachOps$ForEachOp.evaluateSequential(ForEachOps.java:151) ~[na:na]
    	at java.base/java.util.stream.ForEachOps$ForEachOp$OfRef.evaluateSequential(ForEachOps.java:174) ~[na:na]
    	at java.base/java.util.stream.AbstractPipeline.evaluate(AbstractPipeline.java:234) ~[na:na]
    	at java.base/java.util.stream.ReferencePipeline.forEach(ReferencePipeline.java:596) ~[na:na]
    	at org.junit.jupiter.engine.descriptor.ClassBasedTestDescriptor.invokeTestInstancePostProcessors(ClassBasedTestDescriptor.java:377) ~[junit-jupiter-engine-5.11.4.jar:5.11.4]
    	at org.junit.jupiter.engine.descriptor.ClassBasedTestDescriptor.lambda$instantiateAndPostProcessTestInstance$7(ClassBasedTestDescriptor.java:290) ~[junit-jupiter-engine-5.11.4.jar:5.11.4]
    	at org.junit.platform.engine.support.hierarchical.ThrowableCollector.execute(ThrowableCollector.java:73) ~[junit-platform-engine-1.11.4.jar:1.11.4]
    	at org.junit.jupiter.engine.descriptor.ClassBasedTestDescriptor.instantiateAndPostProcessTestInstance(ClassBasedTestDescriptor.java:289) ~[junit-jupiter-engine-5.11.4.jar:5.11.4]
    	at org.junit.jupiter.engine.descriptor.ClassBasedTestDescriptor.lambda$testInstancesProvider$5(ClassBasedTestDescriptor.java:279) ~[junit-jupiter-engine-5.11.4.jar:5.11.4]
    	at java.base/java.util.Optional.orElseGet(Optional.java:364) ~[na:na]
    	at org.junit.jupiter.engine.descriptor.ClassBasedTestDescriptor.lambda$testInstancesProvider$6(ClassBasedTestDescriptor.java:278) ~[junit-jupiter-engine-5.11.4.jar:5.11.4]
    	at org.junit.jupiter.engine.execution.TestInstancesProvider.getTestInstances(TestInstancesProvider.java:31) ~[junit-jupiter-engine-5.11.4.jar:5.11.4]
    	at org.junit.jupiter.engine.descriptor.TestMethodTestDescriptor.lambda$prepare$1(TestMethodTestDescriptor.java:105) ~[junit-jupiter-engine-5.11.4.jar:5.11.4]
    	at org.junit.platform.engine.support.hierarchical.ThrowableCollector.execute(ThrowableCollector.java:73) ~[junit-platform-engine-1.11.4.jar:1.11.4]
    	at org.junit.jupiter.engine.descriptor.TestMethodTestDescriptor.prepare(TestMethodTestDescriptor.java:104) ~[junit-jupiter-engine-5.11.4.jar:5.11.4]
    	at org.junit.jupiter.engine.descriptor.TestMethodTestDescriptor.prepare(TestMethodTestDescriptor.java:68) ~[junit-jupiter-engine-5.11.4.jar:5.11.4]
    	at org.junit.platform.engine.support.hierarchical.NodeTestTask.lambda$prepare$2(NodeTestTask.java:128) ~[junit-platform-engine-1.11.4.jar:1.11.4]
    	at org.junit.platform.engine.support.hierarchical.ThrowableCollector.execute(ThrowableCollector.java:73) ~[junit-platform-engine-1.11.4.jar:1.11.4]
    	at org.junit.platform.engine.support.hierarchical.NodeTestTask.prepare(NodeTestTask.java:128) ~[junit-platform-engine-1.11.4.jar:1.11.4]
    	at org.junit.platform.engine.support.hierarchical.NodeTestTask.execute(NodeTestTask.java:95) ~[junit-platform-engine-1.11.4.jar:1.11.4]
    	at java.base/java.util.ArrayList.forEach(ArrayList.java:1596) ~[na:na]
    	at org.junit.platform.engine.support.hierarchical.SameThreadHierarchicalTestExecutorService.invokeAll(SameThreadHierarchicalTestExecutorService.java:41) ~[junit-platform-engine-1.11.4.jar:1.11.4]
    	at org.junit.platform.engine.support.hierarchical.NodeTestTask.lambda$executeRecursively$6(NodeTestTask.java:160) ~[junit-platform-engine-1.11.4.jar:1.11.4]
    	at org.junit.platform.engine.support.hierarchical.ThrowableCollector.execute(ThrowableCollector.java:73) ~[junit-platform-engine-1.11.4.jar:1.11.4]
    	at org.junit.platform.engine.support.hierarchical.NodeTestTask.lambda$executeRecursively$8(NodeTestTask.java:146) ~[junit-platform-engine-1.11.4.jar:1.11.4]
    	at org.junit.platform.engine.support.hierarchical.Node.around(Node.java:137) ~[junit-platform-engine-1.11.4.jar:1.11.4]
    	at org.junit.platform.engine.support.hierarchical.NodeTestTask.lambda$executeRecursively$9(NodeTestTask.java:144) ~[junit-platform-engine-1.11.4.jar:1.11.4]
    	at org.junit.platform.engine.support.hierarchical.ThrowableCollector.execute(ThrowableCollector.java:73) ~[junit-platform-engine-1.11.4.jar:1.11.4]
    	at org.junit.platform.engine.support.hierarchical.NodeTestTask.executeRecursively(NodeTestTask.java:143) ~[junit-platform-engine-1.11.4.jar:1.11.4]
    	at org.junit.platform.engine.support.hierarchical.NodeTestTask.execute(NodeTestTask.java:100) ~[junit-platform-engine-1.11.4.jar:1.11.4]
    	at java.base/java.util.ArrayList.forEach(ArrayList.java:1596) ~[na:na]
    	at org.junit.platform.engine.support.hierarchical.SameThreadHierarchicalTestExecutorService.invokeAll(SameThreadHierarchicalTestExecutorService.java:41) ~[junit-platform-engine-1.11.4.jar:1.11.4]
    	at org.junit.platform.engine.support.hierarchical.NodeTestTask.lambda$executeRecursively$6(NodeTestTask.java:160) ~[junit-platform-engine-1.11.4.jar:1.11.4]
    	at org.junit.platform.engine.support.hierarchical.ThrowableCollector.execute(ThrowableCollector.java:73) ~[junit-platform-engine-1.11.4.jar:1.11.4]
    	at org.junit.platform.engine.support.hierarchical.NodeTestTask.lambda$executeRecursively$8(NodeTestTask.java:146) ~[junit-platform-engine-1.11.4.jar:1.11.4]
    	at org.junit.platform.engine.support.hierarchical.Node.around(Node.java:137) ~[junit-platform-engine-1.11.4.jar:1.11.4]
    	at org.junit.platform.engine.support.hierarchical.NodeTestTask.lambda$executeRecursively$9(NodeTestTask.java:144) ~[junit-platform-engine-1.11.4.jar:1.11.4]
    	at org.junit.platform.engine.support.hierarchical.ThrowableCollector.execute(ThrowableCollector.java:73) ~[junit-platform-engine-1.11.4.jar:1.11.4]
    	at org.junit.platform.engine.support.hierarchical.NodeTestTask.executeRecursively(NodeTestTask.java:143) ~[junit-platform-engine-1.11.4.jar:1.11.4]
    	at org.junit.platform.engine.support.hierarchical.NodeTestTask.execute(NodeTestTask.java:100) ~[junit-platform-engine-1.11.4.jar:1.11.4]
    	at org.junit.platform.engine.support.hierarchical.SameThreadHierarchicalTestExecutorService.submit(SameThreadHierarchicalTestExecutorService.java:35) ~[junit-platform-engine-1.11.4.jar:1.11.4]
    	at org.junit.platform.engine.support.hierarchical.HierarchicalTestExecutor.execute(HierarchicalTestExecutor.java:57) ~[junit-platform-engine-1.11.4.jar:1.11.4]
    	at org.junit.platform.engine.support.hierarchical.HierarchicalTestEngine.execute(HierarchicalTestEngine.java:54) ~[junit-platform-engine-1.11.4.jar:1.11.4]
    	at org.junit.platform.launcher.core.EngineExecutionOrchestrator.execute(EngineExecutionOrchestrator.java:198) ~[junit-platform-launcher-1.11.4.jar:1.11.4]
    	at org.junit.platform.launcher.core.EngineExecutionOrchestrator.execute(EngineExecutionOrchestrator.java:169) ~[junit-platform-launcher-1.11.4.jar:1.11.4]
    	at org.junit.platform.launcher.core.EngineExecutionOrchestrator.execute(EngineExecutionOrchestrator.java:93) ~[junit-platform-launcher-1.11.4.jar:1.11.4]
    	at org.junit.platform.launcher.core.EngineExecutionOrchestrator.lambda$execute$0(EngineExecutionOrchestrator.java:58) ~[junit-platform-launcher-1.11.4.jar:1.11.4]
    	at org.junit.platform.launcher.core.EngineExecutionOrchestrator.withInterceptedStreams(EngineExecutionOrchestrator.java:141) ~[junit-platform-launcher-1.11.4.jar:1.11.4]
    	at org.junit.platform.launcher.core.EngineExecutionOrchestrator.execute(EngineExecutionOrchestrator.java:57) ~[junit-platform-launcher-1.11.4.jar:1.11.4]
    	at org.junit.platform.launcher.core.DefaultLauncher.execute(DefaultLauncher.java:103) ~[junit-platform-launcher-1.11.4.jar:1.11.4]
    	at org.junit.platform.launcher.core.DefaultLauncher.execute(DefaultLauncher.java:85) ~[junit-platform-launcher-1.11.4.jar:1.11.4]
    	at org.junit.platform.launcher.core.DelegatingLauncher.execute(DelegatingLauncher.java:47) ~[junit-platform-launcher-1.11.4.jar:1.11.4]
    	at org.gradle.api.internal.tasks.testing.junitplatform.JUnitPlatformTestClassProcessor$CollectAllTestClassesExecutor.processAllTestClasses(JUnitPlatformTestClassProcessor.java:135) ~[na:na]
    	at org.gradle.api.internal.tasks.testing.junitplatform.JUnitPlatformTestClassProcessor$CollectAllTestClassesExecutor.access$000(JUnitPlatformTestClassProcessor.java:110) ~[na:na]
    	at org.gradle.api.internal.tasks.testing.junitplatform.JUnitPlatformTestClassProcessor.stop(JUnitPlatformTestClassProcessor.java:104) ~[na:na]
    	at org.gradle.api.internal.tasks.testing.SuiteTestClassProcessor.stop(SuiteTestClassProcessor.java:64) ~[na:na]
    	at java.base/jdk.internal.reflect.DirectMethodHandleAccessor.invoke(DirectMethodHandleAccessor.java:103) ~[na:na]
    	at java.base/java.lang.reflect.Method.invoke(Method.java:580) ~[na:na]
    	at org.gradle.internal.dispatch.MethodInvocation.invokeOn(MethodInvocation.java:77) ~[na:na]
    	at org.gradle.internal.dispatch.ReflectionDispatch.dispatch(ReflectionDispatch.java:28) ~[na:na]
    	at org.gradle.internal.dispatch.ReflectionDispatch.dispatch(ReflectionDispatch.java:19) ~[na:na]
    	at org.gradle.internal.dispatch.ContextClassLoaderDispatch.dispatch(ContextClassLoaderDispatch.java:33) ~[na:na]
    	at org.gradle.internal.dispatch.ProxyDispatchAdapter$DispatchingInvocationHandler.invoke(ProxyDispatchAdapter.java:88) ~[na:na]
    	at jdk.proxy1/jdk.proxy1.$Proxy4.stop(Unknown Source) ~[na:na]
    	at org.gradle.api.internal.tasks.testing.worker.TestWorker$3.run(TestWorker.java:194) ~[na:na]
    	at org.gradle.api.internal.tasks.testing.worker.TestWorker.executeAndMaintainThreadName(TestWorker.java:126) ~[na:na]
    	at org.gradle.api.internal.tasks.testing.worker.TestWorker.execute(TestWorker.java:103) ~[na:na]
    	at org.gradle.api.internal.tasks.testing.worker.TestWorker.execute(TestWorker.java:63) ~[na:na]
    	at org.gradle.process.internal.worker.child.ActionExecutionWorker.execute(ActionExecutionWorker.java:56) ~[na:na]
    	at org.gradle.process.internal.worker.child.SystemApplicationClassLoaderWorker.call(SystemApplicationClassLoaderWorker.java:122) ~[na:na]
    	at org.gradle.process.internal.worker.child.SystemApplicationClassLoaderWorker.call(SystemApplicationClassLoaderWorker.java:72) ~[na:na]
    	at worker.org.gradle.process.internal.worker.GradleWorkerMain.run(GradleWorkerMain.java:69) ~[gradle-worker.jar:na]
    	at worker.org.gradle.process.internal.worker.GradleWorkerMain.main(GradleWorkerMain.java:74) ~[gradle-worker.jar:na]
    Caused by: org.h2.jdbc.JdbcSQLSyntaxErrorException: Table "SEAT_RESERVATION" not found; SQL statement:

        alter table seat_reservation 
           drop 
           foreign key FKsu6h2n4v6sy779ai6u9 [42102-232]
    	at org.h2.message.DbException.getJdbcSQLException(DbException.java:514) ~[h2-2.3.232.jar:2.3.232]
    	at org.h2.message.DbException.getJdbcSQLException(DbException.java:489) ~[h2-2.3.232.jar:2.3.232]
    	at org.h2.message.DbException.get(DbException.java:223) ~[h2-2.3.232.jar:2.3.232]
    	at org.h2.message.DbException.get(DbException.java:199) ~[h2-2.3.232.jar:2.3.232]
    	at org.h2.command.ddl.AlterTable.update(AlterTable.java:43) ~[h2-2.3.232.jar:2.3.232]
    	at org.h2.command.CommandContainer.update(CommandContainer.java:139) ~[h2-2.3.232.jar:2.3.232]
    	at org.h2.command.Command.executeUpdate(Command.java:304) ~[h2-2.3.232.jar:2.3.232]
    	at org.h2.command.Command.executeUpdate(Command.java:248) ~[h2-2.3.232.jar:2.3.232]
    	at org.h2.jdbc.JdbcStatement.executeInternal(JdbcStatement.java:262) ~[h2-2.3.232.jar:2.3.232]
    	at org.h2.jdbc.JdbcStatement.execute(JdbcStatement.java:231) ~[h2-2.3.232.jar:2.3.232]
    	at com.zaxxer.hikari.pool.ProxyStatement.execute(ProxyStatement.java:94) ~[HikariCP-5.1.0.jar:na]
    	at com.zaxxer.hikari.pool.HikariProxyStatement.execute(HikariProxyStatement.java) ~[HikariCP-5.1.0.jar:na]
    	at org.hibernate.tool.schema.internal.exec.GenerationTargetToDatabase.accept(GenerationTargetToDatabase.java:80) ~[hibernate-core-6.6.36.Final.jar:6.6.36.Final]
    	... 132 common frames omitted

    Hibernate: 
        drop table if exists room
    Hibernate: 
        drop table if exists room_reservation
    Hibernate: 
        drop table if exists room_reservation_participant
    Hibernate: 
        drop table if exists seat
    Hibernate: 
        drop table if exists seat_reservation
    Hibernate: 
        drop table if exists student
    Hibernate: 
        create table room (
            capacity integer not null,
            id bigint not null auto_increment,
            primary key (id)
        ) engine=InnoDB
    Hibernate: 
        create table room_reservation (
            date date,
            duration integer not null,
            end_time time(6),
            start_time time(6),
            created_at datetime(6),
            id bigint not null auto_increment,
            leader_student_id bigint,
            representative_id bigint,
            room_id bigint,
            updated_at datetime(6),
            status enum ('CANCELED','CANCELED_PENALTY','CANCELED_REFUND','RESERVED'),
            primary key (id)
        ) engine=InnoDB
    Hibernate: 
        create table room_reservation_participant (
            is_representative bit not null,
            id bigint not null auto_increment,
            reservation_id bigint,
            student_id bigint,
            primary key (id)
        ) engine=InnoDB
    Hibernate: 
        create table seat (
            seat_number integer not null,
            id bigint not null auto_increment,
            status varchar(255),
            primary key (id)
        ) engine=InnoDB
    Hibernate: 
        create table seat_reservation (
            date date,
            end_time time(6),
            start_time time(6),
            created_at datetime(6),
            id bigint not null auto_increment,
            seat_id bigint,
            student_id bigint,
            updated_at datetime(6),
            primary key (id)
        ) engine=InnoDB
    Hibernate: 
        create table student (
            meeting_daily_used_hours integer not null,
            meeting_weekly_used_hours integer not null,
            room_daily_limit_hours integer not null,
            seat_daily_used_hours integer not null,
            seat_usage_date date,
            seat_weekly_used_hours integer not null,
            usage_date date,
            usage_week_start date,
            id bigint not null auto_increment,
            student_id bigint,
            name varchar(255),
            primary key (id)
        ) engine=InnoDB
    Hibernate: 
        alter table room_reservation 
           add constraint FK5cxvnl0bhgnu598bndyl4g7y0 
           foreign key (representative_id) 
           references student (id)
    Hibernate: 
        alter table room_reservation 
           add constraint FK19p6c3un3mbs7b7bxkcxk8xn2 
           foreign key (room_id) 
           references room (id)
    Hibernate: 
        alter table room_reservation_participant 
           add constraint FK3aeb051qtm3730e94jxs1ry1c 
           foreign key (reservation_id) 
           references room_reservation (id)
    Hibernate: 
        alter table room_reservation_participant 
           add constraint FKr804xl7417jpp35vtmokpxghw 
           foreign key (student_id) 
           references student (id)
    Hibernate: 
        alter table seat_reservation 
           add constraint FK51vmmeopdicuwwwkr0vd85jpo 
           foreign key (seat_id) 
           references seat (id)
    Hibernate: 
        alter table seat_reservation 
           add constraint FKsu6h2n4v6sy779ai6u9mu0d2o 
           foreign key (student_id) 
           references student (id)
    2025-12-18T20:07:03.267+09:00  INFO 20488 --- [reservation_system] [    Test worker] j.LocalContainerEntityManagerFactoryBean : Initialized JPA EntityManagerFactory for persistence unit 'default'
    2025-12-18T20:07:03.733+09:00  INFO 20488 --- [reservation_system] [    Test worker] o.s.d.j.r.query.QueryEnhancerFactory     : Hibernate is in classpath; If applicable, HQL parser will be used.
    2025-12-18T20:07:05.192+09:00  WARN 20488 --- [reservation_system] [    Test worker] JpaBaseConfiguration$JpaWebConfiguration : spring.jpa.open-in-view is enabled by default. Therefore, database queries may be performed during view rendering. Explicitly configure spring.jpa.open-in-view to disable this warning
    2025-12-18T20:07:05.249+09:00  INFO 20488 --- [reservation_system] [    Test worker] o.s.v.b.OptionalValidatorFactoryBean     : Failed to set up a Bean Validation provider: jakarta.validation.NoProviderFoundException: Unable to create a Configuration, because no Jakarta Bean Validation provider could be found. Add a provider like Hibernate Validator (RI) to your classpath.
    2025-12-18T20:07:05.945+09:00  INFO 20488 --- [reservation_system] [    Test worker] c.e.r.ReservationSystemApplicationTests  : Started ReservationSystemApplicationTests in 7.174 seconds (process running for 8.453)

ReservationSystemApplicationTests > contextLoads() STANDARD_ERROR
    Mockito is currently self-attaching to enable the inline-mock-maker. This will no longer work in future releases of the JDK. Please add Mockito as an agent to your build what is described in Mockito's documentation: https://javadoc.io/doc/org.mockito/mockito-core/latest/org/mockito/Mockito.html#0.3
    WARNING: A Java agent has been loaded dynamically (C:\Users\esthe\.gradle\caches\modules-2\files-2.1\net.bytebuddy\byte-buddy-agent\1.15.11\a38b16385e867f59a641330f0362ebe742788ed8\byte-buddy-agent-1.15.11.jar)
    WARNING: If a serviceability tool is in use, please run with -XX:+EnableDynamicAgentLoading to hide this warning
    WARNING: If a serviceability tool is not in use, please run with -Djdk.instrument.traceUsage for more information
    WARNING: Dynamic loading of agents will be disallowed by default in a future release

./gradlew : Java HotSpot(TM) 64-Bit Server VM warning: Sharing is only supported for boot loader classes because bootstrap classpath has been appended
위치 줄:1 문자:1
+ ./gradlew clean test --info *> test-output.txt
+ ~~~~~~~~~~~~~~~~~~~~~~~~~~~~~~~~~~~~~~~~~~~~~~
    + CategoryInfo          : NotSpecified: (Java HotSpot(TM...s been appended:String) [], RemoteException
    + FullyQualifiedErrorId : NativeCommandError
 

> Task :test

RoomReservationIntegrationTest STANDARD_OUT
    2025-12-18T20:07:06.419+09:00  INFO 20488 --- [reservation_system] [    Test worker] t.c.s.AnnotationConfigContextLoaderUtils : Could not detect default configuration classes for test class [com.example.reservationsystem.RoomReservationIntegrationTest]: RoomReservationIntegrationTest does not declare any static, non-private, non-final, nested classes annotated with @Configuration.
    2025-12-18T20:07:06.434+09:00  INFO 20488 --- [reservation_system] [    Test worker] .b.t.c.SpringBootTestContextBootstrapper : Found @SpringBootConfiguration com.example.reservationsystem.ReservationSystemApplication for test class com.example.reservationsystem.RoomReservationIntegrationTest

      .   ____          _            __ _ _
     /\\ / ___'_ __ _ _(_)_ __  __ _ \ \ \ \
    ( ( )\___ | '_ | '_| | '_ \/ _` | \ \ \ \
     \\/  ___)| |_)| | | | | || (_| |  ) ) ) )
      '  |____| .__|_| |_|_| |_\__, | / / / /
     =========|_|==============|___/=/_/_/_/

     :: Spring Boot ::               (v3.4.12)

    2025-12-18T20:07:06.473+09:00  INFO 20488 --- [reservation_system] [    Test worker] c.e.r.RoomReservationIntegrationTest     : Starting RoomReservationIntegrationTest using Java 21.0.9 with PID 20488 (started by esthe in E:\전북대\대학2025\소프트웨어공학\reservation-system)
    2025-12-18T20:07:06.473+09:00  INFO 20488 --- [reservation_system] [    Test worker] c.e.r.RoomReservationIntegrationTest     : The following 1 profile is active: "test"
    2025-12-18T20:07:06.752+09:00  INFO 20488 --- [reservation_system] [    Test worker] .s.d.r.c.RepositoryConfigurationDelegate : Bootstrapping Spring Data JPA repositories in DEFAULT mode.
    2025-12-18T20:07:06.783+09:00  INFO 20488 --- [reservation_system] [    Test worker] .s.d.r.c.RepositoryConfigurationDelegate : Finished Spring Data repository scanning in 22 ms. Found 7 JPA repository interfaces.
    2025-12-18T20:07:06.878+09:00  INFO 20488 --- [reservation_system] [    Test worker] o.hibernate.jpa.internal.util.LogHelper  : HHH000204: Processing PersistenceUnitInfo [name: default]
    2025-12-18T20:07:06.882+09:00  INFO 20488 --- [reservation_system] [    Test worker] o.h.c.internal.RegionFactoryInitiator    : HHH000026: Second-level cache disabled
    2025-12-18T20:07:06.894+09:00  INFO 20488 --- [reservation_system] [    Test worker] o.s.o.j.p.SpringPersistenceUnitInfo      : No LoadTimeWeaver setup: ignoring JPA class transformer
    2025-12-18T20:07:06.894+09:00  INFO 20488 --- [reservation_system] [    Test worker] com.zaxxer.hikari.HikariDataSource       : HikariPool-2 - Starting...
    2025-12-18T20:07:06.894+09:00  INFO 20488 --- [reservation_system] [    Test worker] com.zaxxer.hikari.pool.HikariPool        : HikariPool-2 - Added connection conn10: url=jdbc:h2:mem:testdb user=SA
    2025-12-18T20:07:06.894+09:00  INFO 20488 --- [reservation_system] [    Test worker] com.zaxxer.hikari.HikariDataSource       : HikariPool-2 - Start completed.
    2025-12-18T20:07:06.894+09:00  WARN 20488 --- [reservation_system] [    Test worker] org.hibernate.dialect.Dialect            : HHH000511: The 2.3.232 version for [org.hibernate.dialect.MySQLDialect] is no longer supported, hence certain features may not work properly. The minimum supported version is 8.0.0. Check the community dialects project for available legacy versions.
    2025-12-18T20:07:06.894+09:00  WARN 20488 --- [reservation_system] [    Test worker] org.hibernate.orm.deprecation            : HHH90000025: MySQLDialect does not need to be specified explicitly using 'hibernate.dialect' (remove the property setting and it will be selected by default)
    2025-12-18T20:07:06.894+09:00  INFO 20488 --- [reservation_system] [    Test worker] org.hibernate.orm.connections.pooling    : HHH10001005: Database info:
    	Database JDBC URL [Connecting through datasource 'HikariDataSource (HikariPool-2)']
    	Database driver: undefined/unknown
    	Database version: 2.3.232
    	Autocommit mode: undefined/unknown
    	Isolation level: undefined/unknown
    	Minimum pool size: undefined/unknown
    	Maximum pool size: undefined/unknown
    2025-12-18T20:07:06.974+09:00  INFO 20488 --- [reservation_system] [    Test worker] o.h.e.t.j.p.i.JtaPlatformInitiator       : HHH000489: No JTA platform available (set 'hibernate.transaction.jta.platform' to enable JTA platform integration)
    Hibernate: 
        alter table room_reservation 
           drop 
           foreign key FK5cxvnl0bhgnu598bndyl4g7y0
    Hibernate: 
        alter table room_reservation 
           drop 
           foreign key FK19p6c3un3mbs7b7bxkcxk8xn2
    Hibernate: 
        alter table room_reservation_participant 
           drop 
           foreign key FK3aeb051qtm3730e94jxs1ry1c
    Hibernate: 
        alter table room_reservation_participant 
           drop 
           foreign key FKr804xl7417jpp35vtmokpxghw
    Hibernate: 
        alter table seat_reservation 
           drop 
           foreign key FK51vmmeopdicuwwwkr0vd85jpo
    Hibernate: 
        alter table seat_reservation 
           drop 
           foreign key FKsu6h2n4v6sy779ai6u9mu0d2o
    Hibernate: 
        drop table if exists room
    Hibernate: 
        drop table if exists room_reservation
    Hibernate: 
        drop table if exists room_reservation_participant
    Hibernate: 
        drop table if exists seat
    Hibernate: 
        drop table if exists seat_reservation
    Hibernate: 
        drop table if exists student
    Hibernate: 
        create table room (
            capacity integer not null,
            id bigint not null auto_increment,
            primary key (id)
        ) engine=InnoDB
    Hibernate: 
        create table room_reservation (
            date date,
            duration integer not null,
            end_time time(6),
            start_time time(6),
            created_at datetime(6),
            id bigint not null auto_increment,
            leader_student_id bigint,
            representative_id bigint,
            room_id bigint,
            updated_at datetime(6),
            status enum ('CANCELED','CANCELED_PENALTY','CANCELED_REFUND','RESERVED'),
            primary key (id)
        ) engine=InnoDB
    Hibernate: 
        create table room_reservation_participant (
            is_representative bit not null,
            id bigint not null auto_increment,
            reservation_id bigint,
            student_id bigint,
            primary key (id)
        ) engine=InnoDB
    Hibernate: 
        create table seat (
            seat_number integer not null,
            id bigint not null auto_increment,
            status varchar(255),
            primary key (id)
        ) engine=InnoDB
    Hibernate: 
        create table seat_reservation (
            date date,
            end_time time(6),
            start_time time(6),
            created_at datetime(6),
            id bigint not null auto_increment,
            seat_id bigint,
            student_id bigint,
            updated_at datetime(6),
            primary key (id)
        ) engine=InnoDB
    Hibernate: 
        create table student (
            meeting_daily_used_hours integer not null,
            meeting_weekly_used_hours integer not null,
            room_daily_limit_hours integer not null,
            seat_daily_used_hours integer not null,
            seat_usage_date date,
            seat_weekly_used_hours integer not null,
            usage_date date,
            usage_week_start date,
            id bigint not null auto_increment,
            student_id bigint,
            name varchar(255),
            primary key (id)
        ) engine=InnoDB
    Hibernate: 
        alter table room_reservation 
           add constraint FK5cxvnl0bhgnu598bndyl4g7y0 
           foreign key (representative_id) 
           references student (id)
    Hibernate: 
        alter table room_reservation 
           add constraint FK19p6c3un3mbs7b7bxkcxk8xn2 
           foreign key (room_id) 
           references room (id)
    Hibernate: 
        alter table room_reservation_participant 
           add constraint FK3aeb051qtm3730e94jxs1ry1c 
           foreign key (reservation_id) 
           references room_reservation (id)
    Hibernate: 
        alter table room_reservation_participant 
           add constraint FKr804xl7417jpp35vtmokpxghw 
           foreign key (student_id) 
           references student (id)
    Hibernate: 
        alter table seat_reservation 
           add constraint FK51vmmeopdicuwwwkr0vd85jpo 
           foreign key (seat_id) 
           references seat (id)
    Hibernate: 
        alter table seat_reservation 
           add constraint FKsu6h2n4v6sy779ai6u9mu0d2o 
           foreign key (student_id) 
           references student (id)
    2025-12-18T20:07:07.006+09:00  INFO 20488 --- [reservation_system] [    Test worker] j.LocalContainerEntityManagerFactoryBean : Initialized JPA EntityManagerFactory for persistence unit 'default'
    2025-12-18T20:07:07.132+09:00  WARN 20488 --- [reservation_system] [    Test worker] JpaBaseConfiguration$JpaWebConfiguration : spring.jpa.open-in-view is enabled by default. Therefore, database queries may be performed during view rendering. Explicitly configure spring.jpa.open-in-view to disable this warning
    2025-12-18T20:07:07.148+09:00  INFO 20488 --- [reservation_system] [    Test worker] o.s.v.b.OptionalValidatorFactoryBean     : Failed to set up a Bean Validation provider: jakarta.validation.NoProviderFoundException: Unable to create a Configuration, because no Jakarta Bean Validation provider could be found. Add a provider like Hibernate Validator (RI) to your classpath.
    2025-12-18T20:07:07.307+09:00  INFO 20488 --- [reservation_system] [    Test worker] o.s.b.t.m.w.SpringBootMockServletContext : Initializing Spring TestDispatcherServlet ''
    2025-12-18T20:07:07.307+09:00  INFO 20488 --- [reservation_system] [    Test worker] o.s.t.web.servlet.TestDispatcherServlet  : Initializing Servlet ''
    2025-12-18T20:07:07.307+09:00  INFO 20488 --- [reservation_system] [    Test worker] o.s.t.web.servlet.TestDispatcherServlet  : Completed initialization in 0 ms
    2025-12-18T20:07:07.327+09:00  INFO 20488 --- [reservation_system] [    Test worker] c.e.r.RoomReservationIntegrationTest     : Started RoomReservationIntegrationTest in 0.893 seconds (process running for 9.831)

RoomReservationIntegrationTest > TC_ROOM_C_06_취소방식확인_삭제구현_재취소시_404() STANDARD_OUT
    Hibernate: 
        /* <criteria> */ select
            rrp1_0.id,
            rrp1_0.is_representative,
            rrp1_0.reservation_id,
            rrp1_0.student_id 
        from
            room_reservation_participant rrp1_0
    Hibernate: 
        /* <criteria> */ select
            rr1_0.id,
            rr1_0.created_at,
            rr1_0.date,
            rr1_0.duration,
            rr1_0.end_time,
            rr1_0.leader_student_id,
            rr1_0.representative_id,
            rr1_0.room_id,
            rr1_0.start_time,
            rr1_0.status,
            rr1_0.updated_at 
        from
            room_reservation rr1_0
    Hibernate: 
        /* <criteria> */ select
            s1_0.id,
            s1_0.meeting_daily_used_hours,
            s1_0.meeting_weekly_used_hours,
            s1_0.name,
            s1_0.room_daily_limit_hours,
            s1_0.seat_daily_used_hours,
            s1_0.seat_usage_date,
            s1_0.seat_weekly_used_hours,
            s1_0.student_id,
            s1_0.usage_date,
            s1_0.usage_week_start 
        from
            student s1_0
    Hibernate: 
        /* <criteria> */ select
            r1_0.id,
            r1_0.capacity 
        from
            room r1_0
    Hibernate: 
        /* insert for
            com.example.reservationsystem.domain.entity.Room */insert 
        into
            room (capacity) 
        values
            (?)
    Hibernate: 
        select
            r1_0.id,
            r1_0.capacity 
        from
            room r1_0 
        where
            r1_0.id=?
    Hibernate: 
        /* <criteria> */ select
            s1_0.id,
            s1_0.meeting_daily_used_hours,
            s1_0.meeting_weekly_used_hours,
            s1_0.name,
            s1_0.room_daily_limit_hours,
            s1_0.seat_daily_used_hours,
            s1_0.seat_usage_date,
            s1_0.seat_weekly_used_hours,
            s1_0.student_id,
            s1_0.usage_date,
            s1_0.usage_week_start 
        from
            student s1_0 
        where
            s1_0.student_id=?
    Hibernate: 
        /* insert for
            com.example.reservationsystem.domain.entity.Student */insert 
        into
            student (meeting_daily_used_hours, meeting_weekly_used_hours, name, room_daily_limit_hours, seat_daily_used_hours, seat_usage_date, seat_weekly_used_hours, student_id, usage_date, usage_week_start) 
        values
            (?, ?, ?, ?, ?, ?, ?, ?, ?, ?)
    Hibernate: 
        /*     select
            count(r) > 0     
        from
            RoomReservation r     
        where
            r.room.id = :roomId       
            and r.date = :date       
            and r.startTime < :endTime       
            and r.endTime > :startTime  */ select
                count(rr1_0.id)>0 
            from
                room_reservation rr1_0 
            where
                rr1_0.room_id=? 
                and rr1_0.date=? 
                and rr1_0.start_time<? 
                and rr1_0.end_time>?
    Hibernate: 
        /* <criteria> */ select
            s1_0.id,
            s1_0.meeting_daily_used_hours,
            s1_0.meeting_weekly_used_hours,
            s1_0.name,
            s1_0.room_daily_limit_hours,
            s1_0.seat_daily_used_hours,
            s1_0.seat_usage_date,
            s1_0.seat_weekly_used_hours,
            s1_0.student_id,
            s1_0.usage_date,
            s1_0.usage_week_start 
        from
            student s1_0 
        where
            s1_0.student_id=?
    Hibernate: 
        /* update
            for com.example.reservationsystem.domain.entity.Student */update student 
        set
            meeting_daily_used_hours=?,
            meeting_weekly_used_hours=?,
            name=?,
            room_daily_limit_hours=?,
            seat_daily_used_hours=?,
            seat_usage_date=?,
            seat_weekly_used_hours=?,
            student_id=?,
            usage_date=?,
            usage_week_start=? 
        where
            id=?
    Hibernate: 
        /* select
            (count(p) > 0) 
        from
            RoomReservationParticipant p 
        join
            p.reservation r 
        where
            p.student.studentId = :studentId   
            and r.date = :date   
            and r.status = com.example.reservationsystem.domain.entity.RoomReservationStatus.RESERVED   
            and r.startTime < :endTime   
            and r.endTime > :startTime  */ select
                (count(rrp1_0.id)>0) 
            from
                room_reservation_participant rrp1_0 
            join
                room_reservation r1_0 
                    on r1_0.id=rrp1_0.reservation_id 
            join
                student s1_0 
                    on s1_0.id=rrp1_0.student_id 
            where
                s1_0.student_id=? 
                and r1_0.date=? 
                and r1_0.status='RESERVED' 
                and r1_0.start_time<? 
                and r1_0.end_time>?
    Hibernate: 
        /* <criteria> */ select
            s1_0.id,
            s1_0.meeting_daily_used_hours,
            s1_0.meeting_weekly_used_hours,
            s1_0.name,
            s1_0.room_daily_limit_hours,
            s1_0.seat_daily_used_hours,
            s1_0.seat_usage_date,
            s1_0.seat_weekly_used_hours,
            s1_0.student_id,
            s1_0.usage_date,
            s1_0.usage_week_start 
        from
            student s1_0 
        where
            s1_0.student_id=?
    Hibernate: 
        /* insert for
            com.example.reservationsystem.domain.entity.Student */insert 
        into
            student (meeting_daily_used_hours, meeting_weekly_used_hours, name, room_daily_limit_hours, seat_daily_used_hours, seat_usage_date, seat_weekly_used_hours, student_id, usage_date, usage_week_start) 
        values
            (?, ?, ?, ?, ?, ?, ?, ?, ?, ?)
    Hibernate: 
        /* update
            for com.example.reservationsystem.domain.entity.Student */update student 
        set
            meeting_daily_used_hours=?,
            meeting_weekly_used_hours=?,
            name=?,
            room_daily_limit_hours=?,
            seat_daily_used_hours=?,
            seat_usage_date=?,
            seat_weekly_used_hours=?,
            student_id=?,
            usage_date=?,
            usage_week_start=? 
        where
            id=?
    Hibernate: 
        /* select
            (count(p) > 0) 
        from
            RoomReservationParticipant p 
        join
            p.reservation r 
        where
            p.student.studentId = :studentId   
            and r.date = :date   
            and r.status = com.example.reservationsystem.domain.entity.RoomReservationStatus.RESERVED   
            and r.startTime < :endTime   
            and r.endTime > :startTime  */ select
                (count(rrp1_0.id)>0) 
            from
                room_reservation_participant rrp1_0 
            join
                room_reservation r1_0 
                    on r1_0.id=rrp1_0.reservation_id 
            join
                student s1_0 
                    on s1_0.id=rrp1_0.student_id 
            where
                s1_0.student_id=? 
                and r1_0.date=? 
                and r1_0.status='RESERVED' 
                and r1_0.start_time<? 
                and r1_0.end_time>?
    Hibernate: 
        /* <criteria> */ select
            s1_0.id,
            s1_0.meeting_daily_used_hours,
            s1_0.meeting_weekly_used_hours,
            s1_0.name,
            s1_0.room_daily_limit_hours,
            s1_0.seat_daily_used_hours,
            s1_0.seat_usage_date,
            s1_0.seat_weekly_used_hours,
            s1_0.student_id,
            s1_0.usage_date,
            s1_0.usage_week_start 
        from
            student s1_0 
        where
            s1_0.student_id=?
    Hibernate: 
        /* insert for
            com.example.reservationsystem.domain.entity.Student */insert 
        into
            student (meeting_daily_used_hours, meeting_weekly_used_hours, name, room_daily_limit_hours, seat_daily_used_hours, seat_usage_date, seat_weekly_used_hours, student_id, usage_date, usage_week_start) 
        values
            (?, ?, ?, ?, ?, ?, ?, ?, ?, ?)
    Hibernate: 
        /* update
            for com.example.reservationsystem.domain.entity.Student */update student 
        set
            meeting_daily_used_hours=?,
            meeting_weekly_used_hours=?,
            name=?,
            room_daily_limit_hours=?,
            seat_daily_used_hours=?,
            seat_usage_date=?,
            seat_weekly_used_hours=?,
            student_id=?,
            usage_date=?,
            usage_week_start=? 
        where
            id=?
    Hibernate: 
        /* select
            (count(p) > 0) 
        from
            RoomReservationParticipant p 
        join
            p.reservation r 
        where
            p.student.studentId = :studentId   
            and r.date = :date   
            and r.status = com.example.reservationsystem.domain.entity.RoomReservationStatus.RESERVED   
            and r.startTime < :endTime   
            and r.endTime > :startTime  */ select
                (count(rrp1_0.id)>0) 
            from
                room_reservation_participant rrp1_0 
            join
                room_reservation r1_0 
                    on r1_0.id=rrp1_0.reservation_id 
            join
                student s1_0 
                    on s1_0.id=rrp1_0.student_id 
            where
                s1_0.student_id=? 
                and r1_0.date=? 
                and r1_0.status='RESERVED' 
                and r1_0.start_time<? 
                and r1_0.end_time>?
    Hibernate: 
        /* insert for
            com.example.reservationsystem.domain.entity.RoomReservation */insert 
        into
            room_reservation (created_at, date, duration, end_time, leader_student_id, representative_id, room_id, start_time, status, updated_at) 
        values
            (?, ?, ?, ?, ?, ?, ?, ?, ?, ?)
    Hibernate: 
        /* insert for
            com.example.reservationsystem.domain.entity.RoomReservationParticipant */insert 
        into
            room_reservation_participant (is_representative, reservation_id, student_id) 
        values
            (?, ?, ?)
    Hibernate: 
        /* insert for
            com.example.reservationsystem.domain.entity.RoomReservationParticipant */insert 
        into
            room_reservation_participant (is_representative, reservation_id, student_id) 
        values
            (?, ?, ?)
    Hibernate: 
        /* insert for
            com.example.reservationsystem.domain.entity.RoomReservationParticipant */insert 
        into
            room_reservation_participant (is_representative, reservation_id, student_id) 
        values
            (?, ?, ?)
    Hibernate: 
        /* update
            for com.example.reservationsystem.domain.entity.Student */update student 
        set
            meeting_daily_used_hours=?,
            meeting_weekly_used_hours=?,
            name=?,
            room_daily_limit_hours=?,
            seat_daily_used_hours=?,
            seat_usage_date=?,
            seat_weekly_used_hours=?,
            student_id=?,
            usage_date=?,
            usage_week_start=? 
        where
            id=?
    Hibernate: 
        /* update
            for com.example.reservationsystem.domain.entity.Student */update student 
        set
            meeting_daily_used_hours=?,
            meeting_weekly_used_hours=?,
            name=?,
            room_daily_limit_hours=?,
            seat_daily_used_hours=?,
            seat_usage_date=?,
            seat_weekly_used_hours=?,
            student_id=?,
            usage_date=?,
            usage_week_start=? 
        where
            id=?
    Hibernate: 
        /* update
            for com.example.reservationsystem.domain.entity.Student */update student 
        set
            meeting_daily_used_hours=?,
            meeting_weekly_used_hours=?,
            name=?,
            room_daily_limit_hours=?,
            seat_daily_used_hours=?,
            seat_usage_date=?,
            seat_weekly_used_hours=?,
            student_id=?,
            usage_date=?,
            usage_week_start=? 
        where
            id=?
    Hibernate: 
        select
            rr1_0.id,
            rr1_0.created_at,
            rr1_0.date,
            rr1_0.duration,
            rr1_0.end_time,
            rr1_0.leader_student_id,
            r1_0.id,
            r1_0.meeting_daily_used_hours,
            r1_0.meeting_weekly_used_hours,
            r1_0.name,
            r1_0.room_daily_limit_hours,
            r1_0.seat_daily_used_hours,
            r1_0.seat_usage_date,
            r1_0.seat_weekly_used_hours,
            r1_0.student_id,
            r1_0.usage_date,
            r1_0.usage_week_start,
            r2_0.id,
            r2_0.capacity,
            rr1_0.start_time,
            rr1_0.status,
            rr1_0.updated_at 
        from
            room_reservation rr1_0 
        left join
            student r1_0 
                on r1_0.id=rr1_0.representative_id 
        left join
            room r2_0 
                on r2_0.id=rr1_0.room_id 
        where
            rr1_0.id=?
    Hibernate: 
        /* <criteria> */ select
            rrp1_0.id,
            rrp1_0.is_representative,
            rrp1_0.reservation_id,
            rrp1_0.student_id 
        from
            room_reservation_participant rrp1_0 
        left join
            room_reservation r1_0 
                on r1_0.id=rrp1_0.reservation_id 
        left join
            student s1_0 
                on s1_0.id=rrp1_0.student_id 
        where
            r1_0.id=? 
            and s1_0.student_id=?
    Hibernate: 
        /* <criteria> */ select
            rrp1_0.id,
            rrp1_0.is_representative,
            rrp1_0.reservation_id,
            rrp1_0.student_id 
        from
            room_reservation_participant rrp1_0 
        left join
            room_reservation r1_0 
                on r1_0.id=rrp1_0.reservation_id 
        where
            r1_0.id=?
    Hibernate: 
        select
            s1_0.id,
            s1_0.meeting_daily_used_hours,
            s1_0.meeting_weekly_used_hours,
            s1_0.name,
            s1_0.room_daily_limit_hours,
            s1_0.seat_daily_used_hours,
            s1_0.seat_usage_date,
            s1_0.seat_weekly_used_hours,
            s1_0.student_id,
            s1_0.usage_date,
            s1_0.usage_week_start 
        from
            student s1_0 
        where
            s1_0.id=?
    Hibernate: 
        select
            s1_0.id,
            s1_0.meeting_daily_used_hours,
            s1_0.meeting_weekly_used_hours,
            s1_0.name,
            s1_0.room_daily_limit_hours,
            s1_0.seat_daily_used_hours,
            s1_0.seat_usage_date,
            s1_0.seat_weekly_used_hours,
            s1_0.student_id,
            s1_0.usage_date,
            s1_0.usage_week_start 
        from
            student s1_0 
        where
            s1_0.id=?
    Hibernate: 
        /* <criteria> */ select
            s1_0.id,
            s1_0.meeting_daily_used_hours,
            s1_0.meeting_weekly_used_hours,
            s1_0.name,
            s1_0.room_daily_limit_hours,
            s1_0.seat_daily_used_hours,
            s1_0.seat_usage_date,
            s1_0.seat_weekly_used_hours,
            s1_0.student_id,
            s1_0.usage_date,
            s1_0.usage_week_start 
        from
            student s1_0 
        where
            s1_0.student_id=?
    Hibernate: 
        /* update
            for com.example.reservationsystem.domain.entity.Student */update student 
        set
            meeting_daily_used_hours=?,
            meeting_weekly_used_hours=?,
            name=?,
            room_daily_limit_hours=?,
            seat_daily_used_hours=?,
            seat_usage_date=?,
            seat_weekly_used_hours=?,
            student_id=?,
            usage_date=?,
            usage_week_start=? 
        where
            id=?
    Hibernate: 
        /* <criteria> */ select
            s1_0.id,
            s1_0.meeting_daily_used_hours,
            s1_0.meeting_weekly_used_hours,
            s1_0.name,
            s1_0.room_daily_limit_hours,
            s1_0.seat_daily_used_hours,
            s1_0.seat_usage_date,
            s1_0.seat_weekly_used_hours,
            s1_0.student_id,
            s1_0.usage_date,
            s1_0.usage_week_start 
        from
            student s1_0 
        where
            s1_0.student_id=?
    Hibernate: 
        /* update
            for com.example.reservationsystem.domain.entity.Student */update student 
        set
            meeting_daily_used_hours=?,
            meeting_weekly_used_hours=?,
            name=?,
            room_daily_limit_hours=?,
            seat_daily_used_hours=?,
            seat_usage_date=?,
            seat_weekly_used_hours=?,
            student_id=?,
            usage_date=?,
            usage_week_start=? 
        where
            id=?
    Hibernate: 
        /* <criteria> */ select
            s1_0.id,
            s1_0.meeting_daily_used_hours,
            s1_0.meeting_weekly_used_hours,
            s1_0.name,
            s1_0.room_daily_limit_hours,
            s1_0.seat_daily_used_hours,
            s1_0.seat_usage_date,
            s1_0.seat_weekly_used_hours,
            s1_0.student_id,
            s1_0.usage_date,
            s1_0.usage_week_start 
        from
            student s1_0 
        where
            s1_0.student_id=?
    Hibernate: 
        /* update
            for com.example.reservationsystem.domain.entity.Student */update student 
        set
            meeting_daily_used_hours=?,
            meeting_weekly_used_hours=?,
            name=?,
            room_daily_limit_hours=?,
            seat_daily_used_hours=?,
            seat_usage_date=?,
            seat_weekly_used_hours=?,
            student_id=?,
            usage_date=?,
            usage_week_start=? 
        where
            id=?
    Hibernate: 
        /* delete for com.example.reservationsystem.domain.entity.RoomReservationParticipant */delete 
        from
            room_reservation_participant 
        where
            id=?
    Hibernate: 
        /* delete for com.example.reservationsystem.domain.entity.RoomReservationParticipant */delete 
        from
            room_reservation_participant 
        where
            id=?
    Hibernate: 
        /* delete for com.example.reservationsystem.domain.entity.RoomReservationParticipant */delete 
        from
            room_reservation_participant 
        where
            id=?
    Hibernate: 
        /* delete for com.example.reservationsystem.domain.entity.RoomReservation */delete 
        from
            room_reservation 
        where
            id=?
    Hibernate: 
        select
            rr1_0.id,
            rr1_0.created_at,
            rr1_0.date,
            rr1_0.duration,
            rr1_0.end_time,
            rr1_0.leader_student_id,
            r1_0.id,
            r1_0.meeting_daily_used_hours,
            r1_0.meeting_weekly_used_hours,
            r1_0.name,
            r1_0.room_daily_limit_hours,
            r1_0.seat_daily_used_hours,
            r1_0.seat_usage_date,
            r1_0.seat_weekly_used_hours,
            r1_0.student_id,
            r1_0.usage_date,
            r1_0.usage_week_start,
            r2_0.id,
            r2_0.capacity,
            rr1_0.start_time,
            rr1_0.status,
            rr1_0.updated_at 
        from
            room_reservation rr1_0 
        left join
            student r1_0 
                on r1_0.id=rr1_0.representative_id 
        left join
            room r2_0 
                on r2_0.id=rr1_0.room_id 
        where
            rr1_0.id=?

RoomReservationIntegrationTest > TC_ROOM_L_02_예약목록조회_없음() STANDARD_OUT
    Hibernate: 
        /* <criteria> */ select
            rrp1_0.id,
            rrp1_0.is_representative,
            rrp1_0.reservation_id,
            rrp1_0.student_id 
        from
            room_reservation_participant rrp1_0
    Hibernate: 
        /* <criteria> */ select
            rr1_0.id,
            rr1_0.created_at,
            rr1_0.date,
            rr1_0.duration,
            rr1_0.end_time,
            rr1_0.leader_student_id,
            rr1_0.representative_id,
            rr1_0.room_id,
            rr1_0.start_time,
            rr1_0.status,
            rr1_0.updated_at 
        from
            room_reservation rr1_0
    Hibernate: 
        /* <criteria> */ select
            s1_0.id,
            s1_0.meeting_daily_used_hours,
            s1_0.meeting_weekly_used_hours,
            s1_0.name,
            s1_0.room_daily_limit_hours,
            s1_0.seat_daily_used_hours,
            s1_0.seat_usage_date,
            s1_0.seat_weekly_used_hours,
            s1_0.student_id,
            s1_0.usage_date,
            s1_0.usage_week_start 
        from
            student s1_0
    Hibernate: 
        /* delete for com.example.reservationsystem.domain.entity.Student */delete 
        from
            student 
        where
            id=?
    Hibernate: 
        /* delete for com.example.reservationsystem.domain.entity.Student */delete 
        from
            student 
        where
            id=?
    Hibernate: 
        /* delete for com.example.reservationsystem.domain.entity.Student */delete 
        from
            student 
        where
            id=?
    Hibernate: 
        /* <criteria> */ select
            r1_0.id,
            r1_0.capacity 
        from
            room r1_0
    Hibernate: 
        /* delete for com.example.reservationsystem.domain.entity.Room */delete 
        from
            room 
        where
            id=?
    Hibernate: 
        /* insert for
            com.example.reservationsystem.domain.entity.Room */insert 
        into
            room (capacity) 
        values
            (?)
    Hibernate: 
        /*     select
            p.reservation     
        from
            RoomReservationParticipant p     
        where
            p.student.studentId = :studentId     
        order by
            p.reservation.date asc,
            p.reservation.startTime asc  */ select
                r1_0.id,
                r1_0.created_at,
                r1_0.date,
                r1_0.duration,
                r1_0.end_time,
                r1_0.leader_student_id,
                r1_0.representative_id,
                r1_0.room_id,
                r1_0.start_time,
                r1_0.status,
                r1_0.updated_at 
            from
                room_reservation_participant rrp1_0 
            join
                room_reservation r1_0 
                    on r1_0.id=rrp1_0.reservation_id 
            join
                student s1_0 
                    on s1_0.id=rrp1_0.student_id 
            where
                s1_0.student_id=? 
            order by
                r1_0.date,
                r1_0.start_time

RoomReservationIntegrationTest > TC_ROOM_C_05_없는예약취소_404_RESERVATION_NOT_FOUND() STANDARD_OUT
    Hibernate: 
        /* <criteria> */ select
            rrp1_0.id,
            rrp1_0.is_representative,
            rrp1_0.reservation_id,
            rrp1_0.student_id 
        from
            room_reservation_participant rrp1_0
    Hibernate: 
        /* <criteria> */ select
            rr1_0.id,
            rr1_0.created_at,
            rr1_0.date,
            rr1_0.duration,
            rr1_0.end_time,
            rr1_0.leader_student_id,
            rr1_0.representative_id,
            rr1_0.room_id,
            rr1_0.start_time,
            rr1_0.status,
            rr1_0.updated_at 
        from
            room_reservation rr1_0
    Hibernate: 
        /* <criteria> */ select
            s1_0.id,
            s1_0.meeting_daily_used_hours,
            s1_0.meeting_weekly_used_hours,
            s1_0.name,
            s1_0.room_daily_limit_hours,
            s1_0.seat_daily_used_hours,
            s1_0.seat_usage_date,
            s1_0.seat_weekly_used_hours,
            s1_0.student_id,
            s1_0.usage_date,
            s1_0.usage_week_start 
        from
            student s1_0
    Hibernate: 
        /* <criteria> */ select
            r1_0.id,
            r1_0.capacity 
        from
            room r1_0
    Hibernate: 
        /* delete for com.example.reservationsystem.domain.entity.Room */delete 
        from
            room 
        where
            id=?
    Hibernate: 
        /* insert for
            com.example.reservationsystem.domain.entity.Room */insert 
        into
            room (capacity) 
        values
            (?)
    Hibernate: 
        select
            rr1_0.id,
            rr1_0.created_at,
            rr1_0.date,
            rr1_0.duration,
            rr1_0.end_time,
            rr1_0.leader_student_id,
            r1_0.id,
            r1_0.meeting_daily_used_hours,
            r1_0.meeting_weekly_used_hours,
            r1_0.name,
            r1_0.room_daily_limit_hours,
            r1_0.seat_daily_used_hours,
            r1_0.seat_usage_date,
            r1_0.seat_weekly_used_hours,
            r1_0.student_id,
            r1_0.usage_date,
            r1_0.usage_week_start,
            r2_0.id,
            r2_0.capacity,
            rr1_0.start_time,
            rr1_0.status,
            rr1_0.updated_at 
        from
            room_reservation rr1_0 
        left join
            student r1_0 
                on r1_0.id=rr1_0.representative_id 
        left join
            room r2_0 
                on r2_0.id=rr1_0.room_id 
        where
            rr1_0.id=?

RoomReservationIntegrationTest > TC_ROOM_L_04_잘못된요청_파라미터없음_400() STANDARD_OUT
    Hibernate: 
        /* <criteria> */ select
            rrp1_0.id,
            rrp1_0.is_representative,
            rrp1_0.reservation_id,
            rrp1_0.student_id 
        from
            room_reservation_participant rrp1_0
    Hibernate: 
        /* <criteria> */ select
            rr1_0.id,
            rr1_0.created_at,
            rr1_0.date,
            rr1_0.duration,
            rr1_0.end_time,
            rr1_0.leader_student_id,
            rr1_0.representative_id,
            rr1_0.room_id,
            rr1_0.start_time,
            rr1_0.status,
            rr1_0.updated_at 
        from
            room_reservation rr1_0
    Hibernate: 
        /* <criteria> */ select
            s1_0.id,
            s1_0.meeting_daily_used_hours,
            s1_0.meeting_weekly_used_hours,
            s1_0.name,
            s1_0.room_daily_limit_hours,
            s1_0.seat_daily_used_hours,
            s1_0.seat_usage_date,
            s1_0.seat_weekly_used_hours,
            s1_0.student_id,
            s1_0.usage_date,
            s1_0.usage_week_start 
        from
            student s1_0
    Hibernate: 
        /* <criteria> */ select
            r1_0.id,
            r1_0.capacity 
        from
            room r1_0
    Hibernate: 
        /* delete for com.example.reservationsystem.domain.entity.Room */delete 
        from
            room 
        where
            id=?
    Hibernate: 
        /* insert for
            com.example.reservationsystem.domain.entity.Room */insert 
        into
            room (capacity) 
        values
            (?)

RoomReservationIntegrationTest > TC_ROOM_L_03_취소후목록반영_즉시삭제확인() STANDARD_OUT
    Hibernate: 
        /* <criteria> */ select
            rrp1_0.id,
            rrp1_0.is_representative,
            rrp1_0.reservation_id,
            rrp1_0.student_id 
        from
            room_reservation_participant rrp1_0
    Hibernate: 
        /* <criteria> */ select
            rr1_0.id,
            rr1_0.created_at,
            rr1_0.date,
            rr1_0.duration,
            rr1_0.end_time,
            rr1_0.leader_student_id,
            rr1_0.representative_id,
            rr1_0.room_id,
            rr1_0.start_time,
            rr1_0.status,
            rr1_0.updated_at 
        from
            room_reservation rr1_0
    Hibernate: 
        /* <criteria> */ select
            s1_0.id,
            s1_0.meeting_daily_used_hours,
            s1_0.meeting_weekly_used_hours,
            s1_0.name,
            s1_0.room_daily_limit_hours,
            s1_0.seat_daily_used_hours,
            s1_0.seat_usage_date,
            s1_0.seat_weekly_used_hours,
            s1_0.student_id,
            s1_0.usage_date,
            s1_0.usage_week_start 
        from
            student s1_0
    Hibernate: 
        /* <criteria> */ select
            r1_0.id,
            r1_0.capacity 
        from
            room r1_0
    Hibernate: 
        /* delete for com.example.reservationsystem.domain.entity.Room */delete 
        from
            room 
        where
            id=?
    Hibernate: 
        /* insert for
            com.example.reservationsystem.domain.entity.Room */insert 
        into
            room (capacity) 
        values
            (?)
    Hibernate: 
        select
            r1_0.id,
            r1_0.capacity 
        from
            room r1_0 
        where
            r1_0.id=?
    Hibernate: 
        /* <criteria> */ select
            s1_0.id,
            s1_0.meeting_daily_used_hours,
            s1_0.meeting_weekly_used_hours,
            s1_0.name,
            s1_0.room_daily_limit_hours,
            s1_0.seat_daily_used_hours,
            s1_0.seat_usage_date,
            s1_0.seat_weekly_used_hours,
            s1_0.student_id,
            s1_0.usage_date,
            s1_0.usage_week_start 
        from
            student s1_0 
        where
            s1_0.student_id=?
    Hibernate: 
        /* insert for
            com.example.reservationsystem.domain.entity.Student */insert 
        into
            student (meeting_daily_used_hours, meeting_weekly_used_hours, name, room_daily_limit_hours, seat_daily_used_hours, seat_usage_date, seat_weekly_used_hours, student_id, usage_date, usage_week_start) 
        values
            (?, ?, ?, ?, ?, ?, ?, ?, ?, ?)
    Hibernate: 
        /*     select
            count(r) > 0     
        from
            RoomReservation r     
        where
            r.room.id = :roomId       
            and r.date = :date       
            and r.startTime < :endTime       
            and r.endTime > :startTime  */ select
                count(rr1_0.id)>0 
            from
                room_reservation rr1_0 
            where
                rr1_0.room_id=? 
                and rr1_0.date=? 
                and rr1_0.start_time<? 
                and rr1_0.end_time>?
    Hibernate: 
        /* <criteria> */ select
            s1_0.id,
            s1_0.meeting_daily_used_hours,
            s1_0.meeting_weekly_used_hours,
            s1_0.name,
            s1_0.room_daily_limit_hours,
            s1_0.seat_daily_used_hours,
            s1_0.seat_usage_date,
            s1_0.seat_weekly_used_hours,
            s1_0.student_id,
            s1_0.usage_date,
            s1_0.usage_week_start 
        from
            student s1_0 
        where
            s1_0.student_id=?
    Hibernate: 
        /* update
            for com.example.reservationsystem.domain.entity.Student */update student 
        set
            meeting_daily_used_hours=?,
            meeting_weekly_used_hours=?,
            name=?,
            room_daily_limit_hours=?,
            seat_daily_used_hours=?,
            seat_usage_date=?,
            seat_weekly_used_hours=?,
            student_id=?,
            usage_date=?,
            usage_week_start=? 
        where
            id=?
    Hibernate: 
        /* select
            (count(p) > 0) 
        from
            RoomReservationParticipant p 
        join
            p.reservation r 
        where
            p.student.studentId = :studentId   
            and r.date = :date   
            and r.status = com.example.reservationsystem.domain.entity.RoomReservationStatus.RESERVED   
            and r.startTime < :endTime   
            and r.endTime > :startTime  */ select
                (count(rrp1_0.id)>0) 
            from
                room_reservation_participant rrp1_0 
            join
                room_reservation r1_0 
                    on r1_0.id=rrp1_0.reservation_id 
            join
                student s1_0 
                    on s1_0.id=rrp1_0.student_id 
            where
                s1_0.student_id=? 
                and r1_0.date=? 
                and r1_0.status='RESERVED' 
                and r1_0.start_time<? 
                and r1_0.end_time>?
    Hibernate: 
        /* <criteria> */ select
            s1_0.id,
            s1_0.meeting_daily_used_hours,
            s1_0.meeting_weekly_used_hours,
            s1_0.name,
            s1_0.room_daily_limit_hours,
            s1_0.seat_daily_used_hours,
            s1_0.seat_usage_date,
            s1_0.seat_weekly_used_hours,
            s1_0.student_id,
            s1_0.usage_date,
            s1_0.usage_week_start 
        from
            student s1_0 
        where
            s1_0.student_id=?
    Hibernate: 
        /* insert for
            com.example.reservationsystem.domain.entity.Student */insert 
        into
            student (meeting_daily_used_hours, meeting_weekly_used_hours, name, room_daily_limit_hours, seat_daily_used_hours, seat_usage_date, seat_weekly_used_hours, student_id, usage_date, usage_week_start) 
        values
            (?, ?, ?, ?, ?, ?, ?, ?, ?, ?)
    Hibernate: 
        /* update
            for com.example.reservationsystem.domain.entity.Student */update student 
        set
            meeting_daily_used_hours=?,
            meeting_weekly_used_hours=?,
            name=?,
            room_daily_limit_hours=?,
            seat_daily_used_hours=?,
            seat_usage_date=?,
            seat_weekly_used_hours=?,
            student_id=?,
            usage_date=?,
            usage_week_start=? 
        where
            id=?
    Hibernate: 
        /* select
            (count(p) > 0) 
        from
            RoomReservationParticipant p 
        join
            p.reservation r 
        where
            p.student.studentId = :studentId   
            and r.date = :date   
            and r.status = com.example.reservationsystem.domain.entity.RoomReservationStatus.RESERVED   
            and r.startTime < :endTime   
            and r.endTime > :startTime  */ select
                (count(rrp1_0.id)>0) 
            from
                room_reservation_participant rrp1_0 
            join
                room_reservation r1_0 
                    on r1_0.id=rrp1_0.reservation_id 
            join
                student s1_0 
                    on s1_0.id=rrp1_0.student_id 
            where
                s1_0.student_id=? 
                and r1_0.date=? 
                and r1_0.status='RESERVED' 
                and r1_0.start_time<? 
                and r1_0.end_time>?
    Hibernate: 
        /* <criteria> */ select
            s1_0.id,
            s1_0.meeting_daily_used_hours,
            s1_0.meeting_weekly_used_hours,
            s1_0.name,
            s1_0.room_daily_limit_hours,
            s1_0.seat_daily_used_hours,
            s1_0.seat_usage_date,
            s1_0.seat_weekly_used_hours,
            s1_0.student_id,
            s1_0.usage_date,
            s1_0.usage_week_start 
        from
            student s1_0 
        where
            s1_0.student_id=?
    Hibernate: 
        /* insert for
            com.example.reservationsystem.domain.entity.Student */insert 
        into
            student (meeting_daily_used_hours, meeting_weekly_used_hours, name, room_daily_limit_hours, seat_daily_used_hours, seat_usage_date, seat_weekly_used_hours, student_id, usage_date, usage_week_start) 
        values
            (?, ?, ?, ?, ?, ?, ?, ?, ?, ?)
    Hibernate: 
        /* update
            for com.example.reservationsystem.domain.entity.Student */update student 
        set
            meeting_daily_used_hours=?,
            meeting_weekly_used_hours=?,
            name=?,
            room_daily_limit_hours=?,
            seat_daily_used_hours=?,
            seat_usage_date=?,
            seat_weekly_used_hours=?,
            student_id=?,
            usage_date=?,
            usage_week_start=? 
        where
            id=?
    Hibernate: 
        /* select
            (count(p) > 0) 
        from
            RoomReservationParticipant p 
        join
            p.reservation r 
        where
            p.student.studentId = :studentId   
            and r.date = :date   
            and r.status = com.example.reservationsystem.domain.entity.RoomReservationStatus.RESERVED   
            and r.startTime < :endTime   
            and r.endTime > :startTime  */ select
                (count(rrp1_0.id)>0) 
            from
                room_reservation_participant rrp1_0 
            join
                room_reservation r1_0 
                    on r1_0.id=rrp1_0.reservation_id 
            join
                student s1_0 
                    on s1_0.id=rrp1_0.student_id 
            where
                s1_0.student_id=? 
                and r1_0.date=? 
                and r1_0.status='RESERVED' 
                and r1_0.start_time<? 
                and r1_0.end_time>?
    Hibernate: 
        /* insert for
            com.example.reservationsystem.domain.entity.RoomReservation */insert 
        into
            room_reservation (created_at, date, duration, end_time, leader_student_id, representative_id, room_id, start_time, status, updated_at) 
        values
            (?, ?, ?, ?, ?, ?, ?, ?, ?, ?)
    Hibernate: 
        /* insert for
            com.example.reservationsystem.domain.entity.RoomReservationParticipant */insert 
        into
            room_reservation_participant (is_representative, reservation_id, student_id) 
        values
            (?, ?, ?)
    Hibernate: 
        /* insert for
            com.example.reservationsystem.domain.entity.RoomReservationParticipant */insert 
        into
            room_reservation_participant (is_representative, reservation_id, student_id) 
        values
            (?, ?, ?)
    Hibernate: 
        /* insert for
            com.example.reservationsystem.domain.entity.RoomReservationParticipant */insert 
        into
            room_reservation_participant (is_representative, reservation_id, student_id) 
        values
            (?, ?, ?)
    Hibernate: 
        /* update
            for com.example.reservationsystem.domain.entity.Student */update student 
        set
            meeting_daily_used_hours=?,
            meeting_weekly_used_hours=?,
            name=?,
            room_daily_limit_hours=?,
            seat_daily_used_hours=?,
            seat_usage_date=?,
            seat_weekly_used_hours=?,
            student_id=?,
            usage_date=?,
            usage_week_start=? 
        where
            id=?
    Hibernate: 
        /* update
            for com.example.reservationsystem.domain.entity.Student */update student 
        set
            meeting_daily_used_hours=?,
            meeting_weekly_used_hours=?,
            name=?,
            room_daily_limit_hours=?,
            seat_daily_used_hours=?,
            seat_usage_date=?,
            seat_weekly_used_hours=?,
            student_id=?,
            usage_date=?,
            usage_week_start=? 
        where
            id=?
    Hibernate: 
        /* update
            for com.example.reservationsystem.domain.entity.Student */update student 
        set
            meeting_daily_used_hours=?,
            meeting_weekly_used_hours=?,
            name=?,
            room_daily_limit_hours=?,
            seat_daily_used_hours=?,
            seat_usage_date=?,
            seat_weekly_used_hours=?,
            student_id=?,
            usage_date=?,
            usage_week_start=? 
        where
            id=?
    Hibernate: 
        select
            rr1_0.id,
            rr1_0.created_at,
            rr1_0.date,
            rr1_0.duration,
            rr1_0.end_time,
            rr1_0.leader_student_id,
            r1_0.id,
            r1_0.meeting_daily_used_hours,
            r1_0.meeting_weekly_used_hours,
            r1_0.name,
            r1_0.room_daily_limit_hours,
            r1_0.seat_daily_used_hours,
            r1_0.seat_usage_date,
            r1_0.seat_weekly_used_hours,
            r1_0.student_id,
            r1_0.usage_date,
            r1_0.usage_week_start,
            r2_0.id,
            r2_0.capacity,
            rr1_0.start_time,
            rr1_0.status,
            rr1_0.updated_at 
        from
            room_reservation rr1_0 
        left join
            student r1_0 
                on r1_0.id=rr1_0.representative_id 
        left join
            room r2_0 
                on r2_0.id=rr1_0.room_id 
        where
            rr1_0.id=?
    Hibernate: 
        /* <criteria> */ select
            rrp1_0.id,
            rrp1_0.is_representative,
            rrp1_0.reservation_id,
            rrp1_0.student_id 
        from
            room_reservation_participant rrp1_0 
        left join
            room_reservation r1_0 
                on r1_0.id=rrp1_0.reservation_id 
        left join
            student s1_0 
                on s1_0.id=rrp1_0.student_id 
        where
            r1_0.id=? 
            and s1_0.student_id=?
    Hibernate: 
        /* <criteria> */ select
            rrp1_0.id,
            rrp1_0.is_representative,
            rrp1_0.reservation_id,
            rrp1_0.student_id 
        from
            room_reservation_participant rrp1_0 
        left join
            room_reservation r1_0 
                on r1_0.id=rrp1_0.reservation_id 
        where
            r1_0.id=?
    Hibernate: 
        select
            s1_0.id,
            s1_0.meeting_daily_used_hours,
            s1_0.meeting_weekly_used_hours,
            s1_0.name,
            s1_0.room_daily_limit_hours,
            s1_0.seat_daily_used_hours,
            s1_0.seat_usage_date,
            s1_0.seat_weekly_used_hours,
            s1_0.student_id,
            s1_0.usage_date,
            s1_0.usage_week_start 
        from
            student s1_0 
        where
            s1_0.id=?
    Hibernate: 
        select
            s1_0.id,
            s1_0.meeting_daily_used_hours,
            s1_0.meeting_weekly_used_hours,
            s1_0.name,
            s1_0.room_daily_limit_hours,
            s1_0.seat_daily_used_hours,
            s1_0.seat_usage_date,
            s1_0.seat_weekly_used_hours,
            s1_0.student_id,
            s1_0.usage_date,
            s1_0.usage_week_start 
        from
            student s1_0 
        where
            s1_0.id=?
    Hibernate: 
        /* <criteria> */ select
            s1_0.id,
            s1_0.meeting_daily_used_hours,
            s1_0.meeting_weekly_used_hours,
            s1_0.name,
            s1_0.room_daily_limit_hours,
            s1_0.seat_daily_used_hours,
            s1_0.seat_usage_date,
            s1_0.seat_weekly_used_hours,
            s1_0.student_id,
            s1_0.usage_date,
            s1_0.usage_week_start 
        from
            student s1_0 
        where
            s1_0.student_id=?
    Hibernate: 
        /* update
            for com.example.reservationsystem.domain.entity.Student */update student 
        set
            meeting_daily_used_hours=?,
            meeting_weekly_used_hours=?,
            name=?,
            room_daily_limit_hours=?,
            seat_daily_used_hours=?,
            seat_usage_date=?,
            seat_weekly_used_hours=?,
            student_id=?,
            usage_date=?,
            usage_week_start=? 
        where
            id=?
    Hibernate: 
        /* <criteria> */ select
            s1_0.id,
            s1_0.meeting_daily_used_hours,
            s1_0.meeting_weekly_used_hours,
            s1_0.name,
            s1_0.room_daily_limit_hours,
            s1_0.seat_daily_used_hours,
            s1_0.seat_usage_date,
            s1_0.seat_weekly_used_hours,
            s1_0.student_id,
            s1_0.usage_date,
            s1_0.usage_week_start 
        from
            student s1_0 
        where
            s1_0.student_id=?
    Hibernate: 
        /* update
            for com.example.reservationsystem.domain.entity.Student */update student 
        set
            meeting_daily_used_hours=?,
            meeting_weekly_used_hours=?,
            name=?,
            room_daily_limit_hours=?,
            seat_daily_used_hours=?,
            seat_usage_date=?,
            seat_weekly_used_hours=?,
            student_id=?,
            usage_date=?,
            usage_week_start=? 
        where
            id=?
    Hibernate: 
        /* <criteria> */ select
            s1_0.id,
            s1_0.meeting_daily_used_hours,
            s1_0.meeting_weekly_used_hours,
            s1_0.name,
            s1_0.room_daily_limit_hours,
            s1_0.seat_daily_used_hours,
            s1_0.seat_usage_date,
            s1_0.seat_weekly_used_hours,
            s1_0.student_id,
            s1_0.usage_date,
            s1_0.usage_week_start 
        from
            student s1_0 
        where
            s1_0.student_id=?
    Hibernate: 
        /* update
            for com.example.reservationsystem.domain.entity.Student */update student 
        set
            meeting_daily_used_hours=?,
            meeting_weekly_used_hours=?,
            name=?,
            room_daily_limit_hours=?,
            seat_daily_used_hours=?,
            seat_usage_date=?,
            seat_weekly_used_hours=?,
            student_id=?,
            usage_date=?,
            usage_week_start=? 
        where
            id=?
    Hibernate: 
        /* delete for com.example.reservationsystem.domain.entity.RoomReservationParticipant */delete 
        from
            room_reservation_participant 
        where
            id=?
    Hibernate: 
        /* delete for com.example.reservationsystem.domain.entity.RoomReservationParticipant */delete 
        from
            room_reservation_participant 
        where
            id=?
    Hibernate: 
        /* delete for com.example.reservationsystem.domain.entity.RoomReservationParticipant */delete 
        from
            room_reservation_participant 
        where
            id=?
    Hibernate: 
        /* delete for com.example.reservationsystem.domain.entity.RoomReservation */delete 
        from
            room_reservation 
        where
            id=?
    Hibernate: 
        /*     select
            p.reservation     
        from
            RoomReservationParticipant p     
        where
            p.student.studentId = :studentId     
        order by
            p.reservation.date asc,
            p.reservation.startTime asc  */ select
                r1_0.id,
                r1_0.created_at,
                r1_0.date,
                r1_0.duration,
                r1_0.end_time,
                r1_0.leader_student_id,
                r1_0.representative_id,
                r1_0.room_id,
                r1_0.start_time,
                r1_0.status,
                r1_0.updated_at 
            from
                room_reservation_participant rrp1_0 
            join
                room_reservation r1_0 
                    on r1_0.id=rrp1_0.reservation_id 
            join
                student s1_0 
                    on s1_0.id=rrp1_0.student_id 
            where
                s1_0.student_id=? 
            order by
                r1_0.date,
                r1_0.start_time
    Hibernate: 
        select
            rr1_0.id,
            rr1_0.created_at,
            rr1_0.date,
            rr1_0.duration,
            rr1_0.end_time,
            rr1_0.leader_student_id,
            r1_0.id,
            r1_0.meeting_daily_used_hours,
            r1_0.meeting_weekly_used_hours,
            r1_0.name,
            r1_0.room_daily_limit_hours,
            r1_0.seat_daily_used_hours,
            r1_0.seat_usage_date,
            r1_0.seat_weekly_used_hours,
            r1_0.student_id,
            r1_0.usage_date,
            r1_0.usage_week_start,
            r2_0.id,
            r2_0.capacity,
            rr1_0.start_time,
            rr1_0.status,
            rr1_0.updated_at 
        from
            room_reservation rr1_0 
        left join
            student r1_0 
                on r1_0.id=rr1_0.representative_id 
        left join
            room r2_0 
                on r2_0.id=rr1_0.room_id 
        where
            rr1_0.id=?

RoomReservationIntegrationTest > TC_ROOM_C_03_비대표자취소_403_NO_CANCEL_PERMISSION() STANDARD_OUT
    Hibernate: 
        /* <criteria> */ select
            rrp1_0.id,
            rrp1_0.is_representative,
            rrp1_0.reservation_id,
            rrp1_0.student_id 
        from
            room_reservation_participant rrp1_0
    Hibernate: 
        /* <criteria> */ select
            rr1_0.id,
            rr1_0.created_at,
            rr1_0.date,
            rr1_0.duration,
            rr1_0.end_time,
            rr1_0.leader_student_id,
            rr1_0.representative_id,
            rr1_0.room_id,
            rr1_0.start_time,
            rr1_0.status,
            rr1_0.updated_at 
        from
            room_reservation rr1_0
    Hibernate: 
        /* <criteria> */ select
            s1_0.id,
            s1_0.meeting_daily_used_hours,
            s1_0.meeting_weekly_used_hours,
            s1_0.name,
            s1_0.room_daily_limit_hours,
            s1_0.seat_daily_used_hours,
            s1_0.seat_usage_date,
            s1_0.seat_weekly_used_hours,
            s1_0.student_id,
            s1_0.usage_date,
            s1_0.usage_week_start 
        from
            student s1_0
    Hibernate: 
        /* delete for com.example.reservationsystem.domain.entity.Student */delete 
        from
            student 
        where
            id=?
    Hibernate: 
        /* delete for com.example.reservationsystem.domain.entity.Student */delete 
        from
            student 
        where
            id=?
    Hibernate: 
        /* delete for com.example.reservationsystem.domain.entity.Student */delete 
        from
            student 
        where
            id=?
    Hibernate: 
        /* <criteria> */ select
            r1_0.id,
            r1_0.capacity 
        from
            room r1_0
    Hibernate: 
        /* delete for com.example.reservationsystem.domain.entity.Room */delete 
        from
            room 
        where
            id=?
    Hibernate: 
        /* insert for
            com.example.reservationsystem.domain.entity.Room */insert 
        into
            room (capacity) 
        values
            (?)
    Hibernate: 
        select
            r1_0.id,
            r1_0.capacity 
        from
            room r1_0 
        where
            r1_0.id=?
    Hibernate: 
        /* <criteria> */ select
            s1_0.id,
            s1_0.meeting_daily_used_hours,
            s1_0.meeting_weekly_used_hours,
            s1_0.name,
            s1_0.room_daily_limit_hours,
            s1_0.seat_daily_used_hours,
            s1_0.seat_usage_date,
            s1_0.seat_weekly_used_hours,
            s1_0.student_id,
            s1_0.usage_date,
            s1_0.usage_week_start 
        from
            student s1_0 
        where
            s1_0.student_id=?
    Hibernate: 
        /* insert for
            com.example.reservationsystem.domain.entity.Student */insert 
        into
            student (meeting_daily_used_hours, meeting_weekly_used_hours, name, room_daily_limit_hours, seat_daily_used_hours, seat_usage_date, seat_weekly_used_hours, student_id, usage_date, usage_week_start) 
        values
            (?, ?, ?, ?, ?, ?, ?, ?, ?, ?)
    Hibernate: 
        /*     select
            count(r) > 0     
        from
            RoomReservation r     
        where
            r.room.id = :roomId       
            and r.date = :date       
            and r.startTime < :endTime       
            and r.endTime > :startTime  */ select
                count(rr1_0.id)>0 
            from
                room_reservation rr1_0 
            where
                rr1_0.room_id=? 
                and rr1_0.date=? 
                and rr1_0.start_time<? 
                and rr1_0.end_time>?
    Hibernate: 
        /* <criteria> */ select
            s1_0.id,
            s1_0.meeting_daily_used_hours,
            s1_0.meeting_weekly_used_hours,
            s1_0.name,
            s1_0.room_daily_limit_hours,
            s1_0.seat_daily_used_hours,
            s1_0.seat_usage_date,
            s1_0.seat_weekly_used_hours,
            s1_0.student_id,
            s1_0.usage_date,
            s1_0.usage_week_start 
        from
            student s1_0 
        where
            s1_0.student_id=?
    Hibernate: 
        /* update
            for com.example.reservationsystem.domain.entity.Student */update student 
        set
            meeting_daily_used_hours=?,
            meeting_weekly_used_hours=?,
            name=?,
            room_daily_limit_hours=?,
            seat_daily_used_hours=?,
            seat_usage_date=?,
            seat_weekly_used_hours=?,
            student_id=?,
            usage_date=?,
            usage_week_start=? 
        where
            id=?
    Hibernate: 
        /* select
            (count(p) > 0) 
        from
            RoomReservationParticipant p 
        join
            p.reservation r 
        where
            p.student.studentId = :studentId   
            and r.date = :date   
            and r.status = com.example.reservationsystem.domain.entity.RoomReservationStatus.RESERVED   
            and r.startTime < :endTime   
            and r.endTime > :startTime  */ select
                (count(rrp1_0.id)>0) 
            from
                room_reservation_participant rrp1_0 
            join
                room_reservation r1_0 
                    on r1_0.id=rrp1_0.reservation_id 
            join
                student s1_0 
                    on s1_0.id=rrp1_0.student_id 
            where
                s1_0.student_id=? 
                and r1_0.date=? 
                and r1_0.status='RESERVED' 
                and r1_0.start_time<? 
                and r1_0.end_time>?
    Hibernate: 
        /* <criteria> */ select
            s1_0.id,
            s1_0.meeting_daily_used_hours,
            s1_0.meeting_weekly_used_hours,
            s1_0.name,
            s1_0.room_daily_limit_hours,
            s1_0.seat_daily_used_hours,
            s1_0.seat_usage_date,
            s1_0.seat_weekly_used_hours,
            s1_0.student_id,
            s1_0.usage_date,
            s1_0.usage_week_start 
        from
            student s1_0 
        where
            s1_0.student_id=?
    Hibernate: 
        /* insert for
            com.example.reservationsystem.domain.entity.Student */insert 
        into
            student (meeting_daily_used_hours, meeting_weekly_used_hours, name, room_daily_limit_hours, seat_daily_used_hours, seat_usage_date, seat_weekly_used_hours, student_id, usage_date, usage_week_start) 
        values
            (?, ?, ?, ?, ?, ?, ?, ?, ?, ?)
    Hibernate: 
        /* update
            for com.example.reservationsystem.domain.entity.Student */update student 
        set
            meeting_daily_used_hours=?,
            meeting_weekly_used_hours=?,
            name=?,
            room_daily_limit_hours=?,
            seat_daily_used_hours=?,
            seat_usage_date=?,
            seat_weekly_used_hours=?,
            student_id=?,
            usage_date=?,
            usage_week_start=? 
        where
            id=?
    Hibernate: 
        /* select
            (count(p) > 0) 
        from
            RoomReservationParticipant p 
        join
            p.reservation r 
        where
            p.student.studentId = :studentId   
            and r.date = :date   
            and r.status = com.example.reservationsystem.domain.entity.RoomReservationStatus.RESERVED   
            and r.startTime < :endTime   
            and r.endTime > :startTime  */ select
                (count(rrp1_0.id)>0) 
            from
                room_reservation_participant rrp1_0 
            join
                room_reservation r1_0 
                    on r1_0.id=rrp1_0.reservation_id 
            join
                student s1_0 
                    on s1_0.id=rrp1_0.student_id 
            where
                s1_0.student_id=? 
                and r1_0.date=? 
                and r1_0.status='RESERVED' 
                and r1_0.start_time<? 
                and r1_0.end_time>?
    Hibernate: 
        /* <criteria> */ select
            s1_0.id,
            s1_0.meeting_daily_used_hours,
            s1_0.meeting_weekly_used_hours,
            s1_0.name,
            s1_0.room_daily_limit_hours,
            s1_0.seat_daily_used_hours,
            s1_0.seat_usage_date,
            s1_0.seat_weekly_used_hours,
            s1_0.student_id,
            s1_0.usage_date,
            s1_0.usage_week_start 
        from
            student s1_0 
        where
            s1_0.student_id=?
    Hibernate: 
        /* insert for
            com.example.reservationsystem.domain.entity.Student */insert 
        into
            student (meeting_daily_used_hours, meeting_weekly_used_hours, name, room_daily_limit_hours, seat_daily_used_hours, seat_usage_date, seat_weekly_used_hours, student_id, usage_date, usage_week_start) 
        values
            (?, ?, ?, ?, ?, ?, ?, ?, ?, ?)
    Hibernate: 
        /* update
            for com.example.reservationsystem.domain.entity.Student */update student 
        set
            meeting_daily_used_hours=?,
            meeting_weekly_used_hours=?,
            name=?,
            room_daily_limit_hours=?,
            seat_daily_used_hours=?,
            seat_usage_date=?,
            seat_weekly_used_hours=?,
            student_id=?,
            usage_date=?,
            usage_week_start=? 
        where
            id=?
    Hibernate: 
        /* select
            (count(p) > 0) 
        from
            RoomReservationParticipant p 
        join
            p.reservation r 
        where
            p.student.studentId = :studentId   
            and r.date = :date   
            and r.status = com.example.reservationsystem.domain.entity.RoomReservationStatus.RESERVED   
            and r.startTime < :endTime   
            and r.endTime > :startTime  */ select
                (count(rrp1_0.id)>0) 
            from
                room_reservation_participant rrp1_0 
            join
                room_reservation r1_0 
                    on r1_0.id=rrp1_0.reservation_id 
            join
                student s1_0 
                    on s1_0.id=rrp1_0.student_id 
            where
                s1_0.student_id=? 
                and r1_0.date=? 
                and r1_0.status='RESERVED' 
                and r1_0.start_time<? 
                and r1_0.end_time>?
    Hibernate: 
        /* insert for
            com.example.reservationsystem.domain.entity.RoomReservation */insert 
        into
            room_reservation (created_at, date, duration, end_time, leader_student_id, representative_id, room_id, start_time, status, updated_at) 
        values
            (?, ?, ?, ?, ?, ?, ?, ?, ?, ?)
    Hibernate: 
        /* insert for
            com.example.reservationsystem.domain.entity.RoomReservationParticipant */insert 
        into
            room_reservation_participant (is_representative, reservation_id, student_id) 
        values
            (?, ?, ?)
    Hibernate: 
        /* insert for
            com.example.reservationsystem.domain.entity.RoomReservationParticipant */insert 
        into
            room_reservation_participant (is_representative, reservation_id, student_id) 
        values
            (?, ?, ?)
    Hibernate: 
        /* insert for
            com.example.reservationsystem.domain.entity.RoomReservationParticipant */insert 
        into
            room_reservation_participant (is_representative, reservation_id, student_id) 
        values
            (?, ?, ?)
    Hibernate: 
        /* update
            for com.example.reservationsystem.domain.entity.Student */update student 
        set
            meeting_daily_used_hours=?,
            meeting_weekly_used_hours=?,
            name=?,
            room_daily_limit_hours=?,
            seat_daily_used_hours=?,
            seat_usage_date=?,
            seat_weekly_used_hours=?,
            student_id=?,
            usage_date=?,
            usage_week_start=? 
        where
            id=?
    Hibernate: 
        /* update
            for com.example.reservationsystem.domain.entity.Student */update student 
        set
            meeting_daily_used_hours=?,
            meeting_weekly_used_hours=?,
            name=?,
            room_daily_limit_hours=?,
            seat_daily_used_hours=?,
            seat_usage_date=?,
            seat_weekly_used_hours=?,
            student_id=?,
            usage_date=?,
            usage_week_start=? 
        where
            id=?
    Hibernate: 
        /* update
            for com.example.reservationsystem.domain.entity.Student */update student 
        set
            meeting_daily_used_hours=?,
            meeting_weekly_used_hours=?,
            name=?,
            room_daily_limit_hours=?,
            seat_daily_used_hours=?,
            seat_usage_date=?,
            seat_weekly_used_hours=?,
            student_id=?,
            usage_date=?,
            usage_week_start=? 
        where
            id=?
    Hibernate: 
        select
            rr1_0.id,
            rr1_0.created_at,
            rr1_0.date,
            rr1_0.duration,
            rr1_0.end_time,
            rr1_0.leader_student_id,
            r1_0.id,
            r1_0.meeting_daily_used_hours,
            r1_0.meeting_weekly_used_hours,
            r1_0.name,
            r1_0.room_daily_limit_hours,
            r1_0.seat_daily_used_hours,
            r1_0.seat_usage_date,
            r1_0.seat_weekly_used_hours,
            r1_0.student_id,
            r1_0.usage_date,
            r1_0.usage_week_start,
            r2_0.id,
            r2_0.capacity,
            rr1_0.start_time,
            rr1_0.status,
            rr1_0.updated_at 
        from
            room_reservation rr1_0 
        left join
            student r1_0 
                on r1_0.id=rr1_0.representative_id 
        left join
            room r2_0 
                on r2_0.id=rr1_0.room_id 
        where
            rr1_0.id=?
    Hibernate: 
        /* <criteria> */ select
            rrp1_0.id,
            rrp1_0.is_representative,
            rrp1_0.reservation_id,
            rrp1_0.student_id 
        from
            room_reservation_participant rrp1_0 
        left join
            room_reservation r1_0 
                on r1_0.id=rrp1_0.reservation_id 
        left join
            student s1_0 
                on s1_0.id=rrp1_0.student_id 
        where
            r1_0.id=? 
            and s1_0.student_id=?
    Hibernate: 
        select
            s1_0.id,
            s1_0.meeting_daily_used_hours,
            s1_0.meeting_weekly_used_hours,
            s1_0.name,
            s1_0.room_daily_limit_hours,
            s1_0.seat_daily_used_hours,
            s1_0.seat_usage_date,
            s1_0.seat_weekly_used_hours,
            s1_0.student_id,
            s1_0.usage_date,
            s1_0.usage_week_start 
        from
            student s1_0 
        where
            s1_0.id=?
    Hibernate: 
        select
            rr1_0.id,
            rr1_0.created_at,
            rr1_0.date,
            rr1_0.duration,
            rr1_0.end_time,
            rr1_0.leader_student_id,
            r1_0.id,
            r1_0.meeting_daily_used_hours,
            r1_0.meeting_weekly_used_hours,
            r1_0.name,
            r1_0.room_daily_limit_hours,
            r1_0.seat_daily_used_hours,
            r1_0.seat_usage_date,
            r1_0.seat_weekly_used_hours,
            r1_0.student_id,
            r1_0.usage_date,
            r1_0.usage_week_start,
            r2_0.id,
            r2_0.capacity,
            rr1_0.start_time,
            rr1_0.status,
            rr1_0.updated_at 
        from
            room_reservation rr1_0 
        left join
            student r1_0 
                on r1_0.id=rr1_0.representative_id 
        left join
            room r2_0 
                on r2_0.id=rr1_0.room_id 
        where
            rr1_0.id=?

RoomReservationIntegrationTest > TC_ROOM_L_01_예약목록조회_있음() STANDARD_OUT
    Hibernate: 
        /* <criteria> */ select
            rrp1_0.id,
            rrp1_0.is_representative,
            rrp1_0.reservation_id,
            rrp1_0.student_id 
        from
            room_reservation_participant rrp1_0
    Hibernate: 
        select
            rr1_0.id,
            rr1_0.created_at,
            rr1_0.date,
            rr1_0.duration,
            rr1_0.end_time,
            rr1_0.leader_student_id,
            r1_0.id,
            r1_0.meeting_daily_used_hours,
            r1_0.meeting_weekly_used_hours,
            r1_0.name,
            r1_0.room_daily_limit_hours,
            r1_0.seat_daily_used_hours,
            r1_0.seat_usage_date,
            r1_0.seat_weekly_used_hours,
            r1_0.student_id,
            r1_0.usage_date,
            r1_0.usage_week_start,
            r2_0.id,
            r2_0.capacity,
            rr1_0.start_time,
            rr1_0.status,
            rr1_0.updated_at 
        from
            room_reservation rr1_0 
        left join
            student r1_0 
                on r1_0.id=rr1_0.representative_id 
        left join
            room r2_0 
                on r2_0.id=rr1_0.room_id 
        where
            rr1_0.id=?
    Hibernate: 
        select
            s1_0.id,
            s1_0.meeting_daily_used_hours,
            s1_0.meeting_weekly_used_hours,
            s1_0.name,
            s1_0.room_daily_limit_hours,
            s1_0.seat_daily_used_hours,
            s1_0.seat_usage_date,
            s1_0.seat_weekly_used_hours,
            s1_0.student_id,
            s1_0.usage_date,
            s1_0.usage_week_start 
        from
            student s1_0 
        where
            s1_0.id=?
    Hibernate: 
        select
            s1_0.id,
            s1_0.meeting_daily_used_hours,
            s1_0.meeting_weekly_used_hours,
            s1_0.name,
            s1_0.room_daily_limit_hours,
            s1_0.seat_daily_used_hours,
            s1_0.seat_usage_date,
            s1_0.seat_weekly_used_hours,
            s1_0.student_id,
            s1_0.usage_date,
            s1_0.usage_week_start 
        from
            student s1_0 
        where
            s1_0.id=?
    Hibernate: 
        /* delete for com.example.reservationsystem.domain.entity.RoomReservationParticipant */delete 
        from
            room_reservation_participant 
        where
            id=?
    Hibernate: 
        /* delete for com.example.reservationsystem.domain.entity.RoomReservationParticipant */delete 
        from
            room_reservation_participant 
        where
            id=?
    Hibernate: 
        /* delete for com.example.reservationsystem.domain.entity.RoomReservationParticipant */delete 
        from
            room_reservation_participant 
        where
            id=?
    Hibernate: 
        /* <criteria> */ select
            rr1_0.id,
            rr1_0.created_at,
            rr1_0.date,
            rr1_0.duration,
            rr1_0.end_time,
            rr1_0.leader_student_id,
            rr1_0.representative_id,
            rr1_0.room_id,
            rr1_0.start_time,
            rr1_0.status,
            rr1_0.updated_at 
        from
            room_reservation rr1_0
    Hibernate: 
        select
            s1_0.id,
            s1_0.meeting_daily_used_hours,
            s1_0.meeting_weekly_used_hours,
            s1_0.name,
            s1_0.room_daily_limit_hours,
            s1_0.seat_daily_used_hours,
            s1_0.seat_usage_date,
            s1_0.seat_weekly_used_hours,
            s1_0.student_id,
            s1_0.usage_date,
            s1_0.usage_week_start 
        from
            student s1_0 
        where
            s1_0.id=?
    Hibernate: 
        select
            r1_0.id,
            r1_0.capacity 
        from
            room r1_0 
        where
            r1_0.id=?
    Hibernate: 
        /* delete for com.example.reservationsystem.domain.entity.RoomReservation */delete 
        from
            room_reservation 
        where
            id=?
    Hibernate: 
        /* <criteria> */ select
            s1_0.id,
            s1_0.meeting_daily_used_hours,
            s1_0.meeting_weekly_used_hours,
            s1_0.name,
            s1_0.room_daily_limit_hours,
            s1_0.seat_daily_used_hours,
            s1_0.seat_usage_date,
            s1_0.seat_weekly_used_hours,
            s1_0.student_id,
            s1_0.usage_date,
            s1_0.usage_week_start 
        from
            student s1_0
    Hibernate: 
        /* delete for com.example.reservationsystem.domain.entity.Student */delete 
        from
            student 
        where
            id=?
    Hibernate: 
        /* delete for com.example.reservationsystem.domain.entity.Student */delete 
        from
            student 
        where
            id=?
    Hibernate: 
        /* delete for com.example.reservationsystem.domain.entity.Student */delete 
        from
            student 
        where
            id=?
    Hibernate: 
        /* <criteria> */ select
            r1_0.id,
            r1_0.capacity 
        from
            room r1_0
    Hibernate: 
        /* delete for com.example.reservationsystem.domain.entity.Room */delete 
        from
            room 
        where
            id=?
    Hibernate: 
        /* insert for
            com.example.reservationsystem.domain.entity.Room */insert 
        into
            room (capacity) 
        values
            (?)
    Hibernate: 
        select
            r1_0.id,
            r1_0.capacity 
        from
            room r1_0 
        where
            r1_0.id=?
    Hibernate: 
        /* <criteria> */ select
            s1_0.id,
            s1_0.meeting_daily_used_hours,
            s1_0.meeting_weekly_used_hours,
            s1_0.name,
            s1_0.room_daily_limit_hours,
            s1_0.seat_daily_used_hours,
            s1_0.seat_usage_date,
            s1_0.seat_weekly_used_hours,
            s1_0.student_id,
            s1_0.usage_date,
            s1_0.usage_week_start 
        from
            student s1_0 
        where
            s1_0.student_id=?
    Hibernate: 
        /* insert for
            com.example.reservationsystem.domain.entity.Student */insert 
        into
            student (meeting_daily_used_hours, meeting_weekly_used_hours, name, room_daily_limit_hours, seat_daily_used_hours, seat_usage_date, seat_weekly_used_hours, student_id, usage_date, usage_week_start) 
        values
            (?, ?, ?, ?, ?, ?, ?, ?, ?, ?)
    Hibernate: 
        /*     select
            count(r) > 0     
        from
            RoomReservation r     
        where
            r.room.id = :roomId       
            and r.date = :date       
            and r.startTime < :endTime       
            and r.endTime > :startTime  */ select
                count(rr1_0.id)>0 
            from
                room_reservation rr1_0 
            where
                rr1_0.room_id=? 
                and rr1_0.date=? 
                and rr1_0.start_time<? 
                and rr1_0.end_time>?
    Hibernate: 
        /* <criteria> */ select
            s1_0.id,
            s1_0.meeting_daily_used_hours,
            s1_0.meeting_weekly_used_hours,
            s1_0.name,
            s1_0.room_daily_limit_hours,
            s1_0.seat_daily_used_hours,
            s1_0.seat_usage_date,
            s1_0.seat_weekly_used_hours,
            s1_0.student_id,
            s1_0.usage_date,
            s1_0.usage_week_start 
        from
            student s1_0 
        where
            s1_0.student_id=?
    Hibernate: 
        /* update
            for com.example.reservationsystem.domain.entity.Student */update student 
        set
            meeting_daily_used_hours=?,
            meeting_weekly_used_hours=?,
            name=?,
            room_daily_limit_hours=?,
            seat_daily_used_hours=?,
            seat_usage_date=?,
            seat_weekly_used_hours=?,
            student_id=?,
            usage_date=?,
            usage_week_start=? 
        where
            id=?
    Hibernate: 
        /* select
            (count(p) > 0) 
        from
            RoomReservationParticipant p 
        join
            p.reservation r 
        where
            p.student.studentId = :studentId   
            and r.date = :date   
            and r.status = com.example.reservationsystem.domain.entity.RoomReservationStatus.RESERVED   
            and r.startTime < :endTime   
            and r.endTime > :startTime  */ select
                (count(rrp1_0.id)>0) 
            from
                room_reservation_participant rrp1_0 
            join
                room_reservation r1_0 
                    on r1_0.id=rrp1_0.reservation_id 
            join
                student s1_0 
                    on s1_0.id=rrp1_0.student_id 
            where
                s1_0.student_id=? 
                and r1_0.date=? 
                and r1_0.status='RESERVED' 
                and r1_0.start_time<? 
                and r1_0.end_time>?
    Hibernate: 
        /* <criteria> */ select
            s1_0.id,
            s1_0.meeting_daily_used_hours,
            s1_0.meeting_weekly_used_hours,
            s1_0.name,
            s1_0.room_daily_limit_hours,
            s1_0.seat_daily_used_hours,
            s1_0.seat_usage_date,
            s1_0.seat_weekly_used_hours,
            s1_0.student_id,
            s1_0.usage_date,
            s1_0.usage_week_start 
        from
            student s1_0 
        where
            s1_0.student_id=?
    Hibernate: 
        /* insert for
            com.example.reservationsystem.domain.entity.Student */insert 
        into
            student (meeting_daily_used_hours, meeting_weekly_used_hours, name, room_daily_limit_hours, seat_daily_used_hours, seat_usage_date, seat_weekly_used_hours, student_id, usage_date, usage_week_start) 
        values
            (?, ?, ?, ?, ?, ?, ?, ?, ?, ?)
    Hibernate: 
        /* update
            for com.example.reservationsystem.domain.entity.Student */update student 
        set
            meeting_daily_used_hours=?,
            meeting_weekly_used_hours=?,
            name=?,
            room_daily_limit_hours=?,
            seat_daily_used_hours=?,
            seat_usage_date=?,
            seat_weekly_used_hours=?,
            student_id=?,
            usage_date=?,
            usage_week_start=? 
        where
            id=?
    Hibernate: 
        /* select
            (count(p) > 0) 
        from
            RoomReservationParticipant p 
        join
            p.reservation r 
        where
            p.student.studentId = :studentId   
            and r.date = :date   
            and r.status = com.example.reservationsystem.domain.entity.RoomReservationStatus.RESERVED   
            and r.startTime < :endTime   
            and r.endTime > :startTime  */ select
                (count(rrp1_0.id)>0) 
            from
                room_reservation_participant rrp1_0 
            join
                room_reservation r1_0 
                    on r1_0.id=rrp1_0.reservation_id 
            join
                student s1_0 
                    on s1_0.id=rrp1_0.student_id 
            where
                s1_0.student_id=? 
                and r1_0.date=? 
                and r1_0.status='RESERVED' 
                and r1_0.start_time<? 
                and r1_0.end_time>?
    Hibernate: 
        /* <criteria> */ select
            s1_0.id,
            s1_0.meeting_daily_used_hours,
            s1_0.meeting_weekly_used_hours,
            s1_0.name,
            s1_0.room_daily_limit_hours,
            s1_0.seat_daily_used_hours,
            s1_0.seat_usage_date,
            s1_0.seat_weekly_used_hours,
            s1_0.student_id,
            s1_0.usage_date,
            s1_0.usage_week_start 
        from
            student s1_0 
        where
            s1_0.student_id=?
    Hibernate: 
        /* insert for
            com.example.reservationsystem.domain.entity.Student */insert 
        into
            student (meeting_daily_used_hours, meeting_weekly_used_hours, name, room_daily_limit_hours, seat_daily_used_hours, seat_usage_date, seat_weekly_used_hours, student_id, usage_date, usage_week_start) 
        values
            (?, ?, ?, ?, ?, ?, ?, ?, ?, ?)
    Hibernate: 
        /* update
            for com.example.reservationsystem.domain.entity.Student */update student 
        set
            meeting_daily_used_hours=?,
            meeting_weekly_used_hours=?,
            name=?,
            room_daily_limit_hours=?,
            seat_daily_used_hours=?,
            seat_usage_date=?,
            seat_weekly_used_hours=?,
            student_id=?,
            usage_date=?,
            usage_week_start=? 
        where
            id=?
    Hibernate: 
        /* select
            (count(p) > 0) 
        from
            RoomReservationParticipant p 
        join
            p.reservation r 
        where
            p.student.studentId = :studentId   
            and r.date = :date   
            and r.status = com.example.reservationsystem.domain.entity.RoomReservationStatus.RESERVED   
            and r.startTime < :endTime   
            and r.endTime > :startTime  */ select
                (count(rrp1_0.id)>0) 
            from
                room_reservation_participant rrp1_0 
            join
                room_reservation r1_0 
                    on r1_0.id=rrp1_0.reservation_id 
            join
                student s1_0 
                    on s1_0.id=rrp1_0.student_id 
            where
                s1_0.student_id=? 
                and r1_0.date=? 
                and r1_0.status='RESERVED' 
                and r1_0.start_time<? 
                and r1_0.end_time>?
    Hibernate: 
        /* insert for
            com.example.reservationsystem.domain.entity.RoomReservation */insert 
        into
            room_reservation (created_at, date, duration, end_time, leader_student_id, representative_id, room_id, start_time, status, updated_at) 
        values
            (?, ?, ?, ?, ?, ?, ?, ?, ?, ?)
    Hibernate: 
        /* insert for
            com.example.reservationsystem.domain.entity.RoomReservationParticipant */insert 
        into
            room_reservation_participant (is_representative, reservation_id, student_id) 
        values
            (?, ?, ?)
    Hibernate: 
        /* insert for
            com.example.reservationsystem.domain.entity.RoomReservationParticipant */insert 
        into
            room_reservation_participant (is_representative, reservation_id, student_id) 
        values
            (?, ?, ?)
    Hibernate: 
        /* insert for
            com.example.reservationsystem.domain.entity.RoomReservationParticipant */insert 
        into
            room_reservation_participant (is_representative, reservation_id, student_id) 
        values
            (?, ?, ?)
    Hibernate: 
        /* update
            for com.example.reservationsystem.domain.entity.Student */update student 
        set
            meeting_daily_used_hours=?,
            meeting_weekly_used_hours=?,
            name=?,
            room_daily_limit_hours=?,
            seat_daily_used_hours=?,
            seat_usage_date=?,
            seat_weekly_used_hours=?,
            student_id=?,
            usage_date=?,
            usage_week_start=? 
        where
            id=?
    Hibernate: 
        /* update
            for com.example.reservationsystem.domain.entity.Student */update student 
        set
            meeting_daily_used_hours=?,
            meeting_weekly_used_hours=?,
            name=?,
            room_daily_limit_hours=?,
            seat_daily_used_hours=?,
            seat_usage_date=?,
            seat_weekly_used_hours=?,
            student_id=?,
            usage_date=?,
            usage_week_start=? 
        where
            id=?
    Hibernate: 
        /* update
            for com.example.reservationsystem.domain.entity.Student */update student 
        set
            meeting_daily_used_hours=?,
            meeting_weekly_used_hours=?,
            name=?,
            room_daily_limit_hours=?,
            seat_daily_used_hours=?,
            seat_usage_date=?,
            seat_weekly_used_hours=?,
            student_id=?,
            usage_date=?,
            usage_week_start=? 
        where
            id=?
    Hibernate: 
        /*     select
            p.reservation     
        from
            RoomReservationParticipant p     
        where
            p.student.studentId = :studentId     
        order by
            p.reservation.date asc,
            p.reservation.startTime asc  */ select
                r1_0.id,
                r1_0.created_at,
                r1_0.date,
                r1_0.duration,
                r1_0.end_time,
                r1_0.leader_student_id,
                r1_0.representative_id,
                r1_0.room_id,
                r1_0.start_time,
                r1_0.status,
                r1_0.updated_at 
            from
                room_reservation_participant rrp1_0 
            join
                room_reservation r1_0 
                    on r1_0.id=rrp1_0.reservation_id 
            join
                student s1_0 
                    on s1_0.id=rrp1_0.student_id 
            where
                s1_0.student_id=? 
            order by
                r1_0.date,
                r1_0.start_time
    Hibernate: 
        select
            s1_0.id,
            s1_0.meeting_daily_used_hours,
            s1_0.meeting_weekly_used_hours,
            s1_0.name,
            s1_0.room_daily_limit_hours,
            s1_0.seat_daily_used_hours,
            s1_0.seat_usage_date,
            s1_0.seat_weekly_used_hours,
            s1_0.student_id,
            s1_0.usage_date,
            s1_0.usage_week_start 
        from
            student s1_0 
        where
            s1_0.id=?
    Hibernate: 
        select
            r1_0.id,
            r1_0.capacity 
        from
            room r1_0 
        where
            r1_0.id=?

RoomReservationIntegrationTest > TC_ROOM_C_04_예약관계없는학생취소_403_NO_CANCEL_PERMISSION() STANDARD_OUT
    Hibernate: 
        /* <criteria> */ select
            rrp1_0.id,
            rrp1_0.is_representative,
            rrp1_0.reservation_id,
            rrp1_0.student_id 
        from
            room_reservation_participant rrp1_0
    Hibernate: 
        select
            rr1_0.id,
            rr1_0.created_at,
            rr1_0.date,
            rr1_0.duration,
            rr1_0.end_time,
            rr1_0.leader_student_id,
            r1_0.id,
            r1_0.meeting_daily_used_hours,
            r1_0.meeting_weekly_used_hours,
            r1_0.name,
            r1_0.room_daily_limit_hours,
            r1_0.seat_daily_used_hours,
            r1_0.seat_usage_date,
            r1_0.seat_weekly_used_hours,
            r1_0.student_id,
            r1_0.usage_date,
            r1_0.usage_week_start,
            r2_0.id,
            r2_0.capacity,
            rr1_0.start_time,
            rr1_0.status,
            rr1_0.updated_at 
        from
            room_reservation rr1_0 
        left join
            student r1_0 
                on r1_0.id=rr1_0.representative_id 
        left join
            room r2_0 
                on r2_0.id=rr1_0.room_id 
        where
            rr1_0.id=?
    Hibernate: 
        select
            s1_0.id,
            s1_0.meeting_daily_used_hours,
            s1_0.meeting_weekly_used_hours,
            s1_0.name,
            s1_0.room_daily_limit_hours,
            s1_0.seat_daily_used_hours,
            s1_0.seat_usage_date,
            s1_0.seat_weekly_used_hours,
            s1_0.student_id,
            s1_0.usage_date,
            s1_0.usage_week_start 
        from
            student s1_0 
        where
            s1_0.id=?
    Hibernate: 
        select
            s1_0.id,
            s1_0.meeting_daily_used_hours,
            s1_0.meeting_weekly_used_hours,
            s1_0.name,
            s1_0.room_daily_limit_hours,
            s1_0.seat_daily_used_hours,
            s1_0.seat_usage_date,
            s1_0.seat_weekly_used_hours,
            s1_0.student_id,
            s1_0.usage_date,
            s1_0.usage_week_start 
        from
            student s1_0 
        where
            s1_0.id=?
    Hibernate: 
        /* delete for com.example.reservationsystem.domain.entity.RoomReservationParticipant */delete 
        from
            room_reservation_participant 
        where
            id=?
    Hibernate: 
        /* delete for com.example.reservationsystem.domain.entity.RoomReservationParticipant */delete 
        from
            room_reservation_participant 
        where
            id=?
    Hibernate: 
        /* delete for com.example.reservationsystem.domain.entity.RoomReservationParticipant */delete 
        from
            room_reservation_participant 
        where
            id=?
    Hibernate: 
        /* <criteria> */ select
            rr1_0.id,
            rr1_0.created_at,
            rr1_0.date,
            rr1_0.duration,
            rr1_0.end_time,
            rr1_0.leader_student_id,
            rr1_0.representative_id,
            rr1_0.room_id,
            rr1_0.start_time,
            rr1_0.status,
            rr1_0.updated_at 
        from
            room_reservation rr1_0
    Hibernate: 
        select
            s1_0.id,
            s1_0.meeting_daily_used_hours,
            s1_0.meeting_weekly_used_hours,
            s1_0.name,
            s1_0.room_daily_limit_hours,
            s1_0.seat_daily_used_hours,
            s1_0.seat_usage_date,
            s1_0.seat_weekly_used_hours,
            s1_0.student_id,
            s1_0.usage_date,
            s1_0.usage_week_start 
        from
            student s1_0 
        where
            s1_0.id=?
    Hibernate: 
        select
            r1_0.id,
            r1_0.capacity 
        from
            room r1_0 
        where
            r1_0.id=?
    Hibernate: 
        /* delete for com.example.reservationsystem.domain.entity.RoomReservation */delete 
        from
            room_reservation 
        where
            id=?
    Hibernate: 
        /* <criteria> */ select
            s1_0.id,
            s1_0.meeting_daily_used_hours,
            s1_0.meeting_weekly_used_hours,
            s1_0.name,
            s1_0.room_daily_limit_hours,
            s1_0.seat_daily_used_hours,
            s1_0.seat_usage_date,
            s1_0.seat_weekly_used_hours,
            s1_0.student_id,
            s1_0.usage_date,
            s1_0.usage_week_start 
        from
            student s1_0
    Hibernate: 
        /* delete for com.example.reservationsystem.domain.entity.Student */delete 
        from
            student 
        where
            id=?
    Hibernate: 
        /* delete for com.example.reservationsystem.domain.entity.Student */delete 
        from
            student 
        where
            id=?
    Hibernate: 
        /* delete for com.example.reservationsystem.domain.entity.Student */delete 
        from
            student 
        where
            id=?
    Hibernate: 
        /* <criteria> */ select
            r1_0.id,
            r1_0.capacity 
        from
            room r1_0
    Hibernate: 
        /* delete for com.example.reservationsystem.domain.entity.Room */delete 
        from
            room 
        where
            id=?
    Hibernate: 
        /* insert for
            com.example.reservationsystem.domain.entity.Room */insert 
        into
            room (capacity) 
        values
            (?)
    Hibernate: 
        select
            r1_0.id,
            r1_0.capacity 
        from
            room r1_0 
        where
            r1_0.id=?
    Hibernate: 
        /* <criteria> */ select
            s1_0.id,
            s1_0.meeting_daily_used_hours,
            s1_0.meeting_weekly_used_hours,
            s1_0.name,
            s1_0.room_daily_limit_hours,
            s1_0.seat_daily_used_hours,
            s1_0.seat_usage_date,
            s1_0.seat_weekly_used_hours,
            s1_0.student_id,
            s1_0.usage_date,
            s1_0.usage_week_start 
        from
            student s1_0 
        where
            s1_0.student_id=?
    Hibernate: 
        /* insert for
            com.example.reservationsystem.domain.entity.Student */insert 
        into
            student (meeting_daily_used_hours, meeting_weekly_used_hours, name, room_daily_limit_hours, seat_daily_used_hours, seat_usage_date, seat_weekly_used_hours, student_id, usage_date, usage_week_start) 
        values
            (?, ?, ?, ?, ?, ?, ?, ?, ?, ?)
    Hibernate: 
        /*     select
            count(r) > 0     
        from
            RoomReservation r     
        where
            r.room.id = :roomId       
            and r.date = :date       
            and r.startTime < :endTime       
            and r.endTime > :startTime  */ select
                count(rr1_0.id)>0 
            from
                room_reservation rr1_0 
            where
                rr1_0.room_id=? 
                and rr1_0.date=? 
                and rr1_0.start_time<? 
                and rr1_0.end_time>?
    Hibernate: 
        /* <criteria> */ select
            s1_0.id,
            s1_0.meeting_daily_used_hours,
            s1_0.meeting_weekly_used_hours,
            s1_0.name,
            s1_0.room_daily_limit_hours,
            s1_0.seat_daily_used_hours,
            s1_0.seat_usage_date,
            s1_0.seat_weekly_used_hours,
            s1_0.student_id,
            s1_0.usage_date,
            s1_0.usage_week_start 
        from
            student s1_0 
        where
            s1_0.student_id=?
    Hibernate: 
        /* update
            for com.example.reservationsystem.domain.entity.Student */update student 
        set
            meeting_daily_used_hours=?,
            meeting_weekly_used_hours=?,
            name=?,
            room_daily_limit_hours=?,
            seat_daily_used_hours=?,
            seat_usage_date=?,
            seat_weekly_used_hours=?,
            student_id=?,
            usage_date=?,
            usage_week_start=? 
        where
            id=?
    Hibernate: 
        /* select
            (count(p) > 0) 
        from
            RoomReservationParticipant p 
        join
            p.reservation r 
        where
            p.student.studentId = :studentId   
            and r.date = :date   
            and r.status = com.example.reservationsystem.domain.entity.RoomReservationStatus.RESERVED   
            and r.startTime < :endTime   
            and r.endTime > :startTime  */ select
                (count(rrp1_0.id)>0) 
            from
                room_reservation_participant rrp1_0 
            join
                room_reservation r1_0 
                    on r1_0.id=rrp1_0.reservation_id 
            join
                student s1_0 
                    on s1_0.id=rrp1_0.student_id 
            where
                s1_0.student_id=? 
                and r1_0.date=? 
                and r1_0.status='RESERVED' 
                and r1_0.start_time<? 
                and r1_0.end_time>?
    Hibernate: 
        /* <criteria> */ select
            s1_0.id,
            s1_0.meeting_daily_used_hours,
            s1_0.meeting_weekly_used_hours,
            s1_0.name,
            s1_0.room_daily_limit_hours,
            s1_0.seat_daily_used_hours,
            s1_0.seat_usage_date,
            s1_0.seat_weekly_used_hours,
            s1_0.student_id,
            s1_0.usage_date,
            s1_0.usage_week_start 
        from
            student s1_0 
        where
            s1_0.student_id=?
    Hibernate: 
        /* insert for
            com.example.reservationsystem.domain.entity.Student */insert 
        into
            student (meeting_daily_used_hours, meeting_weekly_used_hours, name, room_daily_limit_hours, seat_daily_used_hours, seat_usage_date, seat_weekly_used_hours, student_id, usage_date, usage_week_start) 
        values
            (?, ?, ?, ?, ?, ?, ?, ?, ?, ?)
    Hibernate: 
        /* update
            for com.example.reservationsystem.domain.entity.Student */update student 
        set
            meeting_daily_used_hours=?,
            meeting_weekly_used_hours=?,
            name=?,
            room_daily_limit_hours=?,
            seat_daily_used_hours=?,
            seat_usage_date=?,
            seat_weekly_used_hours=?,
            student_id=?,
            usage_date=?,
            usage_week_start=? 
        where
            id=?
    Hibernate: 
        /* select
            (count(p) > 0) 
        from
            RoomReservationParticipant p 
        join
            p.reservation r 
        where
            p.student.studentId = :studentId   
            and r.date = :date   
            and r.status = com.example.reservationsystem.domain.entity.RoomReservationStatus.RESERVED   
            and r.startTime < :endTime   
            and r.endTime > :startTime  */ select
                (count(rrp1_0.id)>0) 
            from
                room_reservation_participant rrp1_0 
            join
                room_reservation r1_0 
                    on r1_0.id=rrp1_0.reservation_id 
            join
                student s1_0 
                    on s1_0.id=rrp1_0.student_id 
            where
                s1_0.student_id=? 
                and r1_0.date=? 
                and r1_0.status='RESERVED' 
                and r1_0.start_time<? 
                and r1_0.end_time>?
    Hibernate: 
        /* <criteria> */ select
            s1_0.id,
            s1_0.meeting_daily_used_hours,
            s1_0.meeting_weekly_used_hours,
            s1_0.name,
            s1_0.room_daily_limit_hours,
            s1_0.seat_daily_used_hours,
            s1_0.seat_usage_date,
            s1_0.seat_weekly_used_hours,
            s1_0.student_id,
            s1_0.usage_date,
            s1_0.usage_week_start 
        from
            student s1_0 
        where
            s1_0.student_id=?
    Hibernate: 
        /* insert for
            com.example.reservationsystem.domain.entity.Student */insert 
        into
            student (meeting_daily_used_hours, meeting_weekly_used_hours, name, room_daily_limit_hours, seat_daily_used_hours, seat_usage_date, seat_weekly_used_hours, student_id, usage_date, usage_week_start) 
        values
            (?, ?, ?, ?, ?, ?, ?, ?, ?, ?)
    Hibernate: 
        /* update
            for com.example.reservationsystem.domain.entity.Student */update student 
        set
            meeting_daily_used_hours=?,
            meeting_weekly_used_hours=?,
            name=?,
            room_daily_limit_hours=?,
            seat_daily_used_hours=?,
            seat_usage_date=?,
            seat_weekly_used_hours=?,
            student_id=?,
            usage_date=?,
            usage_week_start=? 
        where
            id=?
    Hibernate: 
        /* select
            (count(p) > 0) 
        from
            RoomReservationParticipant p 
        join
            p.reservation r 
        where
            p.student.studentId = :studentId   
            and r.date = :date   
            and r.status = com.example.reservationsystem.domain.entity.RoomReservationStatus.RESERVED   
            and r.startTime < :endTime   
            and r.endTime > :startTime  */ select
                (count(rrp1_0.id)>0) 
            from
                room_reservation_participant rrp1_0 
            join
                room_reservation r1_0 
                    on r1_0.id=rrp1_0.reservation_id 
            join
                student s1_0 
                    on s1_0.id=rrp1_0.student_id 
            where
                s1_0.student_id=? 
                and r1_0.date=? 
                and r1_0.status='RESERVED' 
                and r1_0.start_time<? 
                and r1_0.end_time>?
    Hibernate: 
        /* insert for
            com.example.reservationsystem.domain.entity.RoomReservation */insert 
        into
            room_reservation (created_at, date, duration, end_time, leader_student_id, representative_id, room_id, start_time, status, updated_at) 
        values
            (?, ?, ?, ?, ?, ?, ?, ?, ?, ?)
    Hibernate: 
        /* insert for
            com.example.reservationsystem.domain.entity.RoomReservationParticipant */insert 
        into
            room_reservation_participant (is_representative, reservation_id, student_id) 
        values
            (?, ?, ?)
    Hibernate: 
        /* insert for
            com.example.reservationsystem.domain.entity.RoomReservationParticipant */insert 
        into
            room_reservation_participant (is_representative, reservation_id, student_id) 
        values
            (?, ?, ?)
    Hibernate: 
        /* insert for
            com.example.reservationsystem.domain.entity.RoomReservationParticipant */insert 
        into
            room_reservation_participant (is_representative, reservation_id, student_id) 
        values
            (?, ?, ?)
    Hibernate: 
        /* update
            for com.example.reservationsystem.domain.entity.Student */update student 
        set
            meeting_daily_used_hours=?,
            meeting_weekly_used_hours=?,
            name=?,
            room_daily_limit_hours=?,
            seat_daily_used_hours=?,
            seat_usage_date=?,
            seat_weekly_used_hours=?,
            student_id=?,
            usage_date=?,
            usage_week_start=? 
        where
            id=?
    Hibernate: 
        /* update
            for com.example.reservationsystem.domain.entity.Student */update student 
        set
            meeting_daily_used_hours=?,
            meeting_weekly_used_hours=?,
            name=?,
            room_daily_limit_hours=?,
            seat_daily_used_hours=?,
            seat_usage_date=?,
            seat_weekly_used_hours=?,
            student_id=?,
            usage_date=?,
            usage_week_start=? 
        where
            id=?
    Hibernate: 
        /* update
            for com.example.reservationsystem.domain.entity.Student */update student 
        set
            meeting_daily_used_hours=?,
            meeting_weekly_used_hours=?,
            name=?,
            room_daily_limit_hours=?,
            seat_daily_used_hours=?,
            seat_usage_date=?,
            seat_weekly_used_hours=?,
            student_id=?,
            usage_date=?,
            usage_week_start=? 
        where
            id=?
    Hibernate: 
        select
            rr1_0.id,
            rr1_0.created_at,
            rr1_0.date,
            rr1_0.duration,
            rr1_0.end_time,
            rr1_0.leader_student_id,
            r1_0.id,
            r1_0.meeting_daily_used_hours,
            r1_0.meeting_weekly_used_hours,
            r1_0.name,
            r1_0.room_daily_limit_hours,
            r1_0.seat_daily_used_hours,
            r1_0.seat_usage_date,
            r1_0.seat_weekly_used_hours,
            r1_0.student_id,
            r1_0.usage_date,
            r1_0.usage_week_start,
            r2_0.id,
            r2_0.capacity,
            rr1_0.start_time,
            rr1_0.status,
            rr1_0.updated_at 
        from
            room_reservation rr1_0 
        left join
            student r1_0 
                on r1_0.id=rr1_0.representative_id 
        left join
            room r2_0 
                on r2_0.id=rr1_0.room_id 
        where
            rr1_0.id=?
    Hibernate: 
        /* <criteria> */ select
            rrp1_0.id,
            rrp1_0.is_representative,
            rrp1_0.reservation_id,
            rrp1_0.student_id 
        from
            room_reservation_participant rrp1_0 
        left join
            room_reservation r1_0 
                on r1_0.id=rrp1_0.reservation_id 
        left join
            student s1_0 
                on s1_0.id=rrp1_0.student_id 
        where
            r1_0.id=? 
            and s1_0.student_id=?
    Hibernate: 
        select
            rr1_0.id,
            rr1_0.created_at,
            rr1_0.date,
            rr1_0.duration,
            rr1_0.end_time,
            rr1_0.leader_student_id,
            r1_0.id,
            r1_0.meeting_daily_used_hours,
            r1_0.meeting_weekly_used_hours,
            r1_0.name,
            r1_0.room_daily_limit_hours,
            r1_0.seat_daily_used_hours,
            r1_0.seat_usage_date,
            r1_0.seat_weekly_used_hours,
            r1_0.student_id,
            r1_0.usage_date,
            r1_0.usage_week_start,
            r2_0.id,
            r2_0.capacity,
            rr1_0.start_time,
            rr1_0.status,
            rr1_0.updated_at 
        from
            room_reservation rr1_0 
        left join
            student r1_0 
                on r1_0.id=rr1_0.representative_id 
        left join
            room r2_0 
                on r2_0.id=rr1_0.room_id 
        where
            rr1_0.id=?

RoomReservationIntegrationTest > TC_ROOM_C_01_대표자취소_시작전_환급_삭제확인() STANDARD_OUT
    Hibernate: 
        /* <criteria> */ select
            rrp1_0.id,
            rrp1_0.is_representative,
            rrp1_0.reservation_id,
            rrp1_0.student_id 
        from
            room_reservation_participant rrp1_0
    Hibernate: 
        select
            rr1_0.id,
            rr1_0.created_at,
            rr1_0.date,
            rr1_0.duration,
            rr1_0.end_time,
            rr1_0.leader_student_id,
            r1_0.id,
            r1_0.meeting_daily_used_hours,
            r1_0.meeting_weekly_used_hours,
            r1_0.name,
            r1_0.room_daily_limit_hours,
            r1_0.seat_daily_used_hours,
            r1_0.seat_usage_date,
            r1_0.seat_weekly_used_hours,
            r1_0.student_id,
            r1_0.usage_date,
            r1_0.usage_week_start,
            r2_0.id,
            r2_0.capacity,
            rr1_0.start_time,
            rr1_0.status,
            rr1_0.updated_at 
        from
            room_reservation rr1_0 
        left join
            student r1_0 
                on r1_0.id=rr1_0.representative_id 
        left join
            room r2_0 
                on r2_0.id=rr1_0.room_id 
        where
            rr1_0.id=?
    Hibernate: 
        select
            s1_0.id,
            s1_0.meeting_daily_used_hours,
            s1_0.meeting_weekly_used_hours,
            s1_0.name,
            s1_0.room_daily_limit_hours,
            s1_0.seat_daily_used_hours,
            s1_0.seat_usage_date,
            s1_0.seat_weekly_used_hours,
            s1_0.student_id,
            s1_0.usage_date,
            s1_0.usage_week_start 
        from
            student s1_0 
        where
            s1_0.id=?
    Hibernate: 
        select
            s1_0.id,
            s1_0.meeting_daily_used_hours,
            s1_0.meeting_weekly_used_hours,
            s1_0.name,
            s1_0.room_daily_limit_hours,
            s1_0.seat_daily_used_hours,
            s1_0.seat_usage_date,
            s1_0.seat_weekly_used_hours,
            s1_0.student_id,
            s1_0.usage_date,
            s1_0.usage_week_start 
        from
            student s1_0 
        where
            s1_0.id=?
    Hibernate: 
        /* delete for com.example.reservationsystem.domain.entity.RoomReservationParticipant */delete 
        from
            room_reservation_participant 
        where
            id=?
    Hibernate: 
        /* delete for com.example.reservationsystem.domain.entity.RoomReservationParticipant */delete 
        from
            room_reservation_participant 
        where
            id=?
    Hibernate: 
        /* delete for com.example.reservationsystem.domain.entity.RoomReservationParticipant */delete 
        from
            room_reservation_participant 
        where
            id=?
    Hibernate: 
        /* <criteria> */ select
            rr1_0.id,
            rr1_0.created_at,
            rr1_0.date,
            rr1_0.duration,
            rr1_0.end_time,
            rr1_0.leader_student_id,
            rr1_0.representative_id,
            rr1_0.room_id,
            rr1_0.start_time,
            rr1_0.status,
            rr1_0.updated_at 
        from
            room_reservation rr1_0
    Hibernate: 
        select
            s1_0.id,
            s1_0.meeting_daily_used_hours,
            s1_0.meeting_weekly_used_hours,
            s1_0.name,
            s1_0.room_daily_limit_hours,
            s1_0.seat_daily_used_hours,
            s1_0.seat_usage_date,
            s1_0.seat_weekly_used_hours,
            s1_0.student_id,
            s1_0.usage_date,
            s1_0.usage_week_start 
        from
            student s1_0 
        where
            s1_0.id=?
    Hibernate: 
        select
            r1_0.id,
            r1_0.capacity 
        from
            room r1_0 
        where
            r1_0.id=?
    Hibernate: 
        /* delete for com.example.reservationsystem.domain.entity.RoomReservation */delete 
        from
            room_reservation 
        where
            id=?
    Hibernate: 
        /* <criteria> */ select
            s1_0.id,
            s1_0.meeting_daily_used_hours,
            s1_0.meeting_weekly_used_hours,
            s1_0.name,
            s1_0.room_daily_limit_hours,
            s1_0.seat_daily_used_hours,
            s1_0.seat_usage_date,
            s1_0.seat_weekly_used_hours,
            s1_0.student_id,
            s1_0.usage_date,
            s1_0.usage_week_start 
        from
            student s1_0
    Hibernate: 
        /* delete for com.example.reservationsystem.domain.entity.Student */delete 
        from
            student 
        where
            id=?
    Hibernate: 
        /* delete for com.example.reservationsystem.domain.entity.Student */delete 
        from
            student 
        where
            id=?
    Hibernate: 
        /* delete for com.example.reservationsystem.domain.entity.Student */delete 
        from
            student 
        where
            id=?
    Hibernate: 
        /* <criteria> */ select
            r1_0.id,
            r1_0.capacity 
        from
            room r1_0
    Hibernate: 
        /* delete for com.example.reservationsystem.domain.entity.Room */delete 
        from
            room 
        where
            id=?
    Hibernate: 
        /* insert for
            com.example.reservationsystem.domain.entity.Room */insert 
        into
            room (capacity) 
        values
            (?)
    Hibernate: 
        select
            r1_0.id,
            r1_0.capacity 
        from
            room r1_0 
        where
            r1_0.id=?
    Hibernate: 
        /* <criteria> */ select
            s1_0.id,
            s1_0.meeting_daily_used_hours,
            s1_0.meeting_weekly_used_hours,
            s1_0.name,
            s1_0.room_daily_limit_hours,
            s1_0.seat_daily_used_hours,
            s1_0.seat_usage_date,
            s1_0.seat_weekly_used_hours,
            s1_0.student_id,
            s1_0.usage_date,
            s1_0.usage_week_start 
        from
            student s1_0 
        where
            s1_0.student_id=?
    Hibernate: 
        /* insert for
            com.example.reservationsystem.domain.entity.Student */insert 
        into
            student (meeting_daily_used_hours, meeting_weekly_used_hours, name, room_daily_limit_hours, seat_daily_used_hours, seat_usage_date, seat_weekly_used_hours, student_id, usage_date, usage_week_start) 
        values
            (?, ?, ?, ?, ?, ?, ?, ?, ?, ?)
    Hibernate: 
        /*     select
            count(r) > 0     
        from
            RoomReservation r     
        where
            r.room.id = :roomId       
            and r.date = :date       
            and r.startTime < :endTime       
            and r.endTime > :startTime  */ select
                count(rr1_0.id)>0 
            from
                room_reservation rr1_0 
            where
                rr1_0.room_id=? 
                and rr1_0.date=? 
                and rr1_0.start_time<? 
                and rr1_0.end_time>?
    Hibernate: 
        /* <criteria> */ select
            s1_0.id,
            s1_0.meeting_daily_used_hours,
            s1_0.meeting_weekly_used_hours,
            s1_0.name,
            s1_0.room_daily_limit_hours,
            s1_0.seat_daily_used_hours,
            s1_0.seat_usage_date,
            s1_0.seat_weekly_used_hours,
            s1_0.student_id,
            s1_0.usage_date,
            s1_0.usage_week_start 
        from
            student s1_0 
        where
            s1_0.student_id=?
    Hibernate: 
        /* update
            for com.example.reservationsystem.domain.entity.Student */update student 
        set
            meeting_daily_used_hours=?,
            meeting_weekly_used_hours=?,
            name=?,
            room_daily_limit_hours=?,
            seat_daily_used_hours=?,
            seat_usage_date=?,
            seat_weekly_used_hours=?,
            student_id=?,
            usage_date=?,
            usage_week_start=? 
        where
            id=?
    Hibernate: 
        /* select
            (count(p) > 0) 
        from
            RoomReservationParticipant p 
        join
            p.reservation r 
        where
            p.student.studentId = :studentId   
            and r.date = :date   
            and r.status = com.example.reservationsystem.domain.entity.RoomReservationStatus.RESERVED   
            and r.startTime < :endTime   
            and r.endTime > :startTime  */ select
                (count(rrp1_0.id)>0) 
            from
                room_reservation_participant rrp1_0 
            join
                room_reservation r1_0 
                    on r1_0.id=rrp1_0.reservation_id 
            join
                student s1_0 
                    on s1_0.id=rrp1_0.student_id 
            where
                s1_0.student_id=? 
                and r1_0.date=? 
                and r1_0.status='RESERVED' 
                and r1_0.start_time<? 
                and r1_0.end_time>?
    Hibernate: 
        /* <criteria> */ select
            s1_0.id,
            s1_0.meeting_daily_used_hours,
            s1_0.meeting_weekly_used_hours,
            s1_0.name,
            s1_0.room_daily_limit_hours,
            s1_0.seat_daily_used_hours,
            s1_0.seat_usage_date,
            s1_0.seat_weekly_used_hours,
            s1_0.student_id,
            s1_0.usage_date,
            s1_0.usage_week_start 
        from
            student s1_0 
        where
            s1_0.student_id=?
    Hibernate: 
        /* insert for
            com.example.reservationsystem.domain.entity.Student */insert 
        into
            student (meeting_daily_used_hours, meeting_weekly_used_hours, name, room_daily_limit_hours, seat_daily_used_hours, seat_usage_date, seat_weekly_used_hours, student_id, usage_date, usage_week_start) 
        values
            (?, ?, ?, ?, ?, ?, ?, ?, ?, ?)
    Hibernate: 
        /* update
            for com.example.reservationsystem.domain.entity.Student */update student 
        set
            meeting_daily_used_hours=?,
            meeting_weekly_used_hours=?,
            name=?,
            room_daily_limit_hours=?,
            seat_daily_used_hours=?,
            seat_usage_date=?,
            seat_weekly_used_hours=?,
            student_id=?,
            usage_date=?,
            usage_week_start=? 
        where
            id=?
    Hibernate: 
        /* select
            (count(p) > 0) 
        from
            RoomReservationParticipant p 
        join
            p.reservation r 
        where
            p.student.studentId = :studentId   
            and r.date = :date   
            and r.status = com.example.reservationsystem.domain.entity.RoomReservationStatus.RESERVED   
            and r.startTime < :endTime   
            and r.endTime > :startTime  */ select
                (count(rrp1_0.id)>0) 
            from
                room_reservation_participant rrp1_0 
            join
                room_reservation r1_0 
                    on r1_0.id=rrp1_0.reservation_id 
            join
                student s1_0 
                    on s1_0.id=rrp1_0.student_id 
            where
                s1_0.student_id=? 
                and r1_0.date=? 
                and r1_0.status='RESERVED' 
                and r1_0.start_time<? 
                and r1_0.end_time>?
    Hibernate: 
        /* <criteria> */ select
            s1_0.id,
            s1_0.meeting_daily_used_hours,
            s1_0.meeting_weekly_used_hours,
            s1_0.name,
            s1_0.room_daily_limit_hours,
            s1_0.seat_daily_used_hours,
            s1_0.seat_usage_date,
            s1_0.seat_weekly_used_hours,
            s1_0.student_id,
            s1_0.usage_date,
            s1_0.usage_week_start 
        from
            student s1_0 
        where
            s1_0.student_id=?
    Hibernate: 
        /* insert for
            com.example.reservationsystem.domain.entity.Student */insert 
        into
            student (meeting_daily_used_hours, meeting_weekly_used_hours, name, room_daily_limit_hours, seat_daily_used_hours, seat_usage_date, seat_weekly_used_hours, student_id, usage_date, usage_week_start) 
        values
            (?, ?, ?, ?, ?, ?, ?, ?, ?, ?)
    Hibernate: 
        /* update
            for com.example.reservationsystem.domain.entity.Student */update student 
        set
            meeting_daily_used_hours=?,
            meeting_weekly_used_hours=?,
            name=?,
            room_daily_limit_hours=?,
            seat_daily_used_hours=?,
            seat_usage_date=?,
            seat_weekly_used_hours=?,
            student_id=?,
            usage_date=?,
            usage_week_start=? 
        where
            id=?
    Hibernate: 
        /* select
            (count(p) > 0) 
        from
            RoomReservationParticipant p 
        join
            p.reservation r 
        where
            p.student.studentId = :studentId   
            and r.date = :date   
            and r.status = com.example.reservationsystem.domain.entity.RoomReservationStatus.RESERVED   
            and r.startTime < :endTime   
            and r.endTime > :startTime  */ select
                (count(rrp1_0.id)>0) 
            from
                room_reservation_participant rrp1_0 
            join
                room_reservation r1_0 
                    on r1_0.id=rrp1_0.reservation_id 
            join
                student s1_0 
                    on s1_0.id=rrp1_0.student_id 
            where
                s1_0.student_id=? 
                and r1_0.date=? 
                and r1_0.status='RESERVED' 
                and r1_0.start_time<? 
                and r1_0.end_time>?
    Hibernate: 
        /* insert for
            com.example.reservationsystem.domain.entity.RoomReservation */insert 
        into
            room_reservation (created_at, date, duration, end_time, leader_student_id, representative_id, room_id, start_time, status, updated_at) 
        values
            (?, ?, ?, ?, ?, ?, ?, ?, ?, ?)
    Hibernate: 
        /* insert for
            com.example.reservationsystem.domain.entity.RoomReservationParticipant */insert 
        into
            room_reservation_participant (is_representative, reservation_id, student_id) 
        values
            (?, ?, ?)
    Hibernate: 
        /* insert for
            com.example.reservationsystem.domain.entity.RoomReservationParticipant */insert 
        into
            room_reservation_participant (is_representative, reservation_id, student_id) 
        values
            (?, ?, ?)
    Hibernate: 
        /* insert for
            com.example.reservationsystem.domain.entity.RoomReservationParticipant */insert 
        into
            room_reservation_participant (is_representative, reservation_id, student_id) 
        values
            (?, ?, ?)
    Hibernate: 
        /* update
            for com.example.reservationsystem.domain.entity.Student */update student 
        set
            meeting_daily_used_hours=?,
            meeting_weekly_used_hours=?,
            name=?,
            room_daily_limit_hours=?,
            seat_daily_used_hours=?,
            seat_usage_date=?,
            seat_weekly_used_hours=?,
            student_id=?,
            usage_date=?,
            usage_week_start=? 
        where
            id=?
    Hibernate: 
        /* update
            for com.example.reservationsystem.domain.entity.Student */update student 
        set
            meeting_daily_used_hours=?,
            meeting_weekly_used_hours=?,
            name=?,
            room_daily_limit_hours=?,
            seat_daily_used_hours=?,
            seat_usage_date=?,
            seat_weekly_used_hours=?,
            student_id=?,
            usage_date=?,
            usage_week_start=? 
        where
            id=?
    Hibernate: 
        /* update
            for com.example.reservationsystem.domain.entity.Student */update student 
        set
            meeting_daily_used_hours=?,
            meeting_weekly_used_hours=?,
            name=?,
            room_daily_limit_hours=?,
            seat_daily_used_hours=?,
            seat_usage_date=?,
            seat_weekly_used_hours=?,
            student_id=?,
            usage_date=?,
            usage_week_start=? 
        where
            id=?
    Hibernate: 
        /* <criteria> */ select
            s1_0.id,
            s1_0.meeting_daily_used_hours,
            s1_0.meeting_weekly_used_hours,
            s1_0.name,
            s1_0.room_daily_limit_hours,
            s1_0.seat_daily_used_hours,
            s1_0.seat_usage_date,
            s1_0.seat_weekly_used_hours,
            s1_0.student_id,
            s1_0.usage_date,
            s1_0.usage_week_start 
        from
            student s1_0 
        where
            s1_0.student_id=?
    Hibernate: 
        /* <criteria> */ select
            s1_0.id,
            s1_0.meeting_daily_used_hours,
            s1_0.meeting_weekly_used_hours,
            s1_0.name,
            s1_0.room_daily_limit_hours,
            s1_0.seat_daily_used_hours,
            s1_0.seat_usage_date,
            s1_0.seat_weekly_used_hours,
            s1_0.student_id,
            s1_0.usage_date,
            s1_0.usage_week_start 
        from
            student s1_0 
        where
            s1_0.student_id=?
    Hibernate: 
        /* <criteria> */ select
            s1_0.id,
            s1_0.meeting_daily_used_hours,
            s1_0.meeting_weekly_used_hours,
            s1_0.name,
            s1_0.room_daily_limit_hours,
            s1_0.seat_daily_used_hours,
            s1_0.seat_usage_date,
            s1_0.seat_weekly_used_hours,
            s1_0.student_id,
            s1_0.usage_date,
            s1_0.usage_week_start 
        from
            student s1_0 
        where
            s1_0.student_id=?
    Hibernate: 
        select
            rr1_0.id,
            rr1_0.created_at,
            rr1_0.date,
            rr1_0.duration,
            rr1_0.end_time,
            rr1_0.leader_student_id,
            r1_0.id,
            r1_0.meeting_daily_used_hours,
            r1_0.meeting_weekly_used_hours,
            r1_0.name,
            r1_0.room_daily_limit_hours,
            r1_0.seat_daily_used_hours,
            r1_0.seat_usage_date,
            r1_0.seat_weekly_used_hours,
            r1_0.student_id,
            r1_0.usage_date,
            r1_0.usage_week_start,
            r2_0.id,
            r2_0.capacity,
            rr1_0.start_time,
            rr1_0.status,
            rr1_0.updated_at 
        from
            room_reservation rr1_0 
        left join
            student r1_0 
                on r1_0.id=rr1_0.representative_id 
        left join
            room r2_0 
                on r2_0.id=rr1_0.room_id 
        where
            rr1_0.id=?
    Hibernate: 
        /* <criteria> */ select
            rrp1_0.id,
            rrp1_0.is_representative,
            rrp1_0.reservation_id,
            rrp1_0.student_id 
        from
            room_reservation_participant rrp1_0 
        left join
            room_reservation r1_0 
                on r1_0.id=rrp1_0.reservation_id 
        left join
            student s1_0 
                on s1_0.id=rrp1_0.student_id 
        where
            r1_0.id=? 
            and s1_0.student_id=?
    Hibernate: 
        /* <criteria> */ select
            rrp1_0.id,
            rrp1_0.is_representative,
            rrp1_0.reservation_id,
            rrp1_0.student_id 
        from
            room_reservation_participant rrp1_0 
        left join
            room_reservation r1_0 
                on r1_0.id=rrp1_0.reservation_id 
        where
            r1_0.id=?
    Hibernate: 
        select
            s1_0.id,
            s1_0.meeting_daily_used_hours,
            s1_0.meeting_weekly_used_hours,
            s1_0.name,
            s1_0.room_daily_limit_hours,
            s1_0.seat_daily_used_hours,
            s1_0.seat_usage_date,
            s1_0.seat_weekly_used_hours,
            s1_0.student_id,
            s1_0.usage_date,
            s1_0.usage_week_start 
        from
            student s1_0 
        where
            s1_0.id=?
    Hibernate: 
        select
            s1_0.id,
            s1_0.meeting_daily_used_hours,
            s1_0.meeting_weekly_used_hours,
            s1_0.name,
            s1_0.room_daily_limit_hours,
            s1_0.seat_daily_used_hours,
            s1_0.seat_usage_date,
            s1_0.seat_weekly_used_hours,
            s1_0.student_id,
            s1_0.usage_date,
            s1_0.usage_week_start 
        from
            student s1_0 
        where
            s1_0.id=?
    Hibernate: 
        /* <criteria> */ select
            s1_0.id,
            s1_0.meeting_daily_used_hours,
            s1_0.meeting_weekly_used_hours,
            s1_0.name,
            s1_0.room_daily_limit_hours,
            s1_0.seat_daily_used_hours,
            s1_0.seat_usage_date,
            s1_0.seat_weekly_used_hours,
            s1_0.student_id,
            s1_0.usage_date,
            s1_0.usage_week_start 
        from
            student s1_0 
        where
            s1_0.student_id=?
    Hibernate: 
        /* update
            for com.example.reservationsystem.domain.entity.Student */update student 
        set
            meeting_daily_used_hours=?,
            meeting_weekly_used_hours=?,
            name=?,
            room_daily_limit_hours=?,
            seat_daily_used_hours=?,
            seat_usage_date=?,
            seat_weekly_used_hours=?,
            student_id=?,
            usage_date=?,
            usage_week_start=? 
        where
            id=?
    Hibernate: 
        /* <criteria> */ select
            s1_0.id,
            s1_0.meeting_daily_used_hours,
            s1_0.meeting_weekly_used_hours,
            s1_0.name,
            s1_0.room_daily_limit_hours,
            s1_0.seat_daily_used_hours,
            s1_0.seat_usage_date,
            s1_0.seat_weekly_used_hours,
            s1_0.student_id,
            s1_0.usage_date,
            s1_0.usage_week_start 
        from
            student s1_0 
        where
            s1_0.student_id=?
    Hibernate: 
        /* update
            for com.example.reservationsystem.domain.entity.Student */update student 
        set
            meeting_daily_used_hours=?,
            meeting_weekly_used_hours=?,
            name=?,
            room_daily_limit_hours=?,
            seat_daily_used_hours=?,
            seat_usage_date=?,
            seat_weekly_used_hours=?,
            student_id=?,
            usage_date=?,
            usage_week_start=? 
        where
            id=?
    Hibernate: 
        /* <criteria> */ select
            s1_0.id,
            s1_0.meeting_daily_used_hours,
            s1_0.meeting_weekly_used_hours,
            s1_0.name,
            s1_0.room_daily_limit_hours,
            s1_0.seat_daily_used_hours,
            s1_0.seat_usage_date,
            s1_0.seat_weekly_used_hours,
            s1_0.student_id,
            s1_0.usage_date,
            s1_0.usage_week_start 
        from
            student s1_0 
        where
            s1_0.student_id=?
    Hibernate: 
        /* update
            for com.example.reservationsystem.domain.entity.Student */update student 
        set
            meeting_daily_used_hours=?,
            meeting_weekly_used_hours=?,
            name=?,
            room_daily_limit_hours=?,
            seat_daily_used_hours=?,
            seat_usage_date=?,
            seat_weekly_used_hours=?,
            student_id=?,
            usage_date=?,
            usage_week_start=? 
        where
            id=?
    Hibernate: 
        /* delete for com.example.reservationsystem.domain.entity.RoomReservationParticipant */delete 
        from
            room_reservation_participant 
        where
            id=?
    Hibernate: 
        /* delete for com.example.reservationsystem.domain.entity.RoomReservationParticipant */delete 
        from
            room_reservation_participant 
        where
            id=?
    Hibernate: 
        /* delete for com.example.reservationsystem.domain.entity.RoomReservationParticipant */delete 
        from
            room_reservation_participant 
        where
            id=?
    Hibernate: 
        /* delete for com.example.reservationsystem.domain.entity.RoomReservation */delete 
        from
            room_reservation 
        where
            id=?
    Hibernate: 
        select
            rr1_0.id,
            rr1_0.created_at,
            rr1_0.date,
            rr1_0.duration,
            rr1_0.end_time,
            rr1_0.leader_student_id,
            r1_0.id,
            r1_0.meeting_daily_used_hours,
            r1_0.meeting_weekly_used_hours,
            r1_0.name,
            r1_0.room_daily_limit_hours,
            r1_0.seat_daily_used_hours,
            r1_0.seat_usage_date,
            r1_0.seat_weekly_used_hours,
            r1_0.student_id,
            r1_0.usage_date,
            r1_0.usage_week_start,
            r2_0.id,
            r2_0.capacity,
            rr1_0.start_time,
            rr1_0.status,
            rr1_0.updated_at 
        from
            room_reservation rr1_0 
        left join
            student r1_0 
                on r1_0.id=rr1_0.representative_id 
        left join
            room r2_0 
                on r2_0.id=rr1_0.room_id 
        where
            rr1_0.id=?
    Hibernate: 
        /* <criteria> */ select
            s1_0.id,
            s1_0.meeting_daily_used_hours,
            s1_0.meeting_weekly_used_hours,
            s1_0.name,
            s1_0.room_daily_limit_hours,
            s1_0.seat_daily_used_hours,
            s1_0.seat_usage_date,
            s1_0.seat_weekly_used_hours,
            s1_0.student_id,
            s1_0.usage_date,
            s1_0.usage_week_start 
        from
            student s1_0 
        where
            s1_0.student_id=?
    Hibernate: 
        /* <criteria> */ select
            s1_0.id,
            s1_0.meeting_daily_used_hours,
            s1_0.meeting_weekly_used_hours,
            s1_0.name,
            s1_0.room_daily_limit_hours,
            s1_0.seat_daily_used_hours,
            s1_0.seat_usage_date,
            s1_0.seat_weekly_used_hours,
            s1_0.student_id,
            s1_0.usage_date,
            s1_0.usage_week_start 
        from
            student s1_0 
        where
            s1_0.student_id=?
    Hibernate: 
        /* <criteria> */ select
            s1_0.id,
            s1_0.meeting_daily_used_hours,
            s1_0.meeting_weekly_used_hours,
            s1_0.name,
            s1_0.room_daily_limit_hours,
            s1_0.seat_daily_used_hours,
            s1_0.seat_usage_date,
            s1_0.seat_weekly_used_hours,
            s1_0.student_id,
            s1_0.usage_date,
            s1_0.usage_week_start 
        from
            student s1_0 
        where
            s1_0.student_id=?

RoomReservationIntegrationTest > TC_ROOM_C_07_무효학번_400_INVALID_STUDENT_ID() STANDARD_OUT
    Hibernate: 
        /* <criteria> */ select
            rrp1_0.id,
            rrp1_0.is_representative,
            rrp1_0.reservation_id,
            rrp1_0.student_id 
        from
            room_reservation_participant rrp1_0
    Hibernate: 
        /* <criteria> */ select
            rr1_0.id,
            rr1_0.created_at,
            rr1_0.date,
            rr1_0.duration,
            rr1_0.end_time,
            rr1_0.leader_student_id,
            rr1_0.representative_id,
            rr1_0.room_id,
            rr1_0.start_time,
            rr1_0.status,
            rr1_0.updated_at 
        from
            room_reservation rr1_0
    Hibernate: 
        /* <criteria> */ select
            s1_0.id,
            s1_0.meeting_daily_used_hours,
            s1_0.meeting_weekly_used_hours,
            s1_0.name,
            s1_0.room_daily_limit_hours,
            s1_0.seat_daily_used_hours,
            s1_0.seat_usage_date,
            s1_0.seat_weekly_used_hours,
            s1_0.student_id,
            s1_0.usage_date,
            s1_0.usage_week_start 
        from
            student s1_0
    Hibernate: 
        /* delete for com.example.reservationsystem.domain.entity.Student */delete 
        from
            student 
        where
            id=?
    Hibernate: 
        /* delete for com.example.reservationsystem.domain.entity.Student */delete 
        from
            student 
        where
            id=?
    Hibernate: 
        /* delete for com.example.reservationsystem.domain.entity.Student */delete 
        from
            student 
        where
            id=?
    Hibernate: 
        /* <criteria> */ select
            r1_0.id,
            r1_0.capacity 
        from
            room r1_0
    Hibernate: 
        /* delete for com.example.reservationsystem.domain.entity.Room */delete 
        from
            room 
        where
            id=?
    Hibernate: 
        /* insert for
            com.example.reservationsystem.domain.entity.Room */insert 
        into
            room (capacity) 
        values
            (?)
    Hibernate: 
        select
            r1_0.id,
            r1_0.capacity 
        from
            room r1_0 
        where
            r1_0.id=?
    Hibernate: 
        /* <criteria> */ select
            s1_0.id,
            s1_0.meeting_daily_used_hours,
            s1_0.meeting_weekly_used_hours,
            s1_0.name,
            s1_0.room_daily_limit_hours,
            s1_0.seat_daily_used_hours,
            s1_0.seat_usage_date,
            s1_0.seat_weekly_used_hours,
            s1_0.student_id,
            s1_0.usage_date,
            s1_0.usage_week_start 
        from
            student s1_0 
        where
            s1_0.student_id=?
    Hibernate: 
        /* insert for
            com.example.reservationsystem.domain.entity.Student */insert 
        into
            student (meeting_daily_used_hours, meeting_weekly_used_hours, name, room_daily_limit_hours, seat_daily_used_hours, seat_usage_date, seat_weekly_used_hours, student_id, usage_date, usage_week_start) 
        values
            (?, ?, ?, ?, ?, ?, ?, ?, ?, ?)
    Hibernate: 
        /*     select
            count(r) > 0     
        from
            RoomReservation r     
        where
            r.room.id = :roomId       
            and r.date = :date       
            and r.startTime < :endTime       
            and r.endTime > :startTime  */ select
                count(rr1_0.id)>0 
            from
                room_reservation rr1_0 
            where
                rr1_0.room_id=? 
                and rr1_0.date=? 
                and rr1_0.start_time<? 
                and rr1_0.end_time>?
    Hibernate: 
        /* <criteria> */ select
            s1_0.id,
            s1_0.meeting_daily_used_hours,
            s1_0.meeting_weekly_used_hours,
            s1_0.name,
            s1_0.room_daily_limit_hours,
            s1_0.seat_daily_used_hours,
            s1_0.seat_usage_date,
            s1_0.seat_weekly_used_hours,
            s1_0.student_id,
            s1_0.usage_date,
            s1_0.usage_week_start 
        from
            student s1_0 
        where
            s1_0.student_id=?
    Hibernate: 
        /* update
            for com.example.reservationsystem.domain.entity.Student */update student 
        set
            meeting_daily_used_hours=?,
            meeting_weekly_used_hours=?,
            name=?,
            room_daily_limit_hours=?,
            seat_daily_used_hours=?,
            seat_usage_date=?,
            seat_weekly_used_hours=?,
            student_id=?,
            usage_date=?,
            usage_week_start=? 
        where
            id=?
    Hibernate: 
        /* select
            (count(p) > 0) 
        from
            RoomReservationParticipant p 
        join
            p.reservation r 
        where
            p.student.studentId = :studentId   
            and r.date = :date   
            and r.status = com.example.reservationsystem.domain.entity.RoomReservationStatus.RESERVED   
            and r.startTime < :endTime   
            and r.endTime > :startTime  */ select
                (count(rrp1_0.id)>0) 
            from
                room_reservation_participant rrp1_0 
            join
                room_reservation r1_0 
                    on r1_0.id=rrp1_0.reservation_id 
            join
                student s1_0 
                    on s1_0.id=rrp1_0.student_id 
            where
                s1_0.student_id=? 
                and r1_0.date=? 
                and r1_0.status='RESERVED' 
                and r1_0.start_time<? 
                and r1_0.end_time>?
    Hibernate: 
        /* <criteria> */ select
            s1_0.id,
            s1_0.meeting_daily_used_hours,
            s1_0.meeting_weekly_used_hours,
            s1_0.name,
            s1_0.room_daily_limit_hours,
            s1_0.seat_daily_used_hours,
            s1_0.seat_usage_date,
            s1_0.seat_weekly_used_hours,
            s1_0.student_id,
            s1_0.usage_date,
            s1_0.usage_week_start 
        from
            student s1_0 
        where
            s1_0.student_id=?
    Hibernate: 
        /* insert for
            com.example.reservationsystem.domain.entity.Student */insert 
        into
            student (meeting_daily_used_hours, meeting_weekly_used_hours, name, room_daily_limit_hours, seat_daily_used_hours, seat_usage_date, seat_weekly_used_hours, student_id, usage_date, usage_week_start) 
        values
            (?, ?, ?, ?, ?, ?, ?, ?, ?, ?)
    Hibernate: 
        /* update
            for com.example.reservationsystem.domain.entity.Student */update student 
        set
            meeting_daily_used_hours=?,
            meeting_weekly_used_hours=?,
            name=?,
            room_daily_limit_hours=?,
            seat_daily_used_hours=?,
            seat_usage_date=?,
            seat_weekly_used_hours=?,
            student_id=?,
            usage_date=?,
            usage_week_start=? 
        where
            id=?
    Hibernate: 
        /* select
            (count(p) > 0) 
        from
            RoomReservationParticipant p 
        join
            p.reservation r 
        where
            p.student.studentId = :studentId   
            and r.date = :date   
            and r.status = com.example.reservationsystem.domain.entity.RoomReservationStatus.RESERVED   
            and r.startTime < :endTime   
            and r.endTime > :startTime  */ select
                (count(rrp1_0.id)>0) 
            from
                room_reservation_participant rrp1_0 
            join
                room_reservation r1_0 
                    on r1_0.id=rrp1_0.reservation_id 
            join
                student s1_0 
                    on s1_0.id=rrp1_0.student_id 
            where
                s1_0.student_id=? 
                and r1_0.date=? 
                and r1_0.status='RESERVED' 
                and r1_0.start_time<? 
                and r1_0.end_time>?
    Hibernate: 
        /* <criteria> */ select
            s1_0.id,
            s1_0.meeting_daily_used_hours,
            s1_0.meeting_weekly_used_hours,
            s1_0.name,
            s1_0.room_daily_limit_hours,
            s1_0.seat_daily_used_hours,
            s1_0.seat_usage_date,
            s1_0.seat_weekly_used_hours,
            s1_0.student_id,
            s1_0.usage_date,
            s1_0.usage_week_start 
        from
            student s1_0 
        where
            s1_0.student_id=?
    Hibernate: 
        /* insert for
            com.example.reservationsystem.domain.entity.Student */insert 
        into
            student (meeting_daily_used_hours, meeting_weekly_used_hours, name, room_daily_limit_hours, seat_daily_used_hours, seat_usage_date, seat_weekly_used_hours, student_id, usage_date, usage_week_start) 
        values
            (?, ?, ?, ?, ?, ?, ?, ?, ?, ?)
    Hibernate: 
        /* update
            for com.example.reservationsystem.domain.entity.Student */update student 
        set
            meeting_daily_used_hours=?,
            meeting_weekly_used_hours=?,
            name=?,
            room_daily_limit_hours=?,
            seat_daily_used_hours=?,
            seat_usage_date=?,
            seat_weekly_used_hours=?,
            student_id=?,
            usage_date=?,
            usage_week_start=? 
        where
            id=?
    Hibernate: 
        /* select
            (count(p) > 0) 
        from
            RoomReservationParticipant p 
        join
            p.reservation r 
        where
            p.student.studentId = :studentId   
            and r.date = :date   
            and r.status = com.example.reservationsystem.domain.entity.RoomReservationStatus.RESERVED   
            and r.startTime < :endTime   
            and r.endTime > :startTime  */ select
                (count(rrp1_0.id)>0) 
            from
                room_reservation_participant rrp1_0 
            join
                room_reservation r1_0 
                    on r1_0.id=rrp1_0.reservation_id 
            join
                student s1_0 
                    on s1_0.id=rrp1_0.student_id 
            where
                s1_0.student_id=? 
                and r1_0.date=? 
                and r1_0.status='RESERVED' 
                and r1_0.start_time<? 
                and r1_0.end_time>?
    Hibernate: 
        /* insert for
            com.example.reservationsystem.domain.entity.RoomReservation */insert 
        into
            room_reservation (created_at, date, duration, end_time, leader_student_id, representative_id, room_id, start_time, status, updated_at) 
        values
            (?, ?, ?, ?, ?, ?, ?, ?, ?, ?)
    Hibernate: 
        /* insert for
            com.example.reservationsystem.domain.entity.RoomReservationParticipant */insert 
        into
            room_reservation_participant (is_representative, reservation_id, student_id) 
        values
            (?, ?, ?)
    Hibernate: 
        /* insert for
            com.example.reservationsystem.domain.entity.RoomReservationParticipant */insert 
        into
            room_reservation_participant (is_representative, reservation_id, student_id) 
        values
            (?, ?, ?)
    Hibernate: 
        /* insert for
            com.example.reservationsystem.domain.entity.RoomReservationParticipant */insert 
        into
            room_reservation_participant (is_representative, reservation_id, student_id) 
        values
            (?, ?, ?)
    Hibernate: 
        /* update
            for com.example.reservationsystem.domain.entity.Student */update student 
        set
            meeting_daily_used_hours=?,
            meeting_weekly_used_hours=?,
            name=?,
            room_daily_limit_hours=?,
            seat_daily_used_hours=?,
            seat_usage_date=?,
            seat_weekly_used_hours=?,
            student_id=?,
            usage_date=?,
            usage_week_start=? 
        where
            id=?
    Hibernate: 
        /* update
            for com.example.reservationsystem.domain.entity.Student */update student 
        set
            meeting_daily_used_hours=?,
            meeting_weekly_used_hours=?,
            name=?,
            room_daily_limit_hours=?,
            seat_daily_used_hours=?,
            seat_usage_date=?,
            seat_weekly_used_hours=?,
            student_id=?,
            usage_date=?,
            usage_week_start=? 
        where
            id=?
    Hibernate: 
        /* update
            for com.example.reservationsystem.domain.entity.Student */update student 
        set
            meeting_daily_used_hours=?,
            meeting_weekly_used_hours=?,
            name=?,
            room_daily_limit_hours=?,
            seat_daily_used_hours=?,
            seat_usage_date=?,
            seat_weekly_used_hours=?,
            student_id=?,
            usage_date=?,
            usage_week_start=? 
        where
            id=?

RoomReservationIntegrationTest > TC_ROOM_C_02_대표자취소_시작후_페널티_삭제확인() STANDARD_OUT
    Hibernate: 
        /* <criteria> */ select
            rrp1_0.id,
            rrp1_0.is_representative,
            rrp1_0.reservation_id,
            rrp1_0.student_id 
        from
            room_reservation_participant rrp1_0
    Hibernate: 
        select
            rr1_0.id,
            rr1_0.created_at,
            rr1_0.date,
            rr1_0.duration,
            rr1_0.end_time,
            rr1_0.leader_student_id,
            r1_0.id,
            r1_0.meeting_daily_used_hours,
            r1_0.meeting_weekly_used_hours,
            r1_0.name,
            r1_0.room_daily_limit_hours,
            r1_0.seat_daily_used_hours,
            r1_0.seat_usage_date,
            r1_0.seat_weekly_used_hours,
            r1_0.student_id,
            r1_0.usage_date,
            r1_0.usage_week_start,
            r2_0.id,
            r2_0.capacity,
            rr1_0.start_time,
            rr1_0.status,
            rr1_0.updated_at 
        from
            room_reservation rr1_0 
        left join
            student r1_0 
                on r1_0.id=rr1_0.representative_id 
        left join
            room r2_0 
                on r2_0.id=rr1_0.room_id 
        where
            rr1_0.id=?
    Hibernate: 
        select
            s1_0.id,
            s1_0.meeting_daily_used_hours,
            s1_0.meeting_weekly_used_hours,
            s1_0.name,
            s1_0.room_daily_limit_hours,
            s1_0.seat_daily_used_hours,
            s1_0.seat_usage_date,
            s1_0.seat_weekly_used_hours,
            s1_0.student_id,
            s1_0.usage_date,
            s1_0.usage_week_start 
        from
            student s1_0 
        where
            s1_0.id=?
    Hibernate: 
        select
            s1_0.id,
            s1_0.meeting_daily_used_hours,
            s1_0.meeting_weekly_used_hours,
            s1_0.name,
            s1_0.room_daily_limit_hours,
            s1_0.seat_daily_used_hours,
            s1_0.seat_usage_date,
            s1_0.seat_weekly_used_hours,
            s1_0.student_id,
            s1_0.usage_date,
            s1_0.usage_week_start 
        from
            student s1_0 
        where
            s1_0.id=?
    Hibernate: 
        /* delete for com.example.reservationsystem.domain.entity.RoomReservationParticipant */delete 
        from
            room_reservation_participant 
        where
            id=?
    Hibernate: 
        /* delete for com.example.reservationsystem.domain.entity.RoomReservationParticipant */delete 
        from
            room_reservation_participant 
        where
            id=?
    Hibernate: 
        /* delete for com.example.reservationsystem.domain.entity.RoomReservationParticipant */delete 
        from
            room_reservation_participant 
        where
            id=?
    Hibernate: 
        /* <criteria> */ select
            rr1_0.id,
            rr1_0.created_at,
            rr1_0.date,
            rr1_0.duration,
            rr1_0.end_time,
            rr1_0.leader_student_id,
            rr1_0.representative_id,
            rr1_0.room_id,
            rr1_0.start_time,
            rr1_0.status,
            rr1_0.updated_at 
        from
            room_reservation rr1_0
    Hibernate: 
        select
            s1_0.id,
            s1_0.meeting_daily_used_hours,
            s1_0.meeting_weekly_used_hours,
            s1_0.name,
            s1_0.room_daily_limit_hours,
            s1_0.seat_daily_used_hours,
            s1_0.seat_usage_date,
            s1_0.seat_weekly_used_hours,
            s1_0.student_id,
            s1_0.usage_date,
            s1_0.usage_week_start 
        from
            student s1_0 
        where
            s1_0.id=?
    Hibernate: 
        select
            r1_0.id,
            r1_0.capacity 
        from
            room r1_0 
        where
            r1_0.id=?
    Hibernate: 
        /* delete for com.example.reservationsystem.domain.entity.RoomReservation */delete 
        from
            room_reservation 
        where
            id=?
    Hibernate: 
        /* <criteria> */ select
            s1_0.id,
            s1_0.meeting_daily_used_hours,
            s1_0.meeting_weekly_used_hours,
            s1_0.name,
            s1_0.room_daily_limit_hours,
            s1_0.seat_daily_used_hours,
            s1_0.seat_usage_date,
            s1_0.seat_weekly_used_hours,
            s1_0.student_id,
            s1_0.usage_date,
            s1_0.usage_week_start 
        from
            student s1_0
    Hibernate: 
        /* delete for com.example.reservationsystem.domain.entity.Student */delete 
        from
            student 
        where
            id=?
    Hibernate: 
        /* delete for com.example.reservationsystem.domain.entity.Student */delete 
        from
            student 
        where
            id=?
    Hibernate: 
        /* delete for com.example.reservationsystem.domain.entity.Student */delete 
        from
            student 
        where
            id=?
    Hibernate: 
        /* <criteria> */ select
            r1_0.id,
            r1_0.capacity 
        from
            room r1_0
    Hibernate: 
        /* delete for com.example.reservationsystem.domain.entity.Room */delete 
        from
            room 
        where
            id=?
    Hibernate: 
        /* insert for
            com.example.reservationsystem.domain.entity.Room */insert 
        into
            room (capacity) 
        values
            (?)
    Hibernate: 
        select
            r1_0.id,
            r1_0.capacity 
        from
            room r1_0 
        where
            r1_0.id=?
    Hibernate: 
        /* <criteria> */ select
            s1_0.id,
            s1_0.meeting_daily_used_hours,
            s1_0.meeting_weekly_used_hours,
            s1_0.name,
            s1_0.room_daily_limit_hours,
            s1_0.seat_daily_used_hours,
            s1_0.seat_usage_date,
            s1_0.seat_weekly_used_hours,
            s1_0.student_id,
            s1_0.usage_date,
            s1_0.usage_week_start 
        from
            student s1_0 
        where
            s1_0.student_id=?
    Hibernate: 
        /* insert for
            com.example.reservationsystem.domain.entity.Student */insert 
        into
            student (meeting_daily_used_hours, meeting_weekly_used_hours, name, room_daily_limit_hours, seat_daily_used_hours, seat_usage_date, seat_weekly_used_hours, student_id, usage_date, usage_week_start) 
        values
            (?, ?, ?, ?, ?, ?, ?, ?, ?, ?)
    Hibernate: 
        /*     select
            count(r) > 0     
        from
            RoomReservation r     
        where
            r.room.id = :roomId       
            and r.date = :date       
            and r.startTime < :endTime       
            and r.endTime > :startTime  */ select
                count(rr1_0.id)>0 
            from
                room_reservation rr1_0 
            where
                rr1_0.room_id=? 
                and rr1_0.date=? 
                and rr1_0.start_time<? 
                and rr1_0.end_time>?
    Hibernate: 
        /* <criteria> */ select
            s1_0.id,
            s1_0.meeting_daily_used_hours,
            s1_0.meeting_weekly_used_hours,
            s1_0.name,
            s1_0.room_daily_limit_hours,
            s1_0.seat_daily_used_hours,
            s1_0.seat_usage_date,
            s1_0.seat_weekly_used_hours,
            s1_0.student_id,
            s1_0.usage_date,
            s1_0.usage_week_start 
        from
            student s1_0 
        where
            s1_0.student_id=?
    Hibernate: 
        /* update
            for com.example.reservationsystem.domain.entity.Student */update student 
        set
            meeting_daily_used_hours=?,
            meeting_weekly_used_hours=?,
            name=?,
            room_daily_limit_hours=?,
            seat_daily_used_hours=?,
            seat_usage_date=?,
            seat_weekly_used_hours=?,
            student_id=?,
            usage_date=?,
            usage_week_start=? 
        where
            id=?
    Hibernate: 
        /* select
            (count(p) > 0) 
        from
            RoomReservationParticipant p 
        join
            p.reservation r 
        where
            p.student.studentId = :studentId   
            and r.date = :date   
            and r.status = com.example.reservationsystem.domain.entity.RoomReservationStatus.RESERVED   
            and r.startTime < :endTime   
            and r.endTime > :startTime  */ select
                (count(rrp1_0.id)>0) 
            from
                room_reservation_participant rrp1_0 
            join
                room_reservation r1_0 
                    on r1_0.id=rrp1_0.reservation_id 
            join
                student s1_0 
                    on s1_0.id=rrp1_0.student_id 
            where
                s1_0.student_id=? 
                and r1_0.date=? 
                and r1_0.status='RESERVED' 
                and r1_0.start_time<? 
                and r1_0.end_time>?
    Hibernate: 
        /* <criteria> */ select
            s1_0.id,
            s1_0.meeting_daily_used_hours,
            s1_0.meeting_weekly_used_hours,
            s1_0.name,
            s1_0.room_daily_limit_hours,
            s1_0.seat_daily_used_hours,
            s1_0.seat_usage_date,
            s1_0.seat_weekly_used_hours,
            s1_0.student_id,
            s1_0.usage_date,
            s1_0.usage_week_start 
        from
            student s1_0 
        where
            s1_0.student_id=?
    Hibernate: 
        /* insert for
            com.example.reservationsystem.domain.entity.Student */insert 
        into
            student (meeting_daily_used_hours, meeting_weekly_used_hours, name, room_daily_limit_hours, seat_daily_used_hours, seat_usage_date, seat_weekly_used_hours, student_id, usage_date, usage_week_start) 
        values
            (?, ?, ?, ?, ?, ?, ?, ?, ?, ?)
    Hibernate: 
        /* update
            for com.example.reservationsystem.domain.entity.Student */update student 
        set
            meeting_daily_used_hours=?,
            meeting_weekly_used_hours=?,
            name=?,
            room_daily_limit_hours=?,
            seat_daily_used_hours=?,
            seat_usage_date=?,
            seat_weekly_used_hours=?,
            student_id=?,
            usage_date=?,
            usage_week_start=? 
        where
            id=?
    Hibernate: 
        /* select
            (count(p) > 0) 
        from
            RoomReservationParticipant p 
        join
            p.reservation r 
        where
            p.student.studentId = :studentId   
            and r.date = :date   
            and r.status = com.example.reservationsystem.domain.entity.RoomReservationStatus.RESERVED   
            and r.startTime < :endTime   
            and r.endTime > :startTime  */ select
                (count(rrp1_0.id)>0) 
            from
                room_reservation_participant rrp1_0 
            join
                room_reservation r1_0 
                    on r1_0.id=rrp1_0.reservation_id 
            join
                student s1_0 
                    on s1_0.id=rrp1_0.student_id 
            where
                s1_0.student_id=? 
                and r1_0.date=? 
                and r1_0.status='RESERVED' 
                and r1_0.start_time<? 
                and r1_0.end_time>?
    Hibernate: 
        /* <criteria> */ select
            s1_0.id,
            s1_0.meeting_daily_used_hours,
            s1_0.meeting_weekly_used_hours,
            s1_0.name,
            s1_0.room_daily_limit_hours,
            s1_0.seat_daily_used_hours,
            s1_0.seat_usage_date,
            s1_0.seat_weekly_used_hours,
            s1_0.student_id,
            s1_0.usage_date,
            s1_0.usage_week_start 
        from
            student s1_0 
        where
            s1_0.student_id=?
    Hibernate: 
        /* insert for
            com.example.reservationsystem.domain.entity.Student */insert 
        into
            student (meeting_daily_used_hours, meeting_weekly_used_hours, name, room_daily_limit_hours, seat_daily_used_hours, seat_usage_date, seat_weekly_used_hours, student_id, usage_date, usage_week_start) 
        values
            (?, ?, ?, ?, ?, ?, ?, ?, ?, ?)
    Hibernate: 
        /* update
            for com.example.reservationsystem.domain.entity.Student */update student 
        set
            meeting_daily_used_hours=?,
            meeting_weekly_used_hours=?,
            name=?,
            room_daily_limit_hours=?,
            seat_daily_used_hours=?,
            seat_usage_date=?,
            seat_weekly_used_hours=?,
            student_id=?,
            usage_date=?,
            usage_week_start=? 
        where
            id=?
    Hibernate: 
        /* select
            (count(p) > 0) 
        from
            RoomReservationParticipant p 
        join
            p.reservation r 
        where
            p.student.studentId = :studentId   
            and r.date = :date   
            and r.status = com.example.reservationsystem.domain.entity.RoomReservationStatus.RESERVED   
            and r.startTime < :endTime   
            and r.endTime > :startTime  */ select
                (count(rrp1_0.id)>0) 
            from
                room_reservation_participant rrp1_0 
            join
                room_reservation r1_0 
                    on r1_0.id=rrp1_0.reservation_id 
            join
                student s1_0 
                    on s1_0.id=rrp1_0.student_id 
            where
                s1_0.student_id=? 
                and r1_0.date=? 
                and r1_0.status='RESERVED' 
                and r1_0.start_time<? 
                and r1_0.end_time>?
    Hibernate: 
        /* insert for
            com.example.reservationsystem.domain.entity.RoomReservation */insert 
        into
            room_reservation (created_at, date, duration, end_time, leader_student_id, representative_id, room_id, start_time, status, updated_at) 
        values
            (?, ?, ?, ?, ?, ?, ?, ?, ?, ?)
    Hibernate: 
        /* insert for
            com.example.reservationsystem.domain.entity.RoomReservationParticipant */insert 
        into
            room_reservation_participant (is_representative, reservation_id, student_id) 
        values
            (?, ?, ?)
    Hibernate: 
        /* insert for
            com.example.reservationsystem.domain.entity.RoomReservationParticipant */insert 
        into
            room_reservation_participant (is_representative, reservation_id, student_id) 
        values
            (?, ?, ?)
    Hibernate: 
        /* insert for
            com.example.reservationsystem.domain.entity.RoomReservationParticipant */insert 
        into
            room_reservation_participant (is_representative, reservation_id, student_id) 
        values
            (?, ?, ?)
    Hibernate: 
        /* update
            for com.example.reservationsystem.domain.entity.Student */update student 
        set
            meeting_daily_used_hours=?,
            meeting_weekly_used_hours=?,
            name=?,
            room_daily_limit_hours=?,
            seat_daily_used_hours=?,
            seat_usage_date=?,
            seat_weekly_used_hours=?,
            student_id=?,
            usage_date=?,
            usage_week_start=? 
        where
            id=?
    Hibernate: 
        /* update
            for com.example.reservationsystem.domain.entity.Student */update student 
        set
            meeting_daily_used_hours=?,
            meeting_weekly_used_hours=?,
            name=?,
            room_daily_limit_hours=?,
            seat_daily_used_hours=?,
            seat_usage_date=?,
            seat_weekly_used_hours=?,
            student_id=?,
            usage_date=?,
            usage_week_start=? 
        where
            id=?
    Hibernate: 
        /* update
            for com.example.reservationsystem.domain.entity.Student */update student 
        set
            meeting_daily_used_hours=?,
            meeting_weekly_used_hours=?,
            name=?,
            room_daily_limit_hours=?,
            seat_daily_used_hours=?,
            seat_usage_date=?,
            seat_weekly_used_hours=?,
            student_id=?,
            usage_date=?,
            usage_week_start=? 
        where
            id=?
    Hibernate: 
        /* <criteria> */ select
            s1_0.id,
            s1_0.meeting_daily_used_hours,
            s1_0.meeting_weekly_used_hours,
            s1_0.name,
            s1_0.room_daily_limit_hours,
            s1_0.seat_daily_used_hours,
            s1_0.seat_usage_date,
            s1_0.seat_weekly_used_hours,
            s1_0.student_id,
            s1_0.usage_date,
            s1_0.usage_week_start 
        from
            student s1_0 
        where
            s1_0.student_id=?
    Hibernate: 
        select
            rr1_0.id,
            rr1_0.created_at,
            rr1_0.date,
            rr1_0.duration,
            rr1_0.end_time,
            rr1_0.leader_student_id,
            r1_0.id,
            r1_0.meeting_daily_used_hours,
            r1_0.meeting_weekly_used_hours,
            r1_0.name,
            r1_0.room_daily_limit_hours,
            r1_0.seat_daily_used_hours,
            r1_0.seat_usage_date,
            r1_0.seat_weekly_used_hours,
            r1_0.student_id,
            r1_0.usage_date,
            r1_0.usage_week_start,
            r2_0.id,
            r2_0.capacity,
            rr1_0.start_time,
            rr1_0.status,
            rr1_0.updated_at 
        from
            room_reservation rr1_0 
        left join
            student r1_0 
                on r1_0.id=rr1_0.representative_id 
        left join
            room r2_0 
                on r2_0.id=rr1_0.room_id 
        where
            rr1_0.id=?
    Hibernate: 
        /* <criteria> */ select
            rrp1_0.id,
            rrp1_0.is_representative,
            rrp1_0.reservation_id,
            rrp1_0.student_id 
        from
            room_reservation_participant rrp1_0 
        left join
            room_reservation r1_0 
                on r1_0.id=rrp1_0.reservation_id 
        left join
            student s1_0 
                on s1_0.id=rrp1_0.student_id 
        where
            r1_0.id=? 
            and s1_0.student_id=?
    Hibernate: 
        /* <criteria> */ select
            rrp1_0.id,
            rrp1_0.is_representative,
            rrp1_0.reservation_id,
            rrp1_0.student_id 
        from
            room_reservation_participant rrp1_0 
        left join
            room_reservation r1_0 
                on r1_0.id=rrp1_0.reservation_id 
        where
            r1_0.id=?
    Hibernate: 
        select
            s1_0.id,
            s1_0.meeting_daily_used_hours,
            s1_0.meeting_weekly_used_hours,
            s1_0.name,
            s1_0.room_daily_limit_hours,
            s1_0.seat_daily_used_hours,
            s1_0.seat_usage_date,
            s1_0.seat_weekly_used_hours,
            s1_0.student_id,
            s1_0.usage_date,
            s1_0.usage_week_start 
        from
            student s1_0 
        where
            s1_0.id=?
    Hibernate: 
        select
            s1_0.id,
            s1_0.meeting_daily_used_hours,
            s1_0.meeting_weekly_used_hours,
            s1_0.name,
            s1_0.room_daily_limit_hours,
            s1_0.seat_daily_used_hours,
            s1_0.seat_usage_date,
            s1_0.seat_weekly_used_hours,
            s1_0.student_id,
            s1_0.usage_date,
            s1_0.usage_week_start 
        from
            student s1_0 
        where
            s1_0.id=?
    Hibernate: 
        /* <criteria> */ select
            s1_0.id,
            s1_0.meeting_daily_used_hours,
            s1_0.meeting_weekly_used_hours,
            s1_0.name,
            s1_0.room_daily_limit_hours,
            s1_0.seat_daily_used_hours,
            s1_0.seat_usage_date,
            s1_0.seat_weekly_used_hours,
            s1_0.student_id,
            s1_0.usage_date,
            s1_0.usage_week_start 
        from
            student s1_0 
        where
            s1_0.student_id=?
    Hibernate: 
        /* update
            for com.example.reservationsystem.domain.entity.Student */update student 
        set
            meeting_daily_used_hours=?,
            meeting_weekly_used_hours=?,
            name=?,
            room_daily_limit_hours=?,
            seat_daily_used_hours=?,
            seat_usage_date=?,
            seat_weekly_used_hours=?,
            student_id=?,
            usage_date=?,
            usage_week_start=? 
        where
            id=?
    Hibernate: 
        /* <criteria> */ select
            s1_0.id,
            s1_0.meeting_daily_used_hours,
            s1_0.meeting_weekly_used_hours,
            s1_0.name,
            s1_0.room_daily_limit_hours,
            s1_0.seat_daily_used_hours,
            s1_0.seat_usage_date,
            s1_0.seat_weekly_used_hours,
            s1_0.student_id,
            s1_0.usage_date,
            s1_0.usage_week_start 
        from
            student s1_0 
        where
            s1_0.student_id=?
    Hibernate: 
        /* update
            for com.example.reservationsystem.domain.entity.Student */update student 
        set
            meeting_daily_used_hours=?,
            meeting_weekly_used_hours=?,
            name=?,
            room_daily_limit_hours=?,
            seat_daily_used_hours=?,
            seat_usage_date=?,
            seat_weekly_used_hours=?,
            student_id=?,
            usage_date=?,
            usage_week_start=? 
        where
            id=?
    Hibernate: 
        /* <criteria> */ select
            s1_0.id,
            s1_0.meeting_daily_used_hours,
            s1_0.meeting_weekly_used_hours,
            s1_0.name,
            s1_0.room_daily_limit_hours,
            s1_0.seat_daily_used_hours,
            s1_0.seat_usage_date,
            s1_0.seat_weekly_used_hours,
            s1_0.student_id,
            s1_0.usage_date,
            s1_0.usage_week_start 
        from
            student s1_0 
        where
            s1_0.student_id=?
    Hibernate: 
        /* update
            for com.example.reservationsystem.domain.entity.Student */update student 
        set
            meeting_daily_used_hours=?,
            meeting_weekly_used_hours=?,
            name=?,
            room_daily_limit_hours=?,
            seat_daily_used_hours=?,
            seat_usage_date=?,
            seat_weekly_used_hours=?,
            student_id=?,
            usage_date=?,
            usage_week_start=? 
        where
            id=?
    Hibernate: 
        /* delete for com.example.reservationsystem.domain.entity.RoomReservationParticipant */delete 
        from
            room_reservation_participant 
        where
            id=?
    Hibernate: 
        /* delete for com.example.reservationsystem.domain.entity.RoomReservationParticipant */delete 
        from
            room_reservation_participant 
        where
            id=?
    Hibernate: 
        /* delete for com.example.reservationsystem.domain.entity.RoomReservationParticipant */delete 
        from
            room_reservation_participant 
        where
            id=?
    Hibernate: 
        /* delete for com.example.reservationsystem.domain.entity.RoomReservation */delete 
        from
            room_reservation 
        where
            id=?
    Hibernate: 
        select
            rr1_0.id,
            rr1_0.created_at,
            rr1_0.date,
            rr1_0.duration,
            rr1_0.end_time,
            rr1_0.leader_student_id,
            r1_0.id,
            r1_0.meeting_daily_used_hours,
            r1_0.meeting_weekly_used_hours,
            r1_0.name,
            r1_0.room_daily_limit_hours,
            r1_0.seat_daily_used_hours,
            r1_0.seat_usage_date,
            r1_0.seat_weekly_used_hours,
            r1_0.student_id,
            r1_0.usage_date,
            r1_0.usage_week_start,
            r2_0.id,
            r2_0.capacity,
            rr1_0.start_time,
            rr1_0.status,
            rr1_0.updated_at 
        from
            room_reservation rr1_0 
        left join
            student r1_0 
                on r1_0.id=rr1_0.representative_id 
        left join
            room r2_0 
                on r2_0.id=rr1_0.room_id 
        where
            rr1_0.id=?
    Hibernate: 
        /* <criteria> */ select
            s1_0.id,
            s1_0.meeting_daily_used_hours,
            s1_0.meeting_weekly_used_hours,
            s1_0.name,
            s1_0.room_daily_limit_hours,
            s1_0.seat_daily_used_hours,
            s1_0.seat_usage_date,
            s1_0.seat_weekly_used_hours,
            s1_0.student_id,
            s1_0.usage_date,
            s1_0.usage_week_start 
        from
            student s1_0 
        where
            s1_0.student_id=?
    Hibernate: 
        /* <criteria> */ select
            s1_0.id,
            s1_0.meeting_daily_used_hours,
            s1_0.meeting_weekly_used_hours,
            s1_0.name,
            s1_0.room_daily_limit_hours,
            s1_0.seat_daily_used_hours,
            s1_0.seat_usage_date,
            s1_0.seat_weekly_used_hours,
            s1_0.student_id,
            s1_0.usage_date,
            s1_0.usage_week_start 
        from
            student s1_0 
        where
            s1_0.student_id=?
    Hibernate: 
        /* <criteria> */ select
            s1_0.id,
            s1_0.meeting_daily_used_hours,
            s1_0.meeting_weekly_used_hours,
            s1_0.name,
            s1_0.room_daily_limit_hours,
            s1_0.seat_daily_used_hours,
            s1_0.seat_usage_date,
            s1_0.seat_weekly_used_hours,
            s1_0.student_id,
            s1_0.usage_date,
            s1_0.usage_week_start 
        from
            student s1_0 
        where
            s1_0.student_id=?

RoomReservationServiceTest STANDARD_OUT
    2025-12-18T20:07:08.671+09:00  INFO 20488 --- [reservation_system] [    Test worker] t.c.s.AnnotationConfigContextLoaderUtils : Could not detect default configuration classes for test class [com.example.reservationsystem.domain.service.RoomReservationServiceTest]: RoomReservationServiceTest does not declare any static, non-private, non-final, nested classes annotated with @Configuration.
    2025-12-18T20:07:08.671+09:00  INFO 20488 --- [reservation_system] [    Test worker] .b.t.c.SpringBootTestContextBootstrapper : Found @SpringBootConfiguration com.example.reservationsystem.ReservationSystemApplication for test class com.example.reservationsystem.domain.service.RoomReservationServiceTest

RoomReservationServiceTest > UT-ROOM-C-01 대표자 취소 성공 (시작 전 → 환급) STANDARD_OUT
    Hibernate: 
        /* <criteria> */ select
            rr1_0.id,
            rr1_0.created_at,
            rr1_0.date,
            rr1_0.duration,
            rr1_0.end_time,
            rr1_0.leader_student_id,
            rr1_0.representative_id,
            rr1_0.room_id,
            rr1_0.start_time,
            rr1_0.status,
            rr1_0.updated_at 
        from
            room_reservation rr1_0
    Hibernate: 
        /* <criteria> */ select
            s1_0.id,
            s1_0.meeting_daily_used_hours,
            s1_0.meeting_weekly_used_hours,
            s1_0.name,
            s1_0.room_daily_limit_hours,
            s1_0.seat_daily_used_hours,
            s1_0.seat_usage_date,
            s1_0.seat_weekly_used_hours,
            s1_0.student_id,
            s1_0.usage_date,
            s1_0.usage_week_start 
        from
            student s1_0
    Hibernate: 
        /* <criteria> */ select
            r1_0.id,
            r1_0.capacity 
        from
            room r1_0
    Hibernate: 
        /* insert for
            com.example.reservationsystem.domain.entity.Room */insert 
        into
            room (capacity) 
        values
            (?)
    Hibernate: 
        /* insert for
            com.example.reservationsystem.domain.entity.Student */insert 
        into
            student (meeting_daily_used_hours, meeting_weekly_used_hours, name, room_daily_limit_hours, seat_daily_used_hours, seat_usage_date, seat_weekly_used_hours, student_id, usage_date, usage_week_start) 
        values
            (?, ?, ?, ?, ?, ?, ?, ?, ?, ?)
    Hibernate: 
        /* insert for
            com.example.reservationsystem.domain.entity.Student */insert 
        into
            student (meeting_daily_used_hours, meeting_weekly_used_hours, name, room_daily_limit_hours, seat_daily_used_hours, seat_usage_date, seat_weekly_used_hours, student_id, usage_date, usage_week_start) 
        values
            (?, ?, ?, ?, ?, ?, ?, ?, ?, ?)
    Hibernate: 
        /* insert for
            com.example.reservationsystem.domain.entity.Student */insert 
        into
            student (meeting_daily_used_hours, meeting_weekly_used_hours, name, room_daily_limit_hours, seat_daily_used_hours, seat_usage_date, seat_weekly_used_hours, student_id, usage_date, usage_week_start) 
        values
            (?, ?, ?, ?, ?, ?, ?, ?, ?, ?)
    Hibernate: 
        /* insert for
            com.example.reservationsystem.domain.entity.Student */insert 
        into
            student (meeting_daily_used_hours, meeting_weekly_used_hours, name, room_daily_limit_hours, seat_daily_used_hours, seat_usage_date, seat_weekly_used_hours, student_id, usage_date, usage_week_start) 
        values
            (?, ?, ?, ?, ?, ?, ?, ?, ?, ?)
    Hibernate: 
        /* delete for com.example.reservationsystem.domain.entity.Student */delete 
        from
            student 
        where
            id=?
    Hibernate: 
        /* delete for com.example.reservationsystem.domain.entity.Student */delete 
        from
            student 
        where
            id=?
    Hibernate: 
        /* delete for com.example.reservationsystem.domain.entity.Student */delete 
        from
            student 
        where
            id=?
    Hibernate: 
        /* delete for com.example.reservationsystem.domain.entity.Room */delete 
        from
            room 
        where
            id=?
    Hibernate: 
        /* <criteria> */ select
            s1_0.id,
            s1_0.meeting_daily_used_hours,
            s1_0.meeting_weekly_used_hours,
            s1_0.name,
            s1_0.room_daily_limit_hours,
            s1_0.seat_daily_used_hours,
            s1_0.seat_usage_date,
            s1_0.seat_weekly_used_hours,
            s1_0.student_id,
            s1_0.usage_date,
            s1_0.usage_week_start 
        from
            student s1_0 
        where
            s1_0.student_id=?
    Hibernate: 
        /*     select
            count(r) > 0     
        from
            RoomReservation r     
        where
            r.room.id = :roomId       
            and r.date = :date       
            and r.startTime < :endTime       
            and r.endTime > :startTime  */ select
                count(rr1_0.id)>0 
            from
                room_reservation rr1_0 
            where
                rr1_0.room_id=? 
                and rr1_0.date=? 
                and rr1_0.start_time<? 
                and rr1_0.end_time>?
    Hibernate: 
        /* <criteria> */ select
            s1_0.id,
            s1_0.meeting_daily_used_hours,
            s1_0.meeting_weekly_used_hours,
            s1_0.name,
            s1_0.room_daily_limit_hours,
            s1_0.seat_daily_used_hours,
            s1_0.seat_usage_date,
            s1_0.seat_weekly_used_hours,
            s1_0.student_id,
            s1_0.usage_date,
            s1_0.usage_week_start 
        from
            student s1_0 
        where
            s1_0.student_id=?
    Hibernate: 
        /* update
            for com.example.reservationsystem.domain.entity.Student */update student 
        set
            meeting_daily_used_hours=?,
            meeting_weekly_used_hours=?,
            name=?,
            room_daily_limit_hours=?,
            seat_daily_used_hours=?,
            seat_usage_date=?,
            seat_weekly_used_hours=?,
            student_id=?,
            usage_date=?,
            usage_week_start=? 
        where
            id=?
    Hibernate: 
        /* select
            (count(p) > 0) 
        from
            RoomReservationParticipant p 
        join
            p.reservation r 
        where
            p.student.studentId = :studentId   
            and r.date = :date   
            and r.status = com.example.reservationsystem.domain.entity.RoomReservationStatus.RESERVED   
            and r.startTime < :endTime   
            and r.endTime > :startTime  */ select
                (count(rrp1_0.id)>0) 
            from
                room_reservation_participant rrp1_0 
            join
                room_reservation r1_0 
                    on r1_0.id=rrp1_0.reservation_id 
            join
                student s1_0 
                    on s1_0.id=rrp1_0.student_id 
            where
                s1_0.student_id=? 
                and r1_0.date=? 
                and r1_0.status='RESERVED' 
                and r1_0.start_time<? 
                and r1_0.end_time>?
    Hibernate: 
        /* <criteria> */ select
            s1_0.id,
            s1_0.meeting_daily_used_hours,
            s1_0.meeting_weekly_used_hours,
            s1_0.name,
            s1_0.room_daily_limit_hours,
            s1_0.seat_daily_used_hours,
            s1_0.seat_usage_date,
            s1_0.seat_weekly_used_hours,
            s1_0.student_id,
            s1_0.usage_date,
            s1_0.usage_week_start 
        from
            student s1_0 
        where
            s1_0.student_id=?
    Hibernate: 
        /* update
            for com.example.reservationsystem.domain.entity.Student */update student 
        set
            meeting_daily_used_hours=?,
            meeting_weekly_used_hours=?,
            name=?,
            room_daily_limit_hours=?,
            seat_daily_used_hours=?,
            seat_usage_date=?,
            seat_weekly_used_hours=?,
            student_id=?,
            usage_date=?,
            usage_week_start=? 
        where
            id=?
    Hibernate: 
        /* select
            (count(p) > 0) 
        from
            RoomReservationParticipant p 
        join
            p.reservation r 
        where
            p.student.studentId = :studentId   
            and r.date = :date   
            and r.status = com.example.reservationsystem.domain.entity.RoomReservationStatus.RESERVED   
            and r.startTime < :endTime   
            and r.endTime > :startTime  */ select
                (count(rrp1_0.id)>0) 
            from
                room_reservation_participant rrp1_0 
            join
                room_reservation r1_0 
                    on r1_0.id=rrp1_0.reservation_id 
            join
                student s1_0 
                    on s1_0.id=rrp1_0.student_id 
            where
                s1_0.student_id=? 
                and r1_0.date=? 
                and r1_0.status='RESERVED' 
                and r1_0.start_time<? 
                and r1_0.end_time>?
    Hibernate: 
        /* <criteria> */ select
            s1_0.id,
            s1_0.meeting_daily_used_hours,
            s1_0.meeting_weekly_used_hours,
            s1_0.name,
            s1_0.room_daily_limit_hours,
            s1_0.seat_daily_used_hours,
            s1_0.seat_usage_date,
            s1_0.seat_weekly_used_hours,
            s1_0.student_id,
            s1_0.usage_date,
            s1_0.usage_week_start 
        from
            student s1_0 
        where
            s1_0.student_id=?
    Hibernate: 
        /* update
            for com.example.reservationsystem.domain.entity.Student */update student 
        set
            meeting_daily_used_hours=?,
            meeting_weekly_used_hours=?,
            name=?,
            room_daily_limit_hours=?,
            seat_daily_used_hours=?,
            seat_usage_date=?,
            seat_weekly_used_hours=?,
            student_id=?,
            usage_date=?,
            usage_week_start=? 
        where
            id=?
    Hibernate: 
        /* select
            (count(p) > 0) 
        from
            RoomReservationParticipant p 
        join
            p.reservation r 
        where
            p.student.studentId = :studentId   
            and r.date = :date   
            and r.status = com.example.reservationsystem.domain.entity.RoomReservationStatus.RESERVED   
            and r.startTime < :endTime   
            and r.endTime > :startTime  */ select
                (count(rrp1_0.id)>0) 
            from
                room_reservation_participant rrp1_0 
            join
                room_reservation r1_0 
                    on r1_0.id=rrp1_0.reservation_id 
            join
                student s1_0 
                    on s1_0.id=rrp1_0.student_id 
            where
                s1_0.student_id=? 
                and r1_0.date=? 
                and r1_0.status='RESERVED' 
                and r1_0.start_time<? 
                and r1_0.end_time>?
    Hibernate: 
        /* insert for
            com.example.reservationsystem.domain.entity.RoomReservation */insert 
        into
            room_reservation (created_at, date, duration, end_time, leader_student_id, representative_id, room_id, start_time, status, updated_at) 
        values
            (?, ?, ?, ?, ?, ?, ?, ?, ?, ?)
    Hibernate: 
        /* insert for
            com.example.reservationsystem.domain.entity.RoomReservationParticipant */insert 
        into
            room_reservation_participant (is_representative, reservation_id, student_id) 
        values
            (?, ?, ?)
    Hibernate: 
        /* insert for
            com.example.reservationsystem.domain.entity.RoomReservationParticipant */insert 
        into
            room_reservation_participant (is_representative, reservation_id, student_id) 
        values
            (?, ?, ?)
    Hibernate: 
        /* insert for
            com.example.reservationsystem.domain.entity.RoomReservationParticipant */insert 
        into
            room_reservation_participant (is_representative, reservation_id, student_id) 
        values
            (?, ?, ?)
    Hibernate: 
        /* update
            for com.example.reservationsystem.domain.entity.Student */update student 
        set
            meeting_daily_used_hours=?,
            meeting_weekly_used_hours=?,
            name=?,
            room_daily_limit_hours=?,
            seat_daily_used_hours=?,
            seat_usage_date=?,
            seat_weekly_used_hours=?,
            student_id=?,
            usage_date=?,
            usage_week_start=? 
        where
            id=?
    Hibernate: 
        /* update
            for com.example.reservationsystem.domain.entity.Student */update student 
        set
            meeting_daily_used_hours=?,
            meeting_weekly_used_hours=?,
            name=?,
            room_daily_limit_hours=?,
            seat_daily_used_hours=?,
            seat_usage_date=?,
            seat_weekly_used_hours=?,
            student_id=?,
            usage_date=?,
            usage_week_start=? 
        where
            id=?
    Hibernate: 
        /* update
            for com.example.reservationsystem.domain.entity.Student */update student 
        set
            meeting_daily_used_hours=?,
            meeting_weekly_used_hours=?,
            name=?,
            room_daily_limit_hours=?,
            seat_daily_used_hours=?,
            seat_usage_date=?,
            seat_weekly_used_hours=?,
            student_id=?,
            usage_date=?,
            usage_week_start=? 
        where
            id=?
    Hibernate: 
        /* <criteria> */ select
            rrp1_0.id,
            rrp1_0.is_representative,
            rrp1_0.reservation_id,
            rrp1_0.student_id 
        from
            room_reservation_participant rrp1_0 
        left join
            room_reservation r1_0 
                on r1_0.id=rrp1_0.reservation_id 
        left join
            student s1_0 
                on s1_0.id=rrp1_0.student_id 
        where
            r1_0.id=? 
            and s1_0.student_id=?
    Hibernate: 
        /* <criteria> */ select
            rrp1_0.id,
            rrp1_0.is_representative,
            rrp1_0.reservation_id,
            rrp1_0.student_id 
        from
            room_reservation_participant rrp1_0 
        left join
            room_reservation r1_0 
                on r1_0.id=rrp1_0.reservation_id 
        where
            r1_0.id=?
    Hibernate: 
        /* <criteria> */ select
            s1_0.id,
            s1_0.meeting_daily_used_hours,
            s1_0.meeting_weekly_used_hours,
            s1_0.name,
            s1_0.room_daily_limit_hours,
            s1_0.seat_daily_used_hours,
            s1_0.seat_usage_date,
            s1_0.seat_weekly_used_hours,
            s1_0.student_id,
            s1_0.usage_date,
            s1_0.usage_week_start 
        from
            student s1_0 
        where
            s1_0.student_id=?
    Hibernate: 
        /* update
            for com.example.reservationsystem.domain.entity.Student */update student 
        set
            meeting_daily_used_hours=?,
            meeting_weekly_used_hours=?,
            name=?,
            room_daily_limit_hours=?,
            seat_daily_used_hours=?,
            seat_usage_date=?,
            seat_weekly_used_hours=?,
            student_id=?,
            usage_date=?,
            usage_week_start=? 
        where
            id=?
    Hibernate: 
        /* <criteria> */ select
            s1_0.id,
            s1_0.meeting_daily_used_hours,
            s1_0.meeting_weekly_used_hours,
            s1_0.name,
            s1_0.room_daily_limit_hours,
            s1_0.seat_daily_used_hours,
            s1_0.seat_usage_date,
            s1_0.seat_weekly_used_hours,
            s1_0.student_id,
            s1_0.usage_date,
            s1_0.usage_week_start 
        from
            student s1_0 
        where
            s1_0.student_id=?
    Hibernate: 
        /* update
            for com.example.reservationsystem.domain.entity.Student */update student 
        set
            meeting_daily_used_hours=?,
            meeting_weekly_used_hours=?,
            name=?,
            room_daily_limit_hours=?,
            seat_daily_used_hours=?,
            seat_usage_date=?,
            seat_weekly_used_hours=?,
            student_id=?,
            usage_date=?,
            usage_week_start=? 
        where
            id=?
    Hibernate: 
        /* <criteria> */ select
            s1_0.id,
            s1_0.meeting_daily_used_hours,
            s1_0.meeting_weekly_used_hours,
            s1_0.name,
            s1_0.room_daily_limit_hours,
            s1_0.seat_daily_used_hours,
            s1_0.seat_usage_date,
            s1_0.seat_weekly_used_hours,
            s1_0.student_id,
            s1_0.usage_date,
            s1_0.usage_week_start 
        from
            student s1_0 
        where
            s1_0.student_id=?
    Hibernate: 
        /* update
            for com.example.reservationsystem.domain.entity.Student */update student 
        set
            meeting_daily_used_hours=?,
            meeting_weekly_used_hours=?,
            name=?,
            room_daily_limit_hours=?,
            seat_daily_used_hours=?,
            seat_usage_date=?,
            seat_weekly_used_hours=?,
            student_id=?,
            usage_date=?,
            usage_week_start=? 
        where
            id=?
    Hibernate: 
        /* delete for com.example.reservationsystem.domain.entity.RoomReservationParticipant */delete 
        from
            room_reservation_participant 
        where
            id=?
    Hibernate: 
        /* delete for com.example.reservationsystem.domain.entity.RoomReservationParticipant */delete 
        from
            room_reservation_participant 
        where
            id=?
    Hibernate: 
        /* delete for com.example.reservationsystem.domain.entity.RoomReservationParticipant */delete 
        from
            room_reservation_participant 
        where
            id=?
    Hibernate: 
        /* delete for com.example.reservationsystem.domain.entity.RoomReservation */delete 
        from
            room_reservation 
        where
            id=?
    Hibernate: 
        /* <criteria> */ select
            s1_0.id,
            s1_0.meeting_daily_used_hours,
            s1_0.meeting_weekly_used_hours,
            s1_0.name,
            s1_0.room_daily_limit_hours,
            s1_0.seat_daily_used_hours,
            s1_0.seat_usage_date,
            s1_0.seat_weekly_used_hours,
            s1_0.student_id,
            s1_0.usage_date,
            s1_0.usage_week_start 
        from
            student s1_0 
        where
            s1_0.student_id=?
    [TC=UT-ROOM-C-01] [RESULT=PASS] [reservationId=9] [EXPECT=deleted & refund]

RoomReservationServiceTest > UT-ROOM-C-02 대표자 취소 성공 (시작 후 → 페널티) STANDARD_OUT
    Hibernate: 
        /* <criteria> */ select
            rr1_0.id,
            rr1_0.created_at,
            rr1_0.date,
            rr1_0.duration,
            rr1_0.end_time,
            rr1_0.leader_student_id,
            rr1_0.representative_id,
            rr1_0.room_id,
            rr1_0.start_time,
            rr1_0.status,
            rr1_0.updated_at 
        from
            room_reservation rr1_0
    Hibernate: 
        /* <criteria> */ select
            s1_0.id,
            s1_0.meeting_daily_used_hours,
            s1_0.meeting_weekly_used_hours,
            s1_0.name,
            s1_0.room_daily_limit_hours,
            s1_0.seat_daily_used_hours,
            s1_0.seat_usage_date,
            s1_0.seat_weekly_used_hours,
            s1_0.student_id,
            s1_0.usage_date,
            s1_0.usage_week_start 
        from
            student s1_0
    Hibernate: 
        /* <criteria> */ select
            r1_0.id,
            r1_0.capacity 
        from
            room r1_0
    Hibernate: 
        /* insert for
            com.example.reservationsystem.domain.entity.Room */insert 
        into
            room (capacity) 
        values
            (?)
    Hibernate: 
        /* insert for
            com.example.reservationsystem.domain.entity.Student */insert 
        into
            student (meeting_daily_used_hours, meeting_weekly_used_hours, name, room_daily_limit_hours, seat_daily_used_hours, seat_usage_date, seat_weekly_used_hours, student_id, usage_date, usage_week_start) 
        values
            (?, ?, ?, ?, ?, ?, ?, ?, ?, ?)
    Hibernate: 
        /* insert for
            com.example.reservationsystem.domain.entity.Student */insert 
        into
            student (meeting_daily_used_hours, meeting_weekly_used_hours, name, room_daily_limit_hours, seat_daily_used_hours, seat_usage_date, seat_weekly_used_hours, student_id, usage_date, usage_week_start) 
        values
            (?, ?, ?, ?, ?, ?, ?, ?, ?, ?)
    Hibernate: 
        /* insert for
            com.example.reservationsystem.domain.entity.Student */insert 
        into
            student (meeting_daily_used_hours, meeting_weekly_used_hours, name, room_daily_limit_hours, seat_daily_used_hours, seat_usage_date, seat_weekly_used_hours, student_id, usage_date, usage_week_start) 
        values
            (?, ?, ?, ?, ?, ?, ?, ?, ?, ?)
    Hibernate: 
        /* insert for
            com.example.reservationsystem.domain.entity.Student */insert 
        into
            student (meeting_daily_used_hours, meeting_weekly_used_hours, name, room_daily_limit_hours, seat_daily_used_hours, seat_usage_date, seat_weekly_used_hours, student_id, usage_date, usage_week_start) 
        values
            (?, ?, ?, ?, ?, ?, ?, ?, ?, ?)
    Hibernate: 
        /* delete for com.example.reservationsystem.domain.entity.Student */delete 
        from
            student 
        where
            id=?
    Hibernate: 
        /* delete for com.example.reservationsystem.domain.entity.Student */delete 
        from
            student 
        where
            id=?
    Hibernate: 
        /* delete for com.example.reservationsystem.domain.entity.Student */delete 
        from
            student 
        where
            id=?
    Hibernate: 
        /* delete for com.example.reservationsystem.domain.entity.Room */delete 
        from
            room 
        where
            id=?
    Hibernate: 
        /* <criteria> */ select
            s1_0.id,
            s1_0.meeting_daily_used_hours,
            s1_0.meeting_weekly_used_hours,
            s1_0.name,
            s1_0.room_daily_limit_hours,
            s1_0.seat_daily_used_hours,
            s1_0.seat_usage_date,
            s1_0.seat_weekly_used_hours,
            s1_0.student_id,
            s1_0.usage_date,
            s1_0.usage_week_start 
        from
            student s1_0 
        where
            s1_0.student_id=?
    Hibernate: 
        /*     select
            count(r) > 0     
        from
            RoomReservation r     
        where
            r.room.id = :roomId       
            and r.date = :date       
            and r.startTime < :endTime       
            and r.endTime > :startTime  */ select
                count(rr1_0.id)>0 
            from
                room_reservation rr1_0 
            where
                rr1_0.room_id=? 
                and rr1_0.date=? 
                and rr1_0.start_time<? 
                and rr1_0.end_time>?
    Hibernate: 
        /* <criteria> */ select
            s1_0.id,
            s1_0.meeting_daily_used_hours,
            s1_0.meeting_weekly_used_hours,
            s1_0.name,
            s1_0.room_daily_limit_hours,
            s1_0.seat_daily_used_hours,
            s1_0.seat_usage_date,
            s1_0.seat_weekly_used_hours,
            s1_0.student_id,
            s1_0.usage_date,
            s1_0.usage_week_start 
        from
            student s1_0 
        where
            s1_0.student_id=?
    Hibernate: 
        /* update
            for com.example.reservationsystem.domain.entity.Student */update student 
        set
            meeting_daily_used_hours=?,
            meeting_weekly_used_hours=?,
            name=?,
            room_daily_limit_hours=?,
            seat_daily_used_hours=?,
            seat_usage_date=?,
            seat_weekly_used_hours=?,
            student_id=?,
            usage_date=?,
            usage_week_start=? 
        where
            id=?
    Hibernate: 
        /* select
            (count(p) > 0) 
        from
            RoomReservationParticipant p 
        join
            p.reservation r 
        where
            p.student.studentId = :studentId   
            and r.date = :date   
            and r.status = com.example.reservationsystem.domain.entity.RoomReservationStatus.RESERVED   
            and r.startTime < :endTime   
            and r.endTime > :startTime  */ select
                (count(rrp1_0.id)>0) 
            from
                room_reservation_participant rrp1_0 
            join
                room_reservation r1_0 
                    on r1_0.id=rrp1_0.reservation_id 
            join
                student s1_0 
                    on s1_0.id=rrp1_0.student_id 
            where
                s1_0.student_id=? 
                and r1_0.date=? 
                and r1_0.status='RESERVED' 
                and r1_0.start_time<? 
                and r1_0.end_time>?
    Hibernate: 
        /* <criteria> */ select
            s1_0.id,
            s1_0.meeting_daily_used_hours,
            s1_0.meeting_weekly_used_hours,
            s1_0.name,
            s1_0.room_daily_limit_hours,
            s1_0.seat_daily_used_hours,
            s1_0.seat_usage_date,
            s1_0.seat_weekly_used_hours,
            s1_0.student_id,
            s1_0.usage_date,
            s1_0.usage_week_start 
        from
            student s1_0 
        where
            s1_0.student_id=?
    Hibernate: 
        /* update
            for com.example.reservationsystem.domain.entity.Student */update student 
        set
            meeting_daily_used_hours=?,
            meeting_weekly_used_hours=?,
            name=?,
            room_daily_limit_hours=?,
            seat_daily_used_hours=?,
            seat_usage_date=?,
            seat_weekly_used_hours=?,
            student_id=?,
            usage_date=?,
            usage_week_start=? 
        where
            id=?
    Hibernate: 
        /* select
            (count(p) > 0) 
        from
            RoomReservationParticipant p 
        join
            p.reservation r 
        where
            p.student.studentId = :studentId   
            and r.date = :date   
            and r.status = com.example.reservationsystem.domain.entity.RoomReservationStatus.RESERVED   
            and r.startTime < :endTime   
            and r.endTime > :startTime  */ select
                (count(rrp1_0.id)>0) 
            from
                room_reservation_participant rrp1_0 
            join
                room_reservation r1_0 
                    on r1_0.id=rrp1_0.reservation_id 
            join
                student s1_0 
                    on s1_0.id=rrp1_0.student_id 
            where
                s1_0.student_id=? 
                and r1_0.date=? 
                and r1_0.status='RESERVED' 
                and r1_0.start_time<? 
                and r1_0.end_time>?
    Hibernate: 
        /* <criteria> */ select
            s1_0.id,
            s1_0.meeting_daily_used_hours,
            s1_0.meeting_weekly_used_hours,
            s1_0.name,
            s1_0.room_daily_limit_hours,
            s1_0.seat_daily_used_hours,
            s1_0.seat_usage_date,
            s1_0.seat_weekly_used_hours,
            s1_0.student_id,
            s1_0.usage_date,
            s1_0.usage_week_start 
        from
            student s1_0 
        where
            s1_0.student_id=?
    Hibernate: 
        /* update
            for com.example.reservationsystem.domain.entity.Student */update student 
        set
            meeting_daily_used_hours=?,
            meeting_weekly_used_hours=?,
            name=?,
            room_daily_limit_hours=?,
            seat_daily_used_hours=?,
            seat_usage_date=?,
            seat_weekly_used_hours=?,
            student_id=?,
            usage_date=?,
            usage_week_start=? 
        where
            id=?
    Hibernate: 
        /* select
            (count(p) > 0) 
        from
            RoomReservationParticipant p 
        join
            p.reservation r 
        where
            p.student.studentId = :studentId   
            and r.date = :date   
            and r.status = com.example.reservationsystem.domain.entity.RoomReservationStatus.RESERVED   
            and r.startTime < :endTime   
            and r.endTime > :startTime  */ select
                (count(rrp1_0.id)>0) 
            from
                room_reservation_participant rrp1_0 
            join
                room_reservation r1_0 
                    on r1_0.id=rrp1_0.reservation_id 
            join
                student s1_0 
                    on s1_0.id=rrp1_0.student_id 
            where
                s1_0.student_id=? 
                and r1_0.date=? 
                and r1_0.status='RESERVED' 
                and r1_0.start_time<? 
                and r1_0.end_time>?
    Hibernate: 
        /* insert for
            com.example.reservationsystem.domain.entity.RoomReservation */insert 
        into
            room_reservation (created_at, date, duration, end_time, leader_student_id, representative_id, room_id, start_time, status, updated_at) 
        values
            (?, ?, ?, ?, ?, ?, ?, ?, ?, ?)
    Hibernate: 
        /* insert for
            com.example.reservationsystem.domain.entity.RoomReservationParticipant */insert 
        into
            room_reservation_participant (is_representative, reservation_id, student_id) 
        values
            (?, ?, ?)
    Hibernate: 
        /* insert for
            com.example.reservationsystem.domain.entity.RoomReservationParticipant */insert 
        into
            room_reservation_participant (is_representative, reservation_id, student_id) 
        values
            (?, ?, ?)
    Hibernate: 
        /* insert for
            com.example.reservationsystem.domain.entity.RoomReservationParticipant */insert 
        into
            room_reservation_participant (is_representative, reservation_id, student_id) 
        values
            (?, ?, ?)
    Hibernate: 
        /* update
            for com.example.reservationsystem.domain.entity.Student */update student 
        set
            meeting_daily_used_hours=?,
            meeting_weekly_used_hours=?,
            name=?,
            room_daily_limit_hours=?,
            seat_daily_used_hours=?,
            seat_usage_date=?,
            seat_weekly_used_hours=?,
            student_id=?,
            usage_date=?,
            usage_week_start=? 
        where
            id=?
    Hibernate: 
        /* update
            for com.example.reservationsystem.domain.entity.Student */update student 
        set
            meeting_daily_used_hours=?,
            meeting_weekly_used_hours=?,
            name=?,
            room_daily_limit_hours=?,
            seat_daily_used_hours=?,
            seat_usage_date=?,
            seat_weekly_used_hours=?,
            student_id=?,
            usage_date=?,
            usage_week_start=? 
        where
            id=?
    Hibernate: 
        /* update
            for com.example.reservationsystem.domain.entity.Student */update student 
        set
            meeting_daily_used_hours=?,
            meeting_weekly_used_hours=?,
            name=?,
            room_daily_limit_hours=?,
            seat_daily_used_hours=?,
            seat_usage_date=?,
            seat_weekly_used_hours=?,
            student_id=?,
            usage_date=?,
            usage_week_start=? 
        where
            id=?
    Hibernate: 
        /* <criteria> */ select
            rrp1_0.id,
            rrp1_0.is_representative,
            rrp1_0.reservation_id,
            rrp1_0.student_id 
        from
            room_reservation_participant rrp1_0 
        left join
            room_reservation r1_0 
                on r1_0.id=rrp1_0.reservation_id 
        left join
            student s1_0 
                on s1_0.id=rrp1_0.student_id 
        where
            r1_0.id=? 
            and s1_0.student_id=?
    Hibernate: 
        /* <criteria> */ select
            rrp1_0.id,
            rrp1_0.is_representative,
            rrp1_0.reservation_id,
            rrp1_0.student_id 
        from
            room_reservation_participant rrp1_0 
        left join
            room_reservation r1_0 
                on r1_0.id=rrp1_0.reservation_id 
        where
            r1_0.id=?
    Hibernate: 
        /* <criteria> */ select
            s1_0.id,
            s1_0.meeting_daily_used_hours,
            s1_0.meeting_weekly_used_hours,
            s1_0.name,
            s1_0.room_daily_limit_hours,
            s1_0.seat_daily_used_hours,
            s1_0.seat_usage_date,
            s1_0.seat_weekly_used_hours,
            s1_0.student_id,
            s1_0.usage_date,
            s1_0.usage_week_start 
        from
            student s1_0 
        where
            s1_0.student_id=?
    Hibernate: 
        /* update
            for com.example.reservationsystem.domain.entity.Student */update student 
        set
            meeting_daily_used_hours=?,
            meeting_weekly_used_hours=?,
            name=?,
            room_daily_limit_hours=?,
            seat_daily_used_hours=?,
            seat_usage_date=?,
            seat_weekly_used_hours=?,
            student_id=?,
            usage_date=?,
            usage_week_start=? 
        where
            id=?
    Hibernate: 
        /* <criteria> */ select
            s1_0.id,
            s1_0.meeting_daily_used_hours,
            s1_0.meeting_weekly_used_hours,
            s1_0.name,
            s1_0.room_daily_limit_hours,
            s1_0.seat_daily_used_hours,
            s1_0.seat_usage_date,
            s1_0.seat_weekly_used_hours,
            s1_0.student_id,
            s1_0.usage_date,
            s1_0.usage_week_start 
        from
            student s1_0 
        where
            s1_0.student_id=?
    Hibernate: 
        /* update
            for com.example.reservationsystem.domain.entity.Student */update student 
        set
            meeting_daily_used_hours=?,
            meeting_weekly_used_hours=?,
            name=?,
            room_daily_limit_hours=?,
            seat_daily_used_hours=?,
            seat_usage_date=?,
            seat_weekly_used_hours=?,
            student_id=?,
            usage_date=?,
            usage_week_start=? 
        where
            id=?
    Hibernate: 
        /* <criteria> */ select
            s1_0.id,
            s1_0.meeting_daily_used_hours,
            s1_0.meeting_weekly_used_hours,
            s1_0.name,
            s1_0.room_daily_limit_hours,
            s1_0.seat_daily_used_hours,
            s1_0.seat_usage_date,
            s1_0.seat_weekly_used_hours,
            s1_0.student_id,
            s1_0.usage_date,
            s1_0.usage_week_start 
        from
            student s1_0 
        where
            s1_0.student_id=?
    Hibernate: 
        /* update
            for com.example.reservationsystem.domain.entity.Student */update student 
        set
            meeting_daily_used_hours=?,
            meeting_weekly_used_hours=?,
            name=?,
            room_daily_limit_hours=?,
            seat_daily_used_hours=?,
            seat_usage_date=?,
            seat_weekly_used_hours=?,
            student_id=?,
            usage_date=?,
            usage_week_start=? 
        where
            id=?
    Hibernate: 
        /* delete for com.example.reservationsystem.domain.entity.RoomReservationParticipant */delete 
        from
            room_reservation_participant 
        where
            id=?
    Hibernate: 
        /* delete for com.example.reservationsystem.domain.entity.RoomReservationParticipant */delete 
        from
            room_reservation_participant 
        where
            id=?
    Hibernate: 
        /* delete for com.example.reservationsystem.domain.entity.RoomReservationParticipant */delete 
        from
            room_reservation_participant 
        where
            id=?
    Hibernate: 
        /* delete for com.example.reservationsystem.domain.entity.RoomReservation */delete 
        from
            room_reservation 
        where
            id=?
    Hibernate: 
        /* <criteria> */ select
            s1_0.id,
            s1_0.meeting_daily_used_hours,
            s1_0.meeting_weekly_used_hours,
            s1_0.name,
            s1_0.room_daily_limit_hours,
            s1_0.seat_daily_used_hours,
            s1_0.seat_usage_date,
            s1_0.seat_weekly_used_hours,
            s1_0.student_id,
            s1_0.usage_date,
            s1_0.usage_week_start 
        from
            student s1_0 
        where
            s1_0.student_id=?
    [TC=UT-ROOM-C-02] [RESULT=PASS] [reservationId=10] [EXPECT=deleted & penaltyApplied(dailyUsed=4)]

RoomReservationServiceTest > UT-ROOM-C-03 비대표자 취소 → NO_CANCEL_PERMISSION STANDARD_OUT
    Hibernate: 
        /* <criteria> */ select
            rr1_0.id,
            rr1_0.created_at,
            rr1_0.date,
            rr1_0.duration,
            rr1_0.end_time,
            rr1_0.leader_student_id,
            rr1_0.representative_id,
            rr1_0.room_id,
            rr1_0.start_time,
            rr1_0.status,
            rr1_0.updated_at 
        from
            room_reservation rr1_0
    Hibernate: 
        /* <criteria> */ select
            s1_0.id,
            s1_0.meeting_daily_used_hours,
            s1_0.meeting_weekly_used_hours,
            s1_0.name,
            s1_0.room_daily_limit_hours,
            s1_0.seat_daily_used_hours,
            s1_0.seat_usage_date,
            s1_0.seat_weekly_used_hours,
            s1_0.student_id,
            s1_0.usage_date,
            s1_0.usage_week_start 
        from
            student s1_0
    Hibernate: 
        /* <criteria> */ select
            r1_0.id,
            r1_0.capacity 
        from
            room r1_0
    Hibernate: 
        /* insert for
            com.example.reservationsystem.domain.entity.Room */insert 
        into
            room (capacity) 
        values
            (?)
    Hibernate: 
        /* insert for
            com.example.reservationsystem.domain.entity.Student */insert 
        into
            student (meeting_daily_used_hours, meeting_weekly_used_hours, name, room_daily_limit_hours, seat_daily_used_hours, seat_usage_date, seat_weekly_used_hours, student_id, usage_date, usage_week_start) 
        values
            (?, ?, ?, ?, ?, ?, ?, ?, ?, ?)
    Hibernate: 
        /* insert for
            com.example.reservationsystem.domain.entity.Student */insert 
        into
            student (meeting_daily_used_hours, meeting_weekly_used_hours, name, room_daily_limit_hours, seat_daily_used_hours, seat_usage_date, seat_weekly_used_hours, student_id, usage_date, usage_week_start) 
        values
            (?, ?, ?, ?, ?, ?, ?, ?, ?, ?)
    Hibernate: 
        /* insert for
            com.example.reservationsystem.domain.entity.Student */insert 
        into
            student (meeting_daily_used_hours, meeting_weekly_used_hours, name, room_daily_limit_hours, seat_daily_used_hours, seat_usage_date, seat_weekly_used_hours, student_id, usage_date, usage_week_start) 
        values
            (?, ?, ?, ?, ?, ?, ?, ?, ?, ?)
    Hibernate: 
        /* insert for
            com.example.reservationsystem.domain.entity.Student */insert 
        into
            student (meeting_daily_used_hours, meeting_weekly_used_hours, name, room_daily_limit_hours, seat_daily_used_hours, seat_usage_date, seat_weekly_used_hours, student_id, usage_date, usage_week_start) 
        values
            (?, ?, ?, ?, ?, ?, ?, ?, ?, ?)
    Hibernate: 
        /* delete for com.example.reservationsystem.domain.entity.Student */delete 
        from
            student 
        where
            id=?
    Hibernate: 
        /* delete for com.example.reservationsystem.domain.entity.Student */delete 
        from
            student 
        where
            id=?
    Hibernate: 
        /* delete for com.example.reservationsystem.domain.entity.Student */delete 
        from
            student 
        where
            id=?
    Hibernate: 
        /* delete for com.example.reservationsystem.domain.entity.Room */delete 
        from
            room 
        where
            id=?
    Hibernate: 
        /* <criteria> */ select
            s1_0.id,
            s1_0.meeting_daily_used_hours,
            s1_0.meeting_weekly_used_hours,
            s1_0.name,
            s1_0.room_daily_limit_hours,
            s1_0.seat_daily_used_hours,
            s1_0.seat_usage_date,
            s1_0.seat_weekly_used_hours,
            s1_0.student_id,
            s1_0.usage_date,
            s1_0.usage_week_start 
        from
            student s1_0 
        where
            s1_0.student_id=?
    Hibernate: 
        /*     select
            count(r) > 0     
        from
            RoomReservation r     
        where
            r.room.id = :roomId       
            and r.date = :date       
            and r.startTime < :endTime       
            and r.endTime > :startTime  */ select
                count(rr1_0.id)>0 
            from
                room_reservation rr1_0 
            where
                rr1_0.room_id=? 
                and rr1_0.date=? 
                and rr1_0.start_time<? 
                and rr1_0.end_time>?
    Hibernate: 
        /* <criteria> */ select
            s1_0.id,
            s1_0.meeting_daily_used_hours,
            s1_0.meeting_weekly_used_hours,
            s1_0.name,
            s1_0.room_daily_limit_hours,
            s1_0.seat_daily_used_hours,
            s1_0.seat_usage_date,
            s1_0.seat_weekly_used_hours,
            s1_0.student_id,
            s1_0.usage_date,
            s1_0.usage_week_start 
        from
            student s1_0 
        where
            s1_0.student_id=?
    Hibernate: 
        /* update
            for com.example.reservationsystem.domain.entity.Student */update student 
        set
            meeting_daily_used_hours=?,
            meeting_weekly_used_hours=?,
            name=?,
            room_daily_limit_hours=?,
            seat_daily_used_hours=?,
            seat_usage_date=?,
            seat_weekly_used_hours=?,
            student_id=?,
            usage_date=?,
            usage_week_start=? 
        where
            id=?
    Hibernate: 
        /* select
            (count(p) > 0) 
        from
            RoomReservationParticipant p 
        join
            p.reservation r 
        where
            p.student.studentId = :studentId   
            and r.date = :date   
            and r.status = com.example.reservationsystem.domain.entity.RoomReservationStatus.RESERVED   
            and r.startTime < :endTime   
            and r.endTime > :startTime  */ select
                (count(rrp1_0.id)>0) 
            from
                room_reservation_participant rrp1_0 
            join
                room_reservation r1_0 
                    on r1_0.id=rrp1_0.reservation_id 
            join
                student s1_0 
                    on s1_0.id=rrp1_0.student_id 
            where
                s1_0.student_id=? 
                and r1_0.date=? 
                and r1_0.status='RESERVED' 
                and r1_0.start_time<? 
                and r1_0.end_time>?
    Hibernate: 
        /* <criteria> */ select
            s1_0.id,
            s1_0.meeting_daily_used_hours,
            s1_0.meeting_weekly_used_hours,
            s1_0.name,
            s1_0.room_daily_limit_hours,
            s1_0.seat_daily_used_hours,
            s1_0.seat_usage_date,
            s1_0.seat_weekly_used_hours,
            s1_0.student_id,
            s1_0.usage_date,
            s1_0.usage_week_start 
        from
            student s1_0 
        where
            s1_0.student_id=?
    Hibernate: 
        /* update
            for com.example.reservationsystem.domain.entity.Student */update student 
        set
            meeting_daily_used_hours=?,
            meeting_weekly_used_hours=?,
            name=?,
            room_daily_limit_hours=?,
            seat_daily_used_hours=?,
            seat_usage_date=?,
            seat_weekly_used_hours=?,
            student_id=?,
            usage_date=?,
            usage_week_start=? 
        where
            id=?
    Hibernate: 
        /* select
            (count(p) > 0) 
        from
            RoomReservationParticipant p 
        join
            p.reservation r 
        where
            p.student.studentId = :studentId   
            and r.date = :date   
            and r.status = com.example.reservationsystem.domain.entity.RoomReservationStatus.RESERVED   
            and r.startTime < :endTime   
            and r.endTime > :startTime  */ select
                (count(rrp1_0.id)>0) 
            from
                room_reservation_participant rrp1_0 
            join
                room_reservation r1_0 
                    on r1_0.id=rrp1_0.reservation_id 
            join
                student s1_0 
                    on s1_0.id=rrp1_0.student_id 
            where
                s1_0.student_id=? 
                and r1_0.date=? 
                and r1_0.status='RESERVED' 
                and r1_0.start_time<? 
                and r1_0.end_time>?
    Hibernate: 
        /* <criteria> */ select
            s1_0.id,
            s1_0.meeting_daily_used_hours,
            s1_0.meeting_weekly_used_hours,
            s1_0.name,
            s1_0.room_daily_limit_hours,
            s1_0.seat_daily_used_hours,
            s1_0.seat_usage_date,
            s1_0.seat_weekly_used_hours,
            s1_0.student_id,
            s1_0.usage_date,
            s1_0.usage_week_start 
        from
            student s1_0 
        where
            s1_0.student_id=?
    Hibernate: 
        /* update
            for com.example.reservationsystem.domain.entity.Student */update student 
        set
            meeting_daily_used_hours=?,
            meeting_weekly_used_hours=?,
            name=?,
            room_daily_limit_hours=?,
            seat_daily_used_hours=?,
            seat_usage_date=?,
            seat_weekly_used_hours=?,
            student_id=?,
            usage_date=?,
            usage_week_start=? 
        where
            id=?
    Hibernate: 
        /* select
            (count(p) > 0) 
        from
            RoomReservationParticipant p 
        join
            p.reservation r 
        where
            p.student.studentId = :studentId   
            and r.date = :date   
            and r.status = com.example.reservationsystem.domain.entity.RoomReservationStatus.RESERVED   
            and r.startTime < :endTime   
            and r.endTime > :startTime  */ select
                (count(rrp1_0.id)>0) 
            from
                room_reservation_participant rrp1_0 
            join
                room_reservation r1_0 
                    on r1_0.id=rrp1_0.reservation_id 
            join
                student s1_0 
                    on s1_0.id=rrp1_0.student_id 
            where
                s1_0.student_id=? 
                and r1_0.date=? 
                and r1_0.status='RESERVED' 
                and r1_0.start_time<? 
                and r1_0.end_time>?
    Hibernate: 
        /* insert for
            com.example.reservationsystem.domain.entity.RoomReservation */insert 
        into
            room_reservation (created_at, date, duration, end_time, leader_student_id, representative_id, room_id, start_time, status, updated_at) 
        values
            (?, ?, ?, ?, ?, ?, ?, ?, ?, ?)
    Hibernate: 
        /* insert for
            com.example.reservationsystem.domain.entity.RoomReservationParticipant */insert 
        into
            room_reservation_participant (is_representative, reservation_id, student_id) 
        values
            (?, ?, ?)
    Hibernate: 
        /* insert for
            com.example.reservationsystem.domain.entity.RoomReservationParticipant */insert 
        into
            room_reservation_participant (is_representative, reservation_id, student_id) 
        values
            (?, ?, ?)
    Hibernate: 
        /* insert for
            com.example.reservationsystem.domain.entity.RoomReservationParticipant */insert 
        into
            room_reservation_participant (is_representative, reservation_id, student_id) 
        values
            (?, ?, ?)
    Hibernate: 
        /* update
            for com.example.reservationsystem.domain.entity.Student */update student 
        set
            meeting_daily_used_hours=?,
            meeting_weekly_used_hours=?,
            name=?,
            room_daily_limit_hours=?,
            seat_daily_used_hours=?,
            seat_usage_date=?,
            seat_weekly_used_hours=?,
            student_id=?,
            usage_date=?,
            usage_week_start=? 
        where
            id=?
    Hibernate: 
        /* update
            for com.example.reservationsystem.domain.entity.Student */update student 
        set
            meeting_daily_used_hours=?,
            meeting_weekly_used_hours=?,
            name=?,
            room_daily_limit_hours=?,
            seat_daily_used_hours=?,
            seat_usage_date=?,
            seat_weekly_used_hours=?,
            student_id=?,
            usage_date=?,
            usage_week_start=? 
        where
            id=?
    Hibernate: 
        /* update
            for com.example.reservationsystem.domain.entity.Student */update student 
        set
            meeting_daily_used_hours=?,
            meeting_weekly_used_hours=?,
            name=?,
            room_daily_limit_hours=?,
            seat_daily_used_hours=?,
            seat_usage_date=?,
            seat_weekly_used_hours=?,
            student_id=?,
            usage_date=?,
            usage_week_start=? 
        where
            id=?
    Hibernate: 
        /* <criteria> */ select
            rrp1_0.id,
            rrp1_0.is_representative,
            rrp1_0.reservation_id,
            rrp1_0.student_id 
        from
            room_reservation_participant rrp1_0 
        left join
            room_reservation r1_0 
                on r1_0.id=rrp1_0.reservation_id 
        left join
            student s1_0 
                on s1_0.id=rrp1_0.student_id 
        where
            r1_0.id=? 
            and s1_0.student_id=?
    [TC=UT-ROOM-C-03] [RESULT=PASS] [EXPECTED_ERROR=NO_CANCEL_PERMISSION] [EXPECTED_MESSAGE=예약 취소 권한은 대표자에게만 있습니다.]

RoomReservationServiceTest > UT-ROOM-C-04 예약과 무관한 학생 취소 → NO_CANCEL_PERMISSION STANDARD_OUT
    Hibernate: 
        /* <criteria> */ select
            rr1_0.id,
            rr1_0.created_at,
            rr1_0.date,
            rr1_0.duration,
            rr1_0.end_time,
            rr1_0.leader_student_id,
            rr1_0.representative_id,
            rr1_0.room_id,
            rr1_0.start_time,
            rr1_0.status,
            rr1_0.updated_at 
        from
            room_reservation rr1_0
    Hibernate: 
        /* <criteria> */ select
            s1_0.id,
            s1_0.meeting_daily_used_hours,
            s1_0.meeting_weekly_used_hours,
            s1_0.name,
            s1_0.room_daily_limit_hours,
            s1_0.seat_daily_used_hours,
            s1_0.seat_usage_date,
            s1_0.seat_weekly_used_hours,
            s1_0.student_id,
            s1_0.usage_date,
            s1_0.usage_week_start 
        from
            student s1_0
    Hibernate: 
        /* <criteria> */ select
            r1_0.id,
            r1_0.capacity 
        from
            room r1_0
    Hibernate: 
        /* insert for
            com.example.reservationsystem.domain.entity.Room */insert 
        into
            room (capacity) 
        values
            (?)
    Hibernate: 
        /* insert for
            com.example.reservationsystem.domain.entity.Student */insert 
        into
            student (meeting_daily_used_hours, meeting_weekly_used_hours, name, room_daily_limit_hours, seat_daily_used_hours, seat_usage_date, seat_weekly_used_hours, student_id, usage_date, usage_week_start) 
        values
            (?, ?, ?, ?, ?, ?, ?, ?, ?, ?)
    Hibernate: 
        /* insert for
            com.example.reservationsystem.domain.entity.Student */insert 
        into
            student (meeting_daily_used_hours, meeting_weekly_used_hours, name, room_daily_limit_hours, seat_daily_used_hours, seat_usage_date, seat_weekly_used_hours, student_id, usage_date, usage_week_start) 
        values
            (?, ?, ?, ?, ?, ?, ?, ?, ?, ?)
    Hibernate: 
        /* insert for
            com.example.reservationsystem.domain.entity.Student */insert 
        into
            student (meeting_daily_used_hours, meeting_weekly_used_hours, name, room_daily_limit_hours, seat_daily_used_hours, seat_usage_date, seat_weekly_used_hours, student_id, usage_date, usage_week_start) 
        values
            (?, ?, ?, ?, ?, ?, ?, ?, ?, ?)
    Hibernate: 
        /* insert for
            com.example.reservationsystem.domain.entity.Student */insert 
        into
            student (meeting_daily_used_hours, meeting_weekly_used_hours, name, room_daily_limit_hours, seat_daily_used_hours, seat_usage_date, seat_weekly_used_hours, student_id, usage_date, usage_week_start) 
        values
            (?, ?, ?, ?, ?, ?, ?, ?, ?, ?)
    Hibernate: 
        /* delete for com.example.reservationsystem.domain.entity.Student */delete 
        from
            student 
        where
            id=?
    Hibernate: 
        /* delete for com.example.reservationsystem.domain.entity.Student */delete 
        from
            student 
        where
            id=?
    Hibernate: 
        /* delete for com.example.reservationsystem.domain.entity.Student */delete 
        from
            student 
        where
            id=?
    Hibernate: 
        /* delete for com.example.reservationsystem.domain.entity.Room */delete 
        from
            room 
        where
            id=?
    Hibernate: 
        /* <criteria> */ select
            s1_0.id,
            s1_0.meeting_daily_used_hours,
            s1_0.meeting_weekly_used_hours,
            s1_0.name,
            s1_0.room_daily_limit_hours,
            s1_0.seat_daily_used_hours,
            s1_0.seat_usage_date,
            s1_0.seat_weekly_used_hours,
            s1_0.student_id,
            s1_0.usage_date,
            s1_0.usage_week_start 
        from
            student s1_0 
        where
            s1_0.student_id=?
    Hibernate: 
        /*     select
            count(r) > 0     
        from
            RoomReservation r     
        where
            r.room.id = :roomId       
            and r.date = :date       
            and r.startTime < :endTime       
            and r.endTime > :startTime  */ select
                count(rr1_0.id)>0 
            from
                room_reservation rr1_0 
            where
                rr1_0.room_id=? 
                and rr1_0.date=? 
                and rr1_0.start_time<? 
                and rr1_0.end_time>?
    Hibernate: 
        /* <criteria> */ select
            s1_0.id,
            s1_0.meeting_daily_used_hours,
            s1_0.meeting_weekly_used_hours,
            s1_0.name,
            s1_0.room_daily_limit_hours,
            s1_0.seat_daily_used_hours,
            s1_0.seat_usage_date,
            s1_0.seat_weekly_used_hours,
            s1_0.student_id,
            s1_0.usage_date,
            s1_0.usage_week_start 
        from
            student s1_0 
        where
            s1_0.student_id=?
    Hibernate: 
        /* update
            for com.example.reservationsystem.domain.entity.Student */update student 
        set
            meeting_daily_used_hours=?,
            meeting_weekly_used_hours=?,
            name=?,
            room_daily_limit_hours=?,
            seat_daily_used_hours=?,
            seat_usage_date=?,
            seat_weekly_used_hours=?,
            student_id=?,
            usage_date=?,
            usage_week_start=? 
        where
            id=?
    Hibernate: 
        /* select
            (count(p) > 0) 
        from
            RoomReservationParticipant p 
        join
            p.reservation r 
        where
            p.student.studentId = :studentId   
            and r.date = :date   
            and r.status = com.example.reservationsystem.domain.entity.RoomReservationStatus.RESERVED   
            and r.startTime < :endTime   
            and r.endTime > :startTime  */ select
                (count(rrp1_0.id)>0) 
            from
                room_reservation_participant rrp1_0 
            join
                room_reservation r1_0 
                    on r1_0.id=rrp1_0.reservation_id 
            join
                student s1_0 
                    on s1_0.id=rrp1_0.student_id 
            where
                s1_0.student_id=? 
                and r1_0.date=? 
                and r1_0.status='RESERVED' 
                and r1_0.start_time<? 
                and r1_0.end_time>?
    Hibernate: 
        /* <criteria> */ select
            s1_0.id,
            s1_0.meeting_daily_used_hours,
            s1_0.meeting_weekly_used_hours,
            s1_0.name,
            s1_0.room_daily_limit_hours,
            s1_0.seat_daily_used_hours,
            s1_0.seat_usage_date,
            s1_0.seat_weekly_used_hours,
            s1_0.student_id,
            s1_0.usage_date,
            s1_0.usage_week_start 
        from
            student s1_0 
        where
            s1_0.student_id=?
    Hibernate: 
        /* update
            for com.example.reservationsystem.domain.entity.Student */update student 
        set
            meeting_daily_used_hours=?,
            meeting_weekly_used_hours=?,
            name=?,
            room_daily_limit_hours=?,
            seat_daily_used_hours=?,
            seat_usage_date=?,
            seat_weekly_used_hours=?,
            student_id=?,
            usage_date=?,
            usage_week_start=? 
        where
            id=?
    Hibernate: 
        /* select
            (count(p) > 0) 
        from
            RoomReservationParticipant p 
        join
            p.reservation r 
        where
            p.student.studentId = :studentId   
            and r.date = :date   
            and r.status = com.example.reservationsystem.domain.entity.RoomReservationStatus.RESERVED   
            and r.startTime < :endTime   
            and r.endTime > :startTime  */ select
                (count(rrp1_0.id)>0) 
            from
                room_reservation_participant rrp1_0 
            join
                room_reservation r1_0 
                    on r1_0.id=rrp1_0.reservation_id 
            join
                student s1_0 
                    on s1_0.id=rrp1_0.student_id 
            where
                s1_0.student_id=? 
                and r1_0.date=? 
                and r1_0.status='RESERVED' 
                and r1_0.start_time<? 
                and r1_0.end_time>?
    Hibernate: 
        /* <criteria> */ select
            s1_0.id,
            s1_0.meeting_daily_used_hours,
            s1_0.meeting_weekly_used_hours,
            s1_0.name,
            s1_0.room_daily_limit_hours,
            s1_0.seat_daily_used_hours,
            s1_0.seat_usage_date,
            s1_0.seat_weekly_used_hours,
            s1_0.student_id,
            s1_0.usage_date,
            s1_0.usage_week_start 
        from
            student s1_0 
        where
            s1_0.student_id=?
    Hibernate: 
        /* update
            for com.example.reservationsystem.domain.entity.Student */update student 
        set
            meeting_daily_used_hours=?,
            meeting_weekly_used_hours=?,
            name=?,
            room_daily_limit_hours=?,
            seat_daily_used_hours=?,
            seat_usage_date=?,
            seat_weekly_used_hours=?,
            student_id=?,
            usage_date=?,
            usage_week_start=? 
        where
            id=?
    Hibernate: 
        /* select
            (count(p) > 0) 
        from
            RoomReservationParticipant p 
        join
            p.reservation r 
        where
            p.student.studentId = :studentId   
            and r.date = :date   
            and r.status = com.example.reservationsystem.domain.entity.RoomReservationStatus.RESERVED   
            and r.startTime < :endTime   
            and r.endTime > :startTime  */ select
                (count(rrp1_0.id)>0) 
            from
                room_reservation_participant rrp1_0 
            join
                room_reservation r1_0 
                    on r1_0.id=rrp1_0.reservation_id 
            join
                student s1_0 
                    on s1_0.id=rrp1_0.student_id 
            where
                s1_0.student_id=? 
                and r1_0.date=? 
                and r1_0.status='RESERVED' 
                and r1_0.start_time<? 
                and r1_0.end_time>?
    Hibernate: 
        /* insert for
            com.example.reservationsystem.domain.entity.RoomReservation */insert 
        into
            room_reservation (created_at, date, duration, end_time, leader_student_id, representative_id, room_id, start_time, status, updated_at) 
        values
            (?, ?, ?, ?, ?, ?, ?, ?, ?, ?)
    Hibernate: 
        /* insert for
            com.example.reservationsystem.domain.entity.RoomReservationParticipant */insert 
        into
            room_reservation_participant (is_representative, reservation_id, student_id) 
        values
            (?, ?, ?)
    Hibernate: 
        /* insert for
            com.example.reservationsystem.domain.entity.RoomReservationParticipant */insert 
        into
            room_reservation_participant (is_representative, reservation_id, student_id) 
        values
            (?, ?, ?)
    Hibernate: 
        /* insert for
            com.example.reservationsystem.domain.entity.RoomReservationParticipant */insert 
        into
            room_reservation_participant (is_representative, reservation_id, student_id) 
        values
            (?, ?, ?)
    Hibernate: 
        /* update
            for com.example.reservationsystem.domain.entity.Student */update student 
        set
            meeting_daily_used_hours=?,
            meeting_weekly_used_hours=?,
            name=?,
            room_daily_limit_hours=?,
            seat_daily_used_hours=?,
            seat_usage_date=?,
            seat_weekly_used_hours=?,
            student_id=?,
            usage_date=?,
            usage_week_start=? 
        where
            id=?
    Hibernate: 
        /* update
            for com.example.reservationsystem.domain.entity.Student */update student 
        set
            meeting_daily_used_hours=?,
            meeting_weekly_used_hours=?,
            name=?,
            room_daily_limit_hours=?,
            seat_daily_used_hours=?,
            seat_usage_date=?,
            seat_weekly_used_hours=?,
            student_id=?,
            usage_date=?,
            usage_week_start=? 
        where
            id=?
    Hibernate: 
        /* update
            for com.example.reservationsystem.domain.entity.Student */update student 
        set
            meeting_daily_used_hours=?,
            meeting_weekly_used_hours=?,
            name=?,
            room_daily_limit_hours=?,
            seat_daily_used_hours=?,
            seat_usage_date=?,
            seat_weekly_used_hours=?,
            student_id=?,
            usage_date=?,
            usage_week_start=? 
        where
            id=?
    Hibernate: 
        /* <criteria> */ select
            rrp1_0.id,
            rrp1_0.is_representative,
            rrp1_0.reservation_id,
            rrp1_0.student_id 
        from
            room_reservation_participant rrp1_0 
        left join
            room_reservation r1_0 
                on r1_0.id=rrp1_0.reservation_id 
        left join
            student s1_0 
                on s1_0.id=rrp1_0.student_id 
        where
            r1_0.id=? 
            and s1_0.student_id=?
    [TC=UT-ROOM-C-04] [RESULT=PASS] [EXPECTED_ERROR=NO_CANCEL_PERMISSION] [EXPECTED_MESSAGE=예약 취소 권한은 대표자에게만 있습니다.]

RoomReservationServiceTest > UT-ROOM-C-05 없는 예약 취소 → RESERVATION_NOT_FOUND STANDARD_OUT
    Hibernate: 
        /* <criteria> */ select
            rr1_0.id,
            rr1_0.created_at,
            rr1_0.date,
            rr1_0.duration,
            rr1_0.end_time,
            rr1_0.leader_student_id,
            rr1_0.representative_id,
            rr1_0.room_id,
            rr1_0.start_time,
            rr1_0.status,
            rr1_0.updated_at 
        from
            room_reservation rr1_0
    Hibernate: 
        /* <criteria> */ select
            s1_0.id,
            s1_0.meeting_daily_used_hours,
            s1_0.meeting_weekly_used_hours,
            s1_0.name,
            s1_0.room_daily_limit_hours,
            s1_0.seat_daily_used_hours,
            s1_0.seat_usage_date,
            s1_0.seat_weekly_used_hours,
            s1_0.student_id,
            s1_0.usage_date,
            s1_0.usage_week_start 
        from
            student s1_0
    Hibernate: 
        /* <criteria> */ select
            r1_0.id,
            r1_0.capacity 
        from
            room r1_0
    Hibernate: 
        /* insert for
            com.example.reservationsystem.domain.entity.Room */insert 
        into
            room (capacity) 
        values
            (?)
    Hibernate: 
        /* insert for
            com.example.reservationsystem.domain.entity.Student */insert 
        into
            student (meeting_daily_used_hours, meeting_weekly_used_hours, name, room_daily_limit_hours, seat_daily_used_hours, seat_usage_date, seat_weekly_used_hours, student_id, usage_date, usage_week_start) 
        values
            (?, ?, ?, ?, ?, ?, ?, ?, ?, ?)
    Hibernate: 
        /* insert for
            com.example.reservationsystem.domain.entity.Student */insert 
        into
            student (meeting_daily_used_hours, meeting_weekly_used_hours, name, room_daily_limit_hours, seat_daily_used_hours, seat_usage_date, seat_weekly_used_hours, student_id, usage_date, usage_week_start) 
        values
            (?, ?, ?, ?, ?, ?, ?, ?, ?, ?)
    Hibernate: 
        /* insert for
            com.example.reservationsystem.domain.entity.Student */insert 
        into
            student (meeting_daily_used_hours, meeting_weekly_used_hours, name, room_daily_limit_hours, seat_daily_used_hours, seat_usage_date, seat_weekly_used_hours, student_id, usage_date, usage_week_start) 
        values
            (?, ?, ?, ?, ?, ?, ?, ?, ?, ?)
    Hibernate: 
        /* insert for
            com.example.reservationsystem.domain.entity.Student */insert 
        into
            student (meeting_daily_used_hours, meeting_weekly_used_hours, name, room_daily_limit_hours, seat_daily_used_hours, seat_usage_date, seat_weekly_used_hours, student_id, usage_date, usage_week_start) 
        values
            (?, ?, ?, ?, ?, ?, ?, ?, ?, ?)
    Hibernate: 
        select
            rr1_0.id,
            rr1_0.created_at,
            rr1_0.date,
            rr1_0.duration,
            rr1_0.end_time,
            rr1_0.leader_student_id,
            r1_0.id,
            r1_0.meeting_daily_used_hours,
            r1_0.meeting_weekly_used_hours,
            r1_0.name,
            r1_0.room_daily_limit_hours,
            r1_0.seat_daily_used_hours,
            r1_0.seat_usage_date,
            r1_0.seat_weekly_used_hours,
            r1_0.student_id,
            r1_0.usage_date,
            r1_0.usage_week_start,
            r2_0.id,
            r2_0.capacity,
            rr1_0.start_time,
            rr1_0.status,
            rr1_0.updated_at 
        from
            room_reservation rr1_0 
        left join
            student r1_0 
                on r1_0.id=rr1_0.representative_id 
        left join
            room r2_0 
                on r2_0.id=rr1_0.room_id 
        where
            rr1_0.id=?
    [TC=UT-ROOM-C-05] [RESULT=PASS] [EXPECTED_ERROR=RESERVATION_NOT_FOUND] [EXPECTED_MESSAGE=예약 내역을 찾을 수 없습니다.]

RoomReservationServiceTest > UT-ROOM-C-06 취소 후 재취소 → RESERVATION_NOT_FOUND STANDARD_OUT
    Hibernate: 
        /* <criteria> */ select
            rr1_0.id,
            rr1_0.created_at,
            rr1_0.date,
            rr1_0.duration,
            rr1_0.end_time,
            rr1_0.leader_student_id,
            rr1_0.representative_id,
            rr1_0.room_id,
            rr1_0.start_time,
            rr1_0.status,
            rr1_0.updated_at 
        from
            room_reservation rr1_0
    Hibernate: 
        /* <criteria> */ select
            s1_0.id,
            s1_0.meeting_daily_used_hours,
            s1_0.meeting_weekly_used_hours,
            s1_0.name,
            s1_0.room_daily_limit_hours,
            s1_0.seat_daily_used_hours,
            s1_0.seat_usage_date,
            s1_0.seat_weekly_used_hours,
            s1_0.student_id,
            s1_0.usage_date,
            s1_0.usage_week_start 
        from
            student s1_0
    Hibernate: 
        /* <criteria> */ select
            r1_0.id,
            r1_0.capacity 
        from
            room r1_0
    Hibernate: 
        /* insert for
            com.example.reservationsystem.domain.entity.Room */insert 
        into
            room (capacity) 
        values
            (?)
    Hibernate: 
        /* insert for
            com.example.reservationsystem.domain.entity.Student */insert 
        into
            student (meeting_daily_used_hours, meeting_weekly_used_hours, name, room_daily_limit_hours, seat_daily_used_hours, seat_usage_date, seat_weekly_used_hours, student_id, usage_date, usage_week_start) 
        values
            (?, ?, ?, ?, ?, ?, ?, ?, ?, ?)
    Hibernate: 
        /* insert for
            com.example.reservationsystem.domain.entity.Student */insert 
        into
            student (meeting_daily_used_hours, meeting_weekly_used_hours, name, room_daily_limit_hours, seat_daily_used_hours, seat_usage_date, seat_weekly_used_hours, student_id, usage_date, usage_week_start) 
        values
            (?, ?, ?, ?, ?, ?, ?, ?, ?, ?)
    Hibernate: 
        /* insert for
            com.example.reservationsystem.domain.entity.Student */insert 
        into
            student (meeting_daily_used_hours, meeting_weekly_used_hours, name, room_daily_limit_hours, seat_daily_used_hours, seat_usage_date, seat_weekly_used_hours, student_id, usage_date, usage_week_start) 
        values
            (?, ?, ?, ?, ?, ?, ?, ?, ?, ?)
    Hibernate: 
        /* insert for
            com.example.reservationsystem.domain.entity.Student */insert 
        into
            student (meeting_daily_used_hours, meeting_weekly_used_hours, name, room_daily_limit_hours, seat_daily_used_hours, seat_usage_date, seat_weekly_used_hours, student_id, usage_date, usage_week_start) 
        values
            (?, ?, ?, ?, ?, ?, ?, ?, ?, ?)
    Hibernate: 
        /* delete for com.example.reservationsystem.domain.entity.Student */delete 
        from
            student 
        where
            id=?
    Hibernate: 
        /* delete for com.example.reservationsystem.domain.entity.Student */delete 
        from
            student 
        where
            id=?
    Hibernate: 
        /* delete for com.example.reservationsystem.domain.entity.Student */delete 
        from
            student 
        where
            id=?
    Hibernate: 
        /* delete for com.example.reservationsystem.domain.entity.Room */delete 
        from
            room 
        where
            id=?
    Hibernate: 
        /* <criteria> */ select
            s1_0.id,
            s1_0.meeting_daily_used_hours,
            s1_0.meeting_weekly_used_hours,
            s1_0.name,
            s1_0.room_daily_limit_hours,
            s1_0.seat_daily_used_hours,
            s1_0.seat_usage_date,
            s1_0.seat_weekly_used_hours,
            s1_0.student_id,
            s1_0.usage_date,
            s1_0.usage_week_start 
        from
            student s1_0 
        where
            s1_0.student_id=?
    Hibernate: 
        /*     select
            count(r) > 0     
        from
            RoomReservation r     
        where
            r.room.id = :roomId       
            and r.date = :date       
            and r.startTime < :endTime       
            and r.endTime > :startTime  */ select
                count(rr1_0.id)>0 
            from
                room_reservation rr1_0 
            where
                rr1_0.room_id=? 
                and rr1_0.date=? 
                and rr1_0.start_time<? 
                and rr1_0.end_time>?
    Hibernate: 
        /* <criteria> */ select
            s1_0.id,
            s1_0.meeting_daily_used_hours,
            s1_0.meeting_weekly_used_hours,
            s1_0.name,
            s1_0.room_daily_limit_hours,
            s1_0.seat_daily_used_hours,
            s1_0.seat_usage_date,
            s1_0.seat_weekly_used_hours,
            s1_0.student_id,
            s1_0.usage_date,
            s1_0.usage_week_start 
        from
            student s1_0 
        where
            s1_0.student_id=?
    Hibernate: 
        /* update
            for com.example.reservationsystem.domain.entity.Student */update student 
        set
            meeting_daily_used_hours=?,
            meeting_weekly_used_hours=?,
            name=?,
            room_daily_limit_hours=?,
            seat_daily_used_hours=?,
            seat_usage_date=?,
            seat_weekly_used_hours=?,
            student_id=?,
            usage_date=?,
            usage_week_start=? 
        where
            id=?
    Hibernate: 
        /* select
            (count(p) > 0) 
        from
            RoomReservationParticipant p 
        join
            p.reservation r 
        where
            p.student.studentId = :studentId   
            and r.date = :date   
            and r.status = com.example.reservationsystem.domain.entity.RoomReservationStatus.RESERVED   
            and r.startTime < :endTime   
            and r.endTime > :startTime  */ select
                (count(rrp1_0.id)>0) 
            from
                room_reservation_participant rrp1_0 
            join
                room_reservation r1_0 
                    on r1_0.id=rrp1_0.reservation_id 
            join
                student s1_0 
                    on s1_0.id=rrp1_0.student_id 
            where
                s1_0.student_id=? 
                and r1_0.date=? 
                and r1_0.status='RESERVED' 
                and r1_0.start_time<? 
                and r1_0.end_time>?
    Hibernate: 
        /* <criteria> */ select
            s1_0.id,
            s1_0.meeting_daily_used_hours,
            s1_0.meeting_weekly_used_hours,
            s1_0.name,
            s1_0.room_daily_limit_hours,
            s1_0.seat_daily_used_hours,
            s1_0.seat_usage_date,
            s1_0.seat_weekly_used_hours,
            s1_0.student_id,
            s1_0.usage_date,
            s1_0.usage_week_start 
        from
            student s1_0 
        where
            s1_0.student_id=?
    Hibernate: 
        /* update
            for com.example.reservationsystem.domain.entity.Student */update student 
        set
            meeting_daily_used_hours=?,
            meeting_weekly_used_hours=?,
            name=?,
            room_daily_limit_hours=?,
            seat_daily_used_hours=?,
            seat_usage_date=?,
            seat_weekly_used_hours=?,
            student_id=?,
            usage_date=?,
            usage_week_start=? 
        where
            id=?
    Hibernate: 
        /* select
            (count(p) > 0) 
        from
            RoomReservationParticipant p 
        join
            p.reservation r 
        where
            p.student.studentId = :studentId   
            and r.date = :date   
            and r.status = com.example.reservationsystem.domain.entity.RoomReservationStatus.RESERVED   
            and r.startTime < :endTime   
            and r.endTime > :startTime  */ select
                (count(rrp1_0.id)>0) 
            from
                room_reservation_participant rrp1_0 
            join
                room_reservation r1_0 
                    on r1_0.id=rrp1_0.reservation_id 
            join
                student s1_0 
                    on s1_0.id=rrp1_0.student_id 
            where
                s1_0.student_id=? 
                and r1_0.date=? 
                and r1_0.status='RESERVED' 
                and r1_0.start_time<? 
                and r1_0.end_time>?
    Hibernate: 
        /* <criteria> */ select
            s1_0.id,
            s1_0.meeting_daily_used_hours,
            s1_0.meeting_weekly_used_hours,
            s1_0.name,
            s1_0.room_daily_limit_hours,
            s1_0.seat_daily_used_hours,
            s1_0.seat_usage_date,
            s1_0.seat_weekly_used_hours,
            s1_0.student_id,
            s1_0.usage_date,
            s1_0.usage_week_start 
        from
            student s1_0 
        where
            s1_0.student_id=?
    Hibernate: 
        /* update
            for com.example.reservationsystem.domain.entity.Student */update student 
        set
            meeting_daily_used_hours=?,
            meeting_weekly_used_hours=?,
            name=?,
            room_daily_limit_hours=?,
            seat_daily_used_hours=?,
            seat_usage_date=?,
            seat_weekly_used_hours=?,
            student_id=?,
            usage_date=?,
            usage_week_start=? 
        where
            id=?
    Hibernate: 
        /* select
            (count(p) > 0) 
        from
            RoomReservationParticipant p 
        join
            p.reservation r 
        where
            p.student.studentId = :studentId   
            and r.date = :date   
            and r.status = com.example.reservationsystem.domain.entity.RoomReservationStatus.RESERVED   
            and r.startTime < :endTime   
            and r.endTime > :startTime  */ select
                (count(rrp1_0.id)>0) 
            from
                room_reservation_participant rrp1_0 
            join
                room_reservation r1_0 
                    on r1_0.id=rrp1_0.reservation_id 
            join
                student s1_0 
                    on s1_0.id=rrp1_0.student_id 
            where
                s1_0.student_id=? 
                and r1_0.date=? 
                and r1_0.status='RESERVED' 
                and r1_0.start_time<? 
                and r1_0.end_time>?
    Hibernate: 
        /* insert for
            com.example.reservationsystem.domain.entity.RoomReservation */insert 
        into
            room_reservation (created_at, date, duration, end_time, leader_student_id, representative_id, room_id, start_time, status, updated_at) 
        values
            (?, ?, ?, ?, ?, ?, ?, ?, ?, ?)
    Hibernate: 
        /* insert for
            com.example.reservationsystem.domain.entity.RoomReservationParticipant */insert 
        into
            room_reservation_participant (is_representative, reservation_id, student_id) 
        values
            (?, ?, ?)
    Hibernate: 
        /* insert for
            com.example.reservationsystem.domain.entity.RoomReservationParticipant */insert 
        into
            room_reservation_participant (is_representative, reservation_id, student_id) 
        values
            (?, ?, ?)
    Hibernate: 
        /* insert for
            com.example.reservationsystem.domain.entity.RoomReservationParticipant */insert 
        into
            room_reservation_participant (is_representative, reservation_id, student_id) 
        values
            (?, ?, ?)
    Hibernate: 
        /* update
            for com.example.reservationsystem.domain.entity.Student */update student 
        set
            meeting_daily_used_hours=?,
            meeting_weekly_used_hours=?,
            name=?,
            room_daily_limit_hours=?,
            seat_daily_used_hours=?,
            seat_usage_date=?,
            seat_weekly_used_hours=?,
            student_id=?,
            usage_date=?,
            usage_week_start=? 
        where
            id=?
    Hibernate: 
        /* update
            for com.example.reservationsystem.domain.entity.Student */update student 
        set
            meeting_daily_used_hours=?,
            meeting_weekly_used_hours=?,
            name=?,
            room_daily_limit_hours=?,
            seat_daily_used_hours=?,
            seat_usage_date=?,
            seat_weekly_used_hours=?,
            student_id=?,
            usage_date=?,
            usage_week_start=? 
        where
            id=?
    Hibernate: 
        /* update
            for com.example.reservationsystem.domain.entity.Student */update student 
        set
            meeting_daily_used_hours=?,
            meeting_weekly_used_hours=?,
            name=?,
            room_daily_limit_hours=?,
            seat_daily_used_hours=?,
            seat_usage_date=?,
            seat_weekly_used_hours=?,
            student_id=?,
            usage_date=?,
            usage_week_start=? 
        where
            id=?
    Hibernate: 
        /* <criteria> */ select
            rrp1_0.id,
            rrp1_0.is_representative,
            rrp1_0.reservation_id,
            rrp1_0.student_id 
        from
            room_reservation_participant rrp1_0 
        left join
            room_reservation r1_0 
                on r1_0.id=rrp1_0.reservation_id 
        left join
            student s1_0 
                on s1_0.id=rrp1_0.student_id 
        where
            r1_0.id=? 
            and s1_0.student_id=?
    Hibernate: 
        /* <criteria> */ select
            rrp1_0.id,
            rrp1_0.is_representative,
            rrp1_0.reservation_id,
            rrp1_0.student_id 
        from
            room_reservation_participant rrp1_0 
        left join
            room_reservation r1_0 
                on r1_0.id=rrp1_0.reservation_id 
        where
            r1_0.id=?
    Hibernate: 
        /* <criteria> */ select
            s1_0.id,
            s1_0.meeting_daily_used_hours,
            s1_0.meeting_weekly_used_hours,
            s1_0.name,
            s1_0.room_daily_limit_hours,
            s1_0.seat_daily_used_hours,
            s1_0.seat_usage_date,
            s1_0.seat_weekly_used_hours,
            s1_0.student_id,
            s1_0.usage_date,
            s1_0.usage_week_start 
        from
            student s1_0 
        where
            s1_0.student_id=?
    Hibernate: 
        /* update
            for com.example.reservationsystem.domain.entity.Student */update student 
        set
            meeting_daily_used_hours=?,
            meeting_weekly_used_hours=?,
            name=?,
            room_daily_limit_hours=?,
            seat_daily_used_hours=?,
            seat_usage_date=?,
            seat_weekly_used_hours=?,
            student_id=?,
            usage_date=?,
            usage_week_start=? 
        where
            id=?
    Hibernate: 
        /* <criteria> */ select
            s1_0.id,
            s1_0.meeting_daily_used_hours,
            s1_0.meeting_weekly_used_hours,
            s1_0.name,
            s1_0.room_daily_limit_hours,
            s1_0.seat_daily_used_hours,
            s1_0.seat_usage_date,
            s1_0.seat_weekly_used_hours,
            s1_0.student_id,
            s1_0.usage_date,
            s1_0.usage_week_start 
        from
            student s1_0 
        where
            s1_0.student_id=?
    Hibernate: 
        /* update
            for com.example.reservationsystem.domain.entity.Student */update student 
        set
            meeting_daily_used_hours=?,
            meeting_weekly_used_hours=?,
            name=?,
            room_daily_limit_hours=?,
            seat_daily_used_hours=?,
            seat_usage_date=?,
            seat_weekly_used_hours=?,
            student_id=?,
            usage_date=?,
            usage_week_start=? 
        where
            id=?
    Hibernate: 
        /* <criteria> */ select
            s1_0.id,
            s1_0.meeting_daily_used_hours,
            s1_0.meeting_weekly_used_hours,
            s1_0.name,
            s1_0.room_daily_limit_hours,
            s1_0.seat_daily_used_hours,
            s1_0.seat_usage_date,
            s1_0.seat_weekly_used_hours,
            s1_0.student_id,
            s1_0.usage_date,
            s1_0.usage_week_start 
        from
            student s1_0 
        where
            s1_0.student_id=?
    [TC=UT-ROOM-C-06] [RESULT=PASS] [EXPECTED_ERROR=RESERVATION_NOT_FOUND] [EXPECTED_MESSAGE=예약 내역을 찾을 수 없습니다.]

RoomReservationServiceTest > UT-ROOM-C-07 무효 학번 취소 → INVALID_STUDENT_ID STANDARD_OUT
    Hibernate: 
        /* <criteria> */ select
            rr1_0.id,
            rr1_0.created_at,
            rr1_0.date,
            rr1_0.duration,
            rr1_0.end_time,
            rr1_0.leader_student_id,
            rr1_0.representative_id,
            rr1_0.room_id,
            rr1_0.start_time,
            rr1_0.status,
            rr1_0.updated_at 
        from
            room_reservation rr1_0
    Hibernate: 
        /* <criteria> */ select
            s1_0.id,
            s1_0.meeting_daily_used_hours,
            s1_0.meeting_weekly_used_hours,
            s1_0.name,
            s1_0.room_daily_limit_hours,
            s1_0.seat_daily_used_hours,
            s1_0.seat_usage_date,
            s1_0.seat_weekly_used_hours,
            s1_0.student_id,
            s1_0.usage_date,
            s1_0.usage_week_start 
        from
            student s1_0
    Hibernate: 
        /* <criteria> */ select
            r1_0.id,
            r1_0.capacity 
        from
            room r1_0
    Hibernate: 
        /* insert for
            com.example.reservationsystem.domain.entity.Room */insert 
        into
            room (capacity) 
        values
            (?)
    Hibernate: 
        /* insert for
            com.example.reservationsystem.domain.entity.Student */insert 
        into
            student (meeting_daily_used_hours, meeting_weekly_used_hours, name, room_daily_limit_hours, seat_daily_used_hours, seat_usage_date, seat_weekly_used_hours, student_id, usage_date, usage_week_start) 
        values
            (?, ?, ?, ?, ?, ?, ?, ?, ?, ?)
    Hibernate: 
        /* insert for
            com.example.reservationsystem.domain.entity.Student */insert 
        into
            student (meeting_daily_used_hours, meeting_weekly_used_hours, name, room_daily_limit_hours, seat_daily_used_hours, seat_usage_date, seat_weekly_used_hours, student_id, usage_date, usage_week_start) 
        values
            (?, ?, ?, ?, ?, ?, ?, ?, ?, ?)
    Hibernate: 
        /* insert for
            com.example.reservationsystem.domain.entity.Student */insert 
        into
            student (meeting_daily_used_hours, meeting_weekly_used_hours, name, room_daily_limit_hours, seat_daily_used_hours, seat_usage_date, seat_weekly_used_hours, student_id, usage_date, usage_week_start) 
        values
            (?, ?, ?, ?, ?, ?, ?, ?, ?, ?)
    Hibernate: 
        /* insert for
            com.example.reservationsystem.domain.entity.Student */insert 
        into
            student (meeting_daily_used_hours, meeting_weekly_used_hours, name, room_daily_limit_hours, seat_daily_used_hours, seat_usage_date, seat_weekly_used_hours, student_id, usage_date, usage_week_start) 
        values
            (?, ?, ?, ?, ?, ?, ?, ?, ?, ?)
    Hibernate: 
        /* delete for com.example.reservationsystem.domain.entity.Student */delete 
        from
            student 
        where
            id=?
    Hibernate: 
        /* delete for com.example.reservationsystem.domain.entity.Student */delete 
        from
            student 
        where
            id=?
    Hibernate: 
        /* delete for com.example.reservationsystem.domain.entity.Student */delete 
        from
            student 
        where
            id=?
    Hibernate: 
        /* delete for com.example.reservationsystem.domain.entity.Room */delete 
        from
            room 
        where
            id=?
    Hibernate: 
        /* <criteria> */ select
            s1_0.id,
            s1_0.meeting_daily_used_hours,
            s1_0.meeting_weekly_used_hours,
            s1_0.name,
            s1_0.room_daily_limit_hours,
            s1_0.seat_daily_used_hours,
            s1_0.seat_usage_date,
            s1_0.seat_weekly_used_hours,
            s1_0.student_id,
            s1_0.usage_date,
            s1_0.usage_week_start 
        from
            student s1_0 
        where
            s1_0.student_id=?
    Hibernate: 
        /*     select
            count(r) > 0     
        from
            RoomReservation r     
        where
            r.room.id = :roomId       
            and r.date = :date       
            and r.startTime < :endTime       
            and r.endTime > :startTime  */ select
                count(rr1_0.id)>0 
            from
                room_reservation rr1_0 
            where
                rr1_0.room_id=? 
                and rr1_0.date=? 
                and rr1_0.start_time<? 
                and rr1_0.end_time>?
    Hibernate: 
        /* <criteria> */ select
            s1_0.id,
            s1_0.meeting_daily_used_hours,
            s1_0.meeting_weekly_used_hours,
            s1_0.name,
            s1_0.room_daily_limit_hours,
            s1_0.seat_daily_used_hours,
            s1_0.seat_usage_date,
            s1_0.seat_weekly_used_hours,
            s1_0.student_id,
            s1_0.usage_date,
            s1_0.usage_week_start 
        from
            student s1_0 
        where
            s1_0.student_id=?
    Hibernate: 
        /* update
            for com.example.reservationsystem.domain.entity.Student */update student 
        set
            meeting_daily_used_hours=?,
            meeting_weekly_used_hours=?,
            name=?,
            room_daily_limit_hours=?,
            seat_daily_used_hours=?,
            seat_usage_date=?,
            seat_weekly_used_hours=?,
            student_id=?,
            usage_date=?,
            usage_week_start=? 
        where
            id=?
    Hibernate: 
        /* select
            (count(p) > 0) 
        from
            RoomReservationParticipant p 
        join
            p.reservation r 
        where
            p.student.studentId = :studentId   
            and r.date = :date   
            and r.status = com.example.reservationsystem.domain.entity.RoomReservationStatus.RESERVED   
            and r.startTime < :endTime   
            and r.endTime > :startTime  */ select
                (count(rrp1_0.id)>0) 
            from
                room_reservation_participant rrp1_0 
            join
                room_reservation r1_0 
                    on r1_0.id=rrp1_0.reservation_id 
            join
                student s1_0 
                    on s1_0.id=rrp1_0.student_id 
            where
                s1_0.student_id=? 
                and r1_0.date=? 
                and r1_0.status='RESERVED' 
                and r1_0.start_time<? 
                and r1_0.end_time>?
    Hibernate: 
        /* <criteria> */ select
            s1_0.id,
            s1_0.meeting_daily_used_hours,
            s1_0.meeting_weekly_used_hours,
            s1_0.name,
            s1_0.room_daily_limit_hours,
            s1_0.seat_daily_used_hours,
            s1_0.seat_usage_date,
            s1_0.seat_weekly_used_hours,
            s1_0.student_id,
            s1_0.usage_date,
            s1_0.usage_week_start 
        from
            student s1_0 
        where
            s1_0.student_id=?
    Hibernate: 
        /* update
            for com.example.reservationsystem.domain.entity.Student */update student 
        set
            meeting_daily_used_hours=?,
            meeting_weekly_used_hours=?,
            name=?,
            room_daily_limit_hours=?,
            seat_daily_used_hours=?,
            seat_usage_date=?,
            seat_weekly_used_hours=?,
            student_id=?,
            usage_date=?,
            usage_week_start=? 
        where
            id=?
    Hibernate: 
        /* select
            (count(p) > 0) 
        from
            RoomReservationParticipant p 
        join
            p.reservation r 
        where
            p.student.studentId = :studentId   
            and r.date = :date   
            and r.status = com.example.reservationsystem.domain.entity.RoomReservationStatus.RESERVED   
            and r.startTime < :endTime   
            and r.endTime > :startTime  */ select
                (count(rrp1_0.id)>0) 
            from
                room_reservation_participant rrp1_0 
            join
                room_reservation r1_0 
                    on r1_0.id=rrp1_0.reservation_id 
            join
                student s1_0 
                    on s1_0.id=rrp1_0.student_id 
            where
                s1_0.student_id=? 
                and r1_0.date=? 
                and r1_0.status='RESERVED' 
                and r1_0.start_time<? 
                and r1_0.end_time>?
    Hibernate: 
        /* <criteria> */ select
            s1_0.id,
            s1_0.meeting_daily_used_hours,
            s1_0.meeting_weekly_used_hours,
            s1_0.name,
            s1_0.room_daily_limit_hours,
            s1_0.seat_daily_used_hours,
            s1_0.seat_usage_date,
            s1_0.seat_weekly_used_hours,
            s1_0.student_id,
            s1_0.usage_date,
            s1_0.usage_week_start 
        from
            student s1_0 
        where
            s1_0.student_id=?
    Hibernate: 
        /* update
            for com.example.reservationsystem.domain.entity.Student */update student 
        set
            meeting_daily_used_hours=?,
            meeting_weekly_used_hours=?,
            name=?,
            room_daily_limit_hours=?,
            seat_daily_used_hours=?,
            seat_usage_date=?,
            seat_weekly_used_hours=?,
            student_id=?,
            usage_date=?,
            usage_week_start=? 
        where
            id=?
    Hibernate: 
        /* select
            (count(p) > 0) 
        from
            RoomReservationParticipant p 
        join
            p.reservation r 
        where
            p.student.studentId = :studentId   
            and r.date = :date   
            and r.status = com.example.reservationsystem.domain.entity.RoomReservationStatus.RESERVED   
            and r.startTime < :endTime   
            and r.endTime > :startTime  */ select
                (count(rrp1_0.id)>0) 
            from
                room_reservation_participant rrp1_0 
            join
                room_reservation r1_0 
                    on r1_0.id=rrp1_0.reservation_id 
            join
                student s1_0 
                    on s1_0.id=rrp1_0.student_id 
            where
                s1_0.student_id=? 
                and r1_0.date=? 
                and r1_0.status='RESERVED' 
                and r1_0.start_time<? 
                and r1_0.end_time>?
    Hibernate: 
        /* insert for
            com.example.reservationsystem.domain.entity.RoomReservation */insert 
        into
            room_reservation (created_at, date, duration, end_time, leader_student_id, representative_id, room_id, start_time, status, updated_at) 
        values
            (?, ?, ?, ?, ?, ?, ?, ?, ?, ?)
    Hibernate: 
        /* insert for
            com.example.reservationsystem.domain.entity.RoomReservationParticipant */insert 
        into
            room_reservation_participant (is_representative, reservation_id, student_id) 
        values
            (?, ?, ?)
    Hibernate: 
        /* insert for
            com.example.reservationsystem.domain.entity.RoomReservationParticipant */insert 
        into
            room_reservation_participant (is_representative, reservation_id, student_id) 
        values
            (?, ?, ?)
    Hibernate: 
        /* insert for
            com.example.reservationsystem.domain.entity.RoomReservationParticipant */insert 
        into
            room_reservation_participant (is_representative, reservation_id, student_id) 
        values
            (?, ?, ?)
    [TC=UT-ROOM-C-07] [RESULT=PASS] [EXPECTED_ERROR=INVALID_STUDENT_ID] [EXPECTED_MESSAGE=유효하지 않은 학번입니다.]

RoomReservationServiceTest > UT-ROOM-L-01 내 예약 목록 조회(있음) STANDARD_OUT
    Hibernate: 
        /* <criteria> */ select
            rr1_0.id,
            rr1_0.created_at,
            rr1_0.date,
            rr1_0.duration,
            rr1_0.end_time,
            rr1_0.leader_student_id,
            rr1_0.representative_id,
            rr1_0.room_id,
            rr1_0.start_time,
            rr1_0.status,
            rr1_0.updated_at 
        from
            room_reservation rr1_0
    Hibernate: 
        /* <criteria> */ select
            s1_0.id,
            s1_0.meeting_daily_used_hours,
            s1_0.meeting_weekly_used_hours,
            s1_0.name,
            s1_0.room_daily_limit_hours,
            s1_0.seat_daily_used_hours,
            s1_0.seat_usage_date,
            s1_0.seat_weekly_used_hours,
            s1_0.student_id,
            s1_0.usage_date,
            s1_0.usage_week_start 
        from
            student s1_0
    Hibernate: 
        /* <criteria> */ select
            r1_0.id,
            r1_0.capacity 
        from
            room r1_0
    Hibernate: 
        /* insert for
            com.example.reservationsystem.domain.entity.Room */insert 
        into
            room (capacity) 
        values
            (?)
    Hibernate: 
        /* insert for
            com.example.reservationsystem.domain.entity.Student */insert 
        into
            student (meeting_daily_used_hours, meeting_weekly_used_hours, name, room_daily_limit_hours, seat_daily_used_hours, seat_usage_date, seat_weekly_used_hours, student_id, usage_date, usage_week_start) 
        values
            (?, ?, ?, ?, ?, ?, ?, ?, ?, ?)
    Hibernate: 
        /* insert for
            com.example.reservationsystem.domain.entity.Student */insert 
        into
            student (meeting_daily_used_hours, meeting_weekly_used_hours, name, room_daily_limit_hours, seat_daily_used_hours, seat_usage_date, seat_weekly_used_hours, student_id, usage_date, usage_week_start) 
        values
            (?, ?, ?, ?, ?, ?, ?, ?, ?, ?)
    Hibernate: 
        /* insert for
            com.example.reservationsystem.domain.entity.Student */insert 
        into
            student (meeting_daily_used_hours, meeting_weekly_used_hours, name, room_daily_limit_hours, seat_daily_used_hours, seat_usage_date, seat_weekly_used_hours, student_id, usage_date, usage_week_start) 
        values
            (?, ?, ?, ?, ?, ?, ?, ?, ?, ?)
    Hibernate: 
        /* insert for
            com.example.reservationsystem.domain.entity.Student */insert 
        into
            student (meeting_daily_used_hours, meeting_weekly_used_hours, name, room_daily_limit_hours, seat_daily_used_hours, seat_usage_date, seat_weekly_used_hours, student_id, usage_date, usage_week_start) 
        values
            (?, ?, ?, ?, ?, ?, ?, ?, ?, ?)
    Hibernate: 
        /* delete for com.example.reservationsystem.domain.entity.Student */delete 
        from
            student 
        where
            id=?
    Hibernate: 
        /* delete for com.example.reservationsystem.domain.entity.Student */delete 
        from
            student 
        where
            id=?
    Hibernate: 
        /* delete for com.example.reservationsystem.domain.entity.Student */delete 
        from
            student 
        where
            id=?
    Hibernate: 
        /* delete for com.example.reservationsystem.domain.entity.Room */delete 
        from
            room 
        where
            id=?
    Hibernate: 
        /* <criteria> */ select
            s1_0.id,
            s1_0.meeting_daily_used_hours,
            s1_0.meeting_weekly_used_hours,
            s1_0.name,
            s1_0.room_daily_limit_hours,
            s1_0.seat_daily_used_hours,
            s1_0.seat_usage_date,
            s1_0.seat_weekly_used_hours,
            s1_0.student_id,
            s1_0.usage_date,
            s1_0.usage_week_start 
        from
            student s1_0 
        where
            s1_0.student_id=?
    Hibernate: 
        /*     select
            count(r) > 0     
        from
            RoomReservation r     
        where
            r.room.id = :roomId       
            and r.date = :date       
            and r.startTime < :endTime       
            and r.endTime > :startTime  */ select
                count(rr1_0.id)>0 
            from
                room_reservation rr1_0 
            where
                rr1_0.room_id=? 
                and rr1_0.date=? 
                and rr1_0.start_time<? 
                and rr1_0.end_time>?
    Hibernate: 
        /* <criteria> */ select
            s1_0.id,
            s1_0.meeting_daily_used_hours,
            s1_0.meeting_weekly_used_hours,
            s1_0.name,
            s1_0.room_daily_limit_hours,
            s1_0.seat_daily_used_hours,
            s1_0.seat_usage_date,
            s1_0.seat_weekly_used_hours,
            s1_0.student_id,
            s1_0.usage_date,
            s1_0.usage_week_start 
        from
            student s1_0 
        where
            s1_0.student_id=?
    Hibernate: 
        /* update
            for com.example.reservationsystem.domain.entity.Student */update student 
        set
            meeting_daily_used_hours=?,
            meeting_weekly_used_hours=?,
            name=?,
            room_daily_limit_hours=?,
            seat_daily_used_hours=?,
            seat_usage_date=?,
            seat_weekly_used_hours=?,
            student_id=?,
            usage_date=?,
            usage_week_start=? 
        where
            id=?
    Hibernate: 
        /* select
            (count(p) > 0) 
        from
            RoomReservationParticipant p 
        join
            p.reservation r 
        where
            p.student.studentId = :studentId   
            and r.date = :date   
            and r.status = com.example.reservationsystem.domain.entity.RoomReservationStatus.RESERVED   
            and r.startTime < :endTime   
            and r.endTime > :startTime  */ select
                (count(rrp1_0.id)>0) 
            from
                room_reservation_participant rrp1_0 
            join
                room_reservation r1_0 
                    on r1_0.id=rrp1_0.reservation_id 
            join
                student s1_0 
                    on s1_0.id=rrp1_0.student_id 
            where
                s1_0.student_id=? 
                and r1_0.date=? 
                and r1_0.status='RESERVED' 
                and r1_0.start_time<? 
                and r1_0.end_time>?
    Hibernate: 
        /* <criteria> */ select
            s1_0.id,
            s1_0.meeting_daily_used_hours,
            s1_0.meeting_weekly_used_hours,
            s1_0.name,
            s1_0.room_daily_limit_hours,
            s1_0.seat_daily_used_hours,
            s1_0.seat_usage_date,
            s1_0.seat_weekly_used_hours,
            s1_0.student_id,
            s1_0.usage_date,
            s1_0.usage_week_start 
        from
            student s1_0 
        where
            s1_0.student_id=?
    Hibernate: 
        /* update
            for com.example.reservationsystem.domain.entity.Student */update student 
        set
            meeting_daily_used_hours=?,
            meeting_weekly_used_hours=?,
            name=?,
            room_daily_limit_hours=?,
            seat_daily_used_hours=?,
            seat_usage_date=?,
            seat_weekly_used_hours=?,
            student_id=?,
            usage_date=?,
            usage_week_start=? 
        where
            id=?
    Hibernate: 
        /* select
            (count(p) > 0) 
        from
            RoomReservationParticipant p 
        join
            p.reservation r 
        where
            p.student.studentId = :studentId   
            and r.date = :date   
            and r.status = com.example.reservationsystem.domain.entity.RoomReservationStatus.RESERVED   
            and r.startTime < :endTime   
            and r.endTime > :startTime  */ select
                (count(rrp1_0.id)>0) 
            from
                room_reservation_participant rrp1_0 
            join
                room_reservation r1_0 
                    on r1_0.id=rrp1_0.reservation_id 
            join
                student s1_0 
                    on s1_0.id=rrp1_0.student_id 
            where
                s1_0.student_id=? 
                and r1_0.date=? 
                and r1_0.status='RESERVED' 
                and r1_0.start_time<? 
                and r1_0.end_time>?
    Hibernate: 
        /* <criteria> */ select
            s1_0.id,
            s1_0.meeting_daily_used_hours,
            s1_0.meeting_weekly_used_hours,
            s1_0.name,
            s1_0.room_daily_limit_hours,
            s1_0.seat_daily_used_hours,
            s1_0.seat_usage_date,
            s1_0.seat_weekly_used_hours,
            s1_0.student_id,
            s1_0.usage_date,
            s1_0.usage_week_start 
        from
            student s1_0 
        where
            s1_0.student_id=?
    Hibernate: 
        /* update
            for com.example.reservationsystem.domain.entity.Student */update student 
        set
            meeting_daily_used_hours=?,
            meeting_weekly_used_hours=?,
            name=?,
            room_daily_limit_hours=?,
            seat_daily_used_hours=?,
            seat_usage_date=?,
            seat_weekly_used_hours=?,
            student_id=?,
            usage_date=?,
            usage_week_start=? 
        where
            id=?
    Hibernate: 
        /* select
            (count(p) > 0) 
        from
            RoomReservationParticipant p 
        join
            p.reservation r 
        where
            p.student.studentId = :studentId   
            and r.date = :date   
            and r.status = com.example.reservationsystem.domain.entity.RoomReservationStatus.RESERVED   
            and r.startTime < :endTime   
            and r.endTime > :startTime  */ select
                (count(rrp1_0.id)>0) 
            from
                room_reservation_participant rrp1_0 
            join
                room_reservation r1_0 
                    on r1_0.id=rrp1_0.reservation_id 
            join
                student s1_0 
                    on s1_0.id=rrp1_0.student_id 
            where
                s1_0.student_id=? 
                and r1_0.date=? 
                and r1_0.status='RESERVED' 
                and r1_0.start_time<? 
                and r1_0.end_time>?
    Hibernate: 
        /* insert for
            com.example.reservationsystem.domain.entity.RoomReservation */insert 
        into
            room_reservation (created_at, date, duration, end_time, leader_student_id, representative_id, room_id, start_time, status, updated_at) 
        values
            (?, ?, ?, ?, ?, ?, ?, ?, ?, ?)
    Hibernate: 
        /* insert for
            com.example.reservationsystem.domain.entity.RoomReservationParticipant */insert 
        into
            room_reservation_participant (is_representative, reservation_id, student_id) 
        values
            (?, ?, ?)
    Hibernate: 
        /* insert for
            com.example.reservationsystem.domain.entity.RoomReservationParticipant */insert 
        into
            room_reservation_participant (is_representative, reservation_id, student_id) 
        values
            (?, ?, ?)
    Hibernate: 
        /* insert for
            com.example.reservationsystem.domain.entity.RoomReservationParticipant */insert 
        into
            room_reservation_participant (is_representative, reservation_id, student_id) 
        values
            (?, ?, ?)
    Hibernate: 
        /* update
            for com.example.reservationsystem.domain.entity.Student */update student 
        set
            meeting_daily_used_hours=?,
            meeting_weekly_used_hours=?,
            name=?,
            room_daily_limit_hours=?,
            seat_daily_used_hours=?,
            seat_usage_date=?,
            seat_weekly_used_hours=?,
            student_id=?,
            usage_date=?,
            usage_week_start=? 
        where
            id=?
    Hibernate: 
        /* update
            for com.example.reservationsystem.domain.entity.Student */update student 
        set
            meeting_daily_used_hours=?,
            meeting_weekly_used_hours=?,
            name=?,
            room_daily_limit_hours=?,
            seat_daily_used_hours=?,
            seat_usage_date=?,
            seat_weekly_used_hours=?,
            student_id=?,
            usage_date=?,
            usage_week_start=? 
        where
            id=?
    Hibernate: 
        /* update
            for com.example.reservationsystem.domain.entity.Student */update student 
        set
            meeting_daily_used_hours=?,
            meeting_weekly_used_hours=?,
            name=?,
            room_daily_limit_hours=?,
            seat_daily_used_hours=?,
            seat_usage_date=?,
            seat_weekly_used_hours=?,
            student_id=?,
            usage_date=?,
            usage_week_start=? 
        where
            id=?
    Hibernate: 
        /*     select
            p.reservation     
        from
            RoomReservationParticipant p     
        where
            p.student.studentId = :studentId     
        order by
            p.reservation.date asc,
            p.reservation.startTime asc  */ select
                r1_0.id,
                r1_0.created_at,
                r1_0.date,
                r1_0.duration,
                r1_0.end_time,
                r1_0.leader_student_id,
                r1_0.representative_id,
                r1_0.room_id,
                r1_0.start_time,
                r1_0.status,
                r1_0.updated_at 
            from
                room_reservation_participant rrp1_0 
            join
                room_reservation r1_0 
                    on r1_0.id=rrp1_0.reservation_id 
            join
                student s1_0 
                    on s1_0.id=rrp1_0.student_id 
            where
                s1_0.student_id=? 
            order by
                r1_0.date,
                r1_0.start_time
    [TC=UT-ROOM-L-01] [RESULT=PASS] [EXPECT=list contains reservationId=15]

RoomReservationServiceTest > UT-ROOM-L-02 내 예약 목록 조회(없음) STANDARD_OUT
    Hibernate: 
        /* <criteria> */ select
            rr1_0.id,
            rr1_0.created_at,
            rr1_0.date,
            rr1_0.duration,
            rr1_0.end_time,
            rr1_0.leader_student_id,
            rr1_0.representative_id,
            rr1_0.room_id,
            rr1_0.start_time,
            rr1_0.status,
            rr1_0.updated_at 
        from
            room_reservation rr1_0
    Hibernate: 
        /* <criteria> */ select
            s1_0.id,
            s1_0.meeting_daily_used_hours,
            s1_0.meeting_weekly_used_hours,
            s1_0.name,
            s1_0.room_daily_limit_hours,
            s1_0.seat_daily_used_hours,
            s1_0.seat_usage_date,
            s1_0.seat_weekly_used_hours,
            s1_0.student_id,
            s1_0.usage_date,
            s1_0.usage_week_start 
        from
            student s1_0
    Hibernate: 
        /* <criteria> */ select
            r1_0.id,
            r1_0.capacity 
        from
            room r1_0
    Hibernate: 
        /* insert for
            com.example.reservationsystem.domain.entity.Room */insert 
        into
            room (capacity) 
        values
            (?)
    Hibernate: 
        /* insert for
            com.example.reservationsystem.domain.entity.Student */insert 
        into
            student (meeting_daily_used_hours, meeting_weekly_used_hours, name, room_daily_limit_hours, seat_daily_used_hours, seat_usage_date, seat_weekly_used_hours, student_id, usage_date, usage_week_start) 
        values
            (?, ?, ?, ?, ?, ?, ?, ?, ?, ?)
    Hibernate: 
        /* insert for
            com.example.reservationsystem.domain.entity.Student */insert 
        into
            student (meeting_daily_used_hours, meeting_weekly_used_hours, name, room_daily_limit_hours, seat_daily_used_hours, seat_usage_date, seat_weekly_used_hours, student_id, usage_date, usage_week_start) 
        values
            (?, ?, ?, ?, ?, ?, ?, ?, ?, ?)
    Hibernate: 
        /* insert for
            com.example.reservationsystem.domain.entity.Student */insert 
        into
            student (meeting_daily_used_hours, meeting_weekly_used_hours, name, room_daily_limit_hours, seat_daily_used_hours, seat_usage_date, seat_weekly_used_hours, student_id, usage_date, usage_week_start) 
        values
            (?, ?, ?, ?, ?, ?, ?, ?, ?, ?)
    Hibernate: 
        /* insert for
            com.example.reservationsystem.domain.entity.Student */insert 
        into
            student (meeting_daily_used_hours, meeting_weekly_used_hours, name, room_daily_limit_hours, seat_daily_used_hours, seat_usage_date, seat_weekly_used_hours, student_id, usage_date, usage_week_start) 
        values
            (?, ?, ?, ?, ?, ?, ?, ?, ?, ?)
    Hibernate: 
        /* delete for com.example.reservationsystem.domain.entity.Student */delete 
        from
            student 
        where
            id=?
    Hibernate: 
        /* delete for com.example.reservationsystem.domain.entity.Student */delete 
        from
            student 
        where
            id=?
    Hibernate: 
        /* delete for com.example.reservationsystem.domain.entity.Student */delete 
        from
            student 
        where
            id=?
    Hibernate: 
        /* delete for com.example.reservationsystem.domain.entity.Room */delete 
        from
            room 
        where
            id=?
    Hibernate: 
        /*     select
            p.reservation     
        from
            RoomReservationParticipant p     
        where
            p.student.studentId = :studentId     
        order by
            p.reservation.date asc,
            p.reservation.startTime asc  */ select
                r1_0.id,
                r1_0.created_at,
                r1_0.date,
                r1_0.duration,
                r1_0.end_time,
                r1_0.leader_student_id,
                r1_0.representative_id,
                r1_0.room_id,
                r1_0.start_time,
                r1_0.status,
                r1_0.updated_at 
            from
                room_reservation_participant rrp1_0 
            join
                room_reservation r1_0 
                    on r1_0.id=rrp1_0.reservation_id 
            join
                student s1_0 
                    on s1_0.id=rrp1_0.student_id 
            where
                s1_0.student_id=? 
            order by
                r1_0.date,
                r1_0.start_time
    [TC=UT-ROOM-L-02] [RESULT=PASS] [EXPECT=empty list]

RoomReservationServiceTest > UT-ROOM-L-03 취소 후 조회 반영 STANDARD_OUT
    Hibernate: 
        /* <criteria> */ select
            rr1_0.id,
            rr1_0.created_at,
            rr1_0.date,
            rr1_0.duration,
            rr1_0.end_time,
            rr1_0.leader_student_id,
            rr1_0.representative_id,
            rr1_0.room_id,
            rr1_0.start_time,
            rr1_0.status,
            rr1_0.updated_at 
        from
            room_reservation rr1_0
    Hibernate: 
        /* <criteria> */ select
            s1_0.id,
            s1_0.meeting_daily_used_hours,
            s1_0.meeting_weekly_used_hours,
            s1_0.name,
            s1_0.room_daily_limit_hours,
            s1_0.seat_daily_used_hours,
            s1_0.seat_usage_date,
            s1_0.seat_weekly_used_hours,
            s1_0.student_id,
            s1_0.usage_date,
            s1_0.usage_week_start 
        from
            student s1_0
    Hibernate: 
        /* <criteria> */ select
            r1_0.id,
            r1_0.capacity 
        from
            room r1_0
    Hibernate: 
        /* insert for
            com.example.reservationsystem.domain.entity.Room */insert 
        into
            room (capacity) 
        values
            (?)
    Hibernate: 
        /* insert for
            com.example.reservationsystem.domain.entity.Student */insert 
        into
            student (meeting_daily_used_hours, meeting_weekly_used_hours, name, room_daily_limit_hours, seat_daily_used_hours, seat_usage_date, seat_weekly_used_hours, student_id, usage_date, usage_week_start) 
        values
            (?, ?, ?, ?, ?, ?, ?, ?, ?, ?)
    Hibernate: 
        /* insert for
            com.example.reservationsystem.domain.entity.Student */insert 
        into
            student (meeting_daily_used_hours, meeting_weekly_used_hours, name, room_daily_limit_hours, seat_daily_used_hours, seat_usage_date, seat_weekly_used_hours, student_id, usage_date, usage_week_start) 
        values
            (?, ?, ?, ?, ?, ?, ?, ?, ?, ?)
    Hibernate: 
        /* insert for
            com.example.reservationsystem.domain.entity.Student */insert 
        into
            student (meeting_daily_used_hours, meeting_weekly_used_hours, name, room_daily_limit_hours, seat_daily_used_hours, seat_usage_date, seat_weekly_used_hours, student_id, usage_date, usage_week_start) 
        values
            (?, ?, ?, ?, ?, ?, ?, ?, ?, ?)
    Hibernate: 
        /* insert for
            com.example.reservationsystem.domain.entity.Student */insert 
        into
            student (meeting_daily_used_hours, meeting_weekly_used_hours, name, room_daily_limit_hours, seat_daily_used_hours, seat_usage_date, seat_weekly_used_hours, student_id, usage_date, usage_week_start) 
        values
            (?, ?, ?, ?, ?, ?, ?, ?, ?, ?)
    Hibernate: 
        /* delete for com.example.reservationsystem.domain.entity.Student */delete 
        from
            student 
        where
            id=?
    Hibernate: 
        /* delete for com.example.reservationsystem.domain.entity.Student */delete 
        from
            student 
        where
            id=?
    Hibernate: 
        /* delete for com.example.reservationsystem.domain.entity.Student */delete 
        from
            student 
        where
            id=?
    Hibernate: 
        /* delete for com.example.reservationsystem.domain.entity.Room */delete 
        from
            room 
        where
            id=?
    Hibernate: 
        /* <criteria> */ select
            s1_0.id,
            s1_0.meeting_daily_used_hours,
            s1_0.meeting_weekly_used_hours,
            s1_0.name,
            s1_0.room_daily_limit_hours,
            s1_0.seat_daily_used_hours,
            s1_0.seat_usage_date,
            s1_0.seat_weekly_used_hours,
            s1_0.student_id,
            s1_0.usage_date,
            s1_0.usage_week_start 
        from
            student s1_0 
        where
            s1_0.student_id=?
    Hibernate: 
        /*     select
            count(r) > 0     
        from
            RoomReservation r     
        where
            r.room.id = :roomId       
            and r.date = :date       
            and r.startTime < :endTime       
            and r.endTime > :startTime  */ select
                count(rr1_0.id)>0 
            from
                room_reservation rr1_0 
            where
                rr1_0.room_id=? 
                and rr1_0.date=? 
                and rr1_0.start_time<? 
                and rr1_0.end_time>?
    Hibernate: 
        /* <criteria> */ select
            s1_0.id,
            s1_0.meeting_daily_used_hours,
            s1_0.meeting_weekly_used_hours,
            s1_0.name,
            s1_0.room_daily_limit_hours,
            s1_0.seat_daily_used_hours,
            s1_0.seat_usage_date,
            s1_0.seat_weekly_used_hours,
            s1_0.student_id,
            s1_0.usage_date,
            s1_0.usage_week_start 
        from
            student s1_0 
        where
            s1_0.student_id=?
    Hibernate: 
        /* update
            for com.example.reservationsystem.domain.entity.Student */update student 
        set
            meeting_daily_used_hours=?,
            meeting_weekly_used_hours=?,
            name=?,
            room_daily_limit_hours=?,
            seat_daily_used_hours=?,
            seat_usage_date=?,
            seat_weekly_used_hours=?,
            student_id=?,
            usage_date=?,
            usage_week_start=? 
        where
            id=?
    Hibernate: 
        /* select
            (count(p) > 0) 
        from
            RoomReservationParticipant p 
        join
            p.reservation r 
        where
            p.student.studentId = :studentId   
            and r.date = :date   
            and r.status = com.example.reservationsystem.domain.entity.RoomReservationStatus.RESERVED   
            and r.startTime < :endTime   
            and r.endTime > :startTime  */ select
                (count(rrp1_0.id)>0) 
            from
                room_reservation_participant rrp1_0 
            join
                room_reservation r1_0 
                    on r1_0.id=rrp1_0.reservation_id 
            join
                student s1_0 
                    on s1_0.id=rrp1_0.student_id 
            where
                s1_0.student_id=? 
                and r1_0.date=? 
                and r1_0.status='RESERVED' 
                and r1_0.start_time<? 
                and r1_0.end_time>?
    Hibernate: 
        /* <criteria> */ select
            s1_0.id,
            s1_0.meeting_daily_used_hours,
            s1_0.meeting_weekly_used_hours,
            s1_0.name,
            s1_0.room_daily_limit_hours,
            s1_0.seat_daily_used_hours,
            s1_0.seat_usage_date,
            s1_0.seat_weekly_used_hours,
            s1_0.student_id,
            s1_0.usage_date,
            s1_0.usage_week_start 
        from
            student s1_0 
        where
            s1_0.student_id=?
    Hibernate: 
        /* update
            for com.example.reservationsystem.domain.entity.Student */update student 
        set
            meeting_daily_used_hours=?,
            meeting_weekly_used_hours=?,
            name=?,
            room_daily_limit_hours=?,
            seat_daily_used_hours=?,
            seat_usage_date=?,
            seat_weekly_used_hours=?,
            student_id=?,
            usage_date=?,
            usage_week_start=? 
        where
            id=?
    Hibernate: 
        /* select
            (count(p) > 0) 
        from
            RoomReservationParticipant p 
        join
            p.reservation r 
        where
            p.student.studentId = :studentId   
            and r.date = :date   
            and r.status = com.example.reservationsystem.domain.entity.RoomReservationStatus.RESERVED   
            and r.startTime < :endTime   
            and r.endTime > :startTime  */ select
                (count(rrp1_0.id)>0) 
            from
                room_reservation_participant rrp1_0 
            join
                room_reservation r1_0 
                    on r1_0.id=rrp1_0.reservation_id 
            join
                student s1_0 
                    on s1_0.id=rrp1_0.student_id 
            where
                s1_0.student_id=? 
                and r1_0.date=? 
                and r1_0.status='RESERVED' 
                and r1_0.start_time<? 
                and r1_0.end_time>?
    Hibernate: 
        /* <criteria> */ select
            s1_0.id,
            s1_0.meeting_daily_used_hours,
            s1_0.meeting_weekly_used_hours,
            s1_0.name,
            s1_0.room_daily_limit_hours,
            s1_0.seat_daily_used_hours,
            s1_0.seat_usage_date,
            s1_0.seat_weekly_used_hours,
            s1_0.student_id,
            s1_0.usage_date,
            s1_0.usage_week_start 
        from
            student s1_0 
        where
            s1_0.student_id=?
    Hibernate: 
        /* update
            for com.example.reservationsystem.domain.entity.Student */update student 
        set
            meeting_daily_used_hours=?,
            meeting_weekly_used_hours=?,
            name=?,
            room_daily_limit_hours=?,
            seat_daily_used_hours=?,
            seat_usage_date=?,
            seat_weekly_used_hours=?,
            student_id=?,
            usage_date=?,
            usage_week_start=? 
        where
            id=?
    Hibernate: 
        /* select
            (count(p) > 0) 
        from
            RoomReservationParticipant p 
        join
            p.reservation r 
        where
            p.student.studentId = :studentId   
            and r.date = :date   
            and r.status = com.example.reservationsystem.domain.entity.RoomReservationStatus.RESERVED   
            and r.startTime < :endTime   
            and r.endTime > :startTime  */ select
                (count(rrp1_0.id)>0) 
            from
                room_reservation_participant rrp1_0 
            join
                room_reservation r1_0 
                    on r1_0.id=rrp1_0.reservation_id 
            join
                student s1_0 
                    on s1_0.id=rrp1_0.student_id 
            where
                s1_0.student_id=? 
                and r1_0.date=? 
                and r1_0.status='RESERVED' 
                and r1_0.start_time<? 
                and r1_0.end_time>?
    Hibernate: 
        /* insert for
            com.example.reservationsystem.domain.entity.RoomReservation */insert 
        into
            room_reservation (created_at, date, duration, end_time, leader_student_id, representative_id, room_id, start_time, status, updated_at) 
        values
            (?, ?, ?, ?, ?, ?, ?, ?, ?, ?)
    Hibernate: 
        /* insert for
            com.example.reservationsystem.domain.entity.RoomReservationParticipant */insert 
        into
            room_reservation_participant (is_representative, reservation_id, student_id) 
        values
            (?, ?, ?)
    Hibernate: 
        /* insert for
            com.example.reservationsystem.domain.entity.RoomReservationParticipant */insert 
        into
            room_reservation_participant (is_representative, reservation_id, student_id) 
        values
            (?, ?, ?)
    Hibernate: 
        /* insert for
            com.example.reservationsystem.domain.entity.RoomReservationParticipant */insert 
        into
            room_reservation_participant (is_representative, reservation_id, student_id) 
        values
            (?, ?, ?)
    Hibernate: 
        /* update
            for com.example.reservationsystem.domain.entity.Student */update student 
        set
            meeting_daily_used_hours=?,
            meeting_weekly_used_hours=?,
            name=?,
            room_daily_limit_hours=?,
            seat_daily_used_hours=?,
            seat_usage_date=?,
            seat_weekly_used_hours=?,
            student_id=?,
            usage_date=?,
            usage_week_start=? 
        where
            id=?
    Hibernate: 
        /* update
            for com.example.reservationsystem.domain.entity.Student */update student 
        set
            meeting_daily_used_hours=?,
            meeting_weekly_used_hours=?,
            name=?,
            room_daily_limit_hours=?,
            seat_daily_used_hours=?,
            seat_usage_date=?,
            seat_weekly_used_hours=?,
            student_id=?,
            usage_date=?,
            usage_week_start=? 
        where
            id=?
    Hibernate: 
        /* update
            for com.example.reservationsystem.domain.entity.Student */update student 
        set
            meeting_daily_used_hours=?,
            meeting_weekly_used_hours=?,
            name=?,
            room_daily_limit_hours=?,
            seat_daily_used_hours=?,
            seat_usage_date=?,
            seat_weekly_used_hours=?,
            student_id=?,
            usage_date=?,
            usage_week_start=? 
        where
            id=?
    Hibernate: 
        /* <criteria> */ select
            rrp1_0.id,
            rrp1_0.is_representative,
            rrp1_0.reservation_id,
            rrp1_0.student_id 
        from
            room_reservation_participant rrp1_0 
        left join
            room_reservation r1_0 
                on r1_0.id=rrp1_0.reservation_id 
        left join
            student s1_0 
                on s1_0.id=rrp1_0.student_id 
        where
            r1_0.id=? 
            and s1_0.student_id=?
    Hibernate: 
        /* <criteria> */ select
            rrp1_0.id,
            rrp1_0.is_representative,
            rrp1_0.reservation_id,
            rrp1_0.student_id 
        from
            room_reservation_participant rrp1_0 
        left join
            room_reservation r1_0 
                on r1_0.id=rrp1_0.reservation_id 
        where
            r1_0.id=?
    Hibernate: 
        /* <criteria> */ select
            s1_0.id,
            s1_0.meeting_daily_used_hours,
            s1_0.meeting_weekly_used_hours,
            s1_0.name,
            s1_0.room_daily_limit_hours,
            s1_0.seat_daily_used_hours,
            s1_0.seat_usage_date,
            s1_0.seat_weekly_used_hours,
            s1_0.student_id,
            s1_0.usage_date,
            s1_0.usage_week_start 
        from
            student s1_0 
        where
            s1_0.student_id=?
    Hibernate: 
        /* update
            for com.example.reservationsystem.domain.entity.Student */update student 
        set
            meeting_daily_used_hours=?,
            meeting_weekly_used_hours=?,
            name=?,
            room_daily_limit_hours=?,
            seat_daily_used_hours=?,
            seat_usage_date=?,
            seat_weekly_used_hours=?,
            student_id=?,
            usage_date=?,
            usage_week_start=? 
        where
            id=?
    Hibernate: 
        /* <criteria> */ select
            s1_0.id,
            s1_0.meeting_daily_used_hours,
            s1_0.meeting_weekly_used_hours,
            s1_0.name,
            s1_0.room_daily_limit_hours,
            s1_0.seat_daily_used_hours,
            s1_0.seat_usage_date,
            s1_0.seat_weekly_used_hours,
            s1_0.student_id,
            s1_0.usage_date,
            s1_0.usage_week_start 
        from
            student s1_0 
        where
            s1_0.student_id=?
    Hibernate: 
        /* update
            for com.example.reservationsystem.domain.entity.Student */update student 
        set
            meeting_daily_used_hours=?,
            meeting_weekly_used_hours=?,
            name=?,
            room_daily_limit_hours=?,
            seat_daily_used_hours=?,
            seat_usage_date=?,
            seat_weekly_used_hours=?,
            student_id=?,
            usage_date=?,
            usage_week_start=? 
        where
            id=?
    Hibernate: 
        /* <criteria> */ select
            s1_0.id,
            s1_0.meeting_daily_used_hours,
            s1_0.meeting_weekly_used_hours,
            s1_0.name,
            s1_0.room_daily_limit_hours,
            s1_0.seat_daily_used_hours,
            s1_0.seat_usage_date,
            s1_0.seat_weekly_used_hours,
            s1_0.student_id,
            s1_0.usage_date,
            s1_0.usage_week_start 
        from
            student s1_0 
        where
            s1_0.student_id=?
    Hibernate: 
        /* update
            for com.example.reservationsystem.domain.entity.Student */update student 
        set
            meeting_daily_used_hours=?,
            meeting_weekly_used_hours=?,
            name=?,
            room_daily_limit_hours=?,
            seat_daily_used_hours=?,
            seat_usage_date=?,
            seat_weekly_used_hours=?,
            student_id=?,
            usage_date=?,
            usage_week_start=? 
        where
            id=?
    Hibernate: 
        /* delete for com.example.reservationsystem.domain.entity.RoomReservationParticipant */delete 
        from
            room_reservation_participant 
        where
            id=?
    Hibernate: 
        /* delete for com.example.reservationsystem.domain.entity.RoomReservationParticipant */delete 
        from
            room_reservation_participant 
        where
            id=?
    Hibernate: 
        /* delete for com.example.reservationsystem.domain.entity.RoomReservationParticipant */delete 
        from
            room_reservation_participant 
        where
            id=?
    Hibernate: 
        /* delete for com.example.reservationsystem.domain.entity.RoomReservation */delete 
        from
            room_reservation 
        where
            id=?
    Hibernate: 
        /*     select
            p.reservation     
        from
            RoomReservationParticipant p     
        where
            p.student.studentId = :studentId     
        order by
            p.reservation.date asc,
            p.reservation.startTime asc  */ select
                r1_0.id,
                r1_0.created_at,
                r1_0.date,
                r1_0.duration,
                r1_0.end_time,
                r1_0.leader_student_id,
                r1_0.representative_id,
                r1_0.room_id,
                r1_0.start_time,
                r1_0.status,
                r1_0.updated_at 
            from
                room_reservation_participant rrp1_0 
            join
                room_reservation r1_0 
                    on r1_0.id=rrp1_0.reservation_id 
            join
                student s1_0 
                    on s1_0.id=rrp1_0.student_id 
            where
                s1_0.student_id=? 
            order by
                r1_0.date,
                r1_0.start_time
    [TC=UT-ROOM-L-03] [RESULT=PASS] [EXPECT=empty list after cancel]

RoomReservationServiceTest > UT-ROOM-L-04 무효 학번 조회 → INVALID_STUDENT_ID STANDARD_OUT
    Hibernate: 
        /* <criteria> */ select
            rr1_0.id,
            rr1_0.created_at,
            rr1_0.date,
            rr1_0.duration,
            rr1_0.end_time,
            rr1_0.leader_student_id,
            rr1_0.representative_id,
            rr1_0.room_id,
            rr1_0.start_time,
            rr1_0.status,
            rr1_0.updated_at 
        from
            room_reservation rr1_0
    Hibernate: 
        /* <criteria> */ select
            s1_0.id,
            s1_0.meeting_daily_used_hours,
            s1_0.meeting_weekly_used_hours,
            s1_0.name,
            s1_0.room_daily_limit_hours,
            s1_0.seat_daily_used_hours,
            s1_0.seat_usage_date,
            s1_0.seat_weekly_used_hours,
            s1_0.student_id,
            s1_0.usage_date,
            s1_0.usage_week_start 
        from
            student s1_0
    Hibernate: 
        /* <criteria> */ select
            r1_0.id,
            r1_0.capacity 
        from
            room r1_0
    Hibernate: 
        /* insert for
            com.example.reservationsystem.domain.entity.Room */insert 
        into
            room (capacity) 
        values
            (?)
    Hibernate: 
        /* insert for
            com.example.reservationsystem.domain.entity.Student */insert 
        into
            student (meeting_daily_used_hours, meeting_weekly_used_hours, name, room_daily_limit_hours, seat_daily_used_hours, seat_usage_date, seat_weekly_used_hours, student_id, usage_date, usage_week_start) 
        values
            (?, ?, ?, ?, ?, ?, ?, ?, ?, ?)
    Hibernate: 
        /* insert for
            com.example.reservationsystem.domain.entity.Student */insert 
        into
            student (meeting_daily_used_hours, meeting_weekly_used_hours, name, room_daily_limit_hours, seat_daily_used_hours, seat_usage_date, seat_weekly_used_hours, student_id, usage_date, usage_week_start) 
        values
            (?, ?, ?, ?, ?, ?, ?, ?, ?, ?)
    Hibernate: 
        /* insert for
            com.example.reservationsystem.domain.entity.Student */insert 
        into
            student (meeting_daily_used_hours, meeting_weekly_used_hours, name, room_daily_limit_hours, seat_daily_used_hours, seat_usage_date, seat_weekly_used_hours, student_id, usage_date, usage_week_start) 
        values
            (?, ?, ?, ?, ?, ?, ?, ?, ?, ?)
    Hibernate: 
        /* insert for
            com.example.reservationsystem.domain.entity.Student */insert 
        into
            student (meeting_daily_used_hours, meeting_weekly_used_hours, name, room_daily_limit_hours, seat_daily_used_hours, seat_usage_date, seat_weekly_used_hours, student_id, usage_date, usage_week_start) 
        values
            (?, ?, ?, ?, ?, ?, ?, ?, ?, ?)
    [TC=UT-ROOM-L-04] [RESULT=PASS] [EXPECTED_ERROR=INVALID_STUDENT_ID] [EXPECTED_MESSAGE=유효하지 않은 학번입니다.]

Gradle Test Executor 23 finished executing tests.
2025-12-18T20:07:09.104+09:00  INFO 20488 --- [reservation_system] [ionShutdownHook] j.LocalContainerEntityManagerFactoryBean : Closing JPA EntityManagerFactory for persistence unit 'default'
Hibernate: 
    alter table room_reservation 
       drop 
       foreign key FK5cxvnl0bhgnu598bndyl4g7y0
Hibernate: 
    alter table room_reservation 
       drop 
       foreign key FK19p6c3un3mbs7b7bxkcxk8xn2
Hibernate: 
    alter table room_reservation_participant 
       drop 
       foreign key FK3aeb051qtm3730e94jxs1ry1c
Hibernate: 
    alter table room_reservation_participant 
       drop 
       foreign key FKr804xl7417jpp35vtmokpxghw
Hibernate: 
    alter table seat_reservation 
       drop 
       foreign key FK51vmmeopdicuwwwkr0vd85jpo
Hibernate: 
    alter table seat_reservation 
       drop 
       foreign key FKsu6h2n4v6sy779ai6u9mu0d2o
Hibernate: 
    drop table if exists room
Hibernate: 
    drop table if exists room_reservation
Hibernate: 
    drop table if exists room_reservation_participant
Hibernate: 
    drop table if exists seat
Hibernate: 
    drop table if exists seat_reservation
Hibernate: 
    drop table if exists student
2025-12-18T20:07:09.110+09:00  INFO 20488 --- [reservation_system] [ionShutdownHook] com.zaxxer.hikari.HikariDataSource       : HikariPool-1 - Shutdown initiated...
2025-12-18T20:07:09.111+09:00  INFO 20488 --- [reservation_system] [ionShutdownHook] com.zaxxer.hikari.HikariDataSource       : HikariPool-1 - Shutdown completed.
2025-12-18T20:07:09.114+09:00  INFO 20488 --- [reservation_system] [ionShutdownHook] j.LocalContainerEntityManagerFactoryBean : Closing JPA EntityManagerFactory for persistence unit 'default'
Hibernate: 
    alter table room_reservation 
       drop 
       foreign key FK5cxvnl0bhgnu598bndyl4g7y0
2025-12-18T20:07:09.115+09:00 ERROR 20488 --- [reservation_system] [ionShutdownHook] .SchemaDropperImpl$DelayedDropActionImpl : HHH000478: Unsuccessful: 
    alter table room_reservation 
       drop 
       foreign key FK5cxvnl0bhgnu598bndyl4g7y0
Hibernate: 
    alter table room_reservation 
       drop 
       foreign key FK19p6c3un3mbs7b7bxkcxk8xn2
2025-12-18T20:07:09.115+09:00 ERROR 20488 --- [reservation_system] [ionShutdownHook] .SchemaDropperImpl$DelayedDropActionImpl : HHH000478: Unsuccessful: 
    alter table room_reservation 
       drop 
       foreign key FK19p6c3un3mbs7b7bxkcxk8xn2
Hibernate: 
    alter table room_reservation_participant 
       drop 
       foreign key FK3aeb051qtm3730e94jxs1ry1c
2025-12-18T20:07:09.115+09:00 ERROR 20488 --- [reservation_system] [ionShutdownHook] .SchemaDropperImpl$DelayedDropActionImpl : HHH000478: Unsuccessful: 
    alter table room_reservation_participant 
       drop 
       foreign key FK3aeb051qtm3730e94jxs1ry1c
Hibernate: 
    alter table room_reservation_participant 
       drop 
       foreign key FKr804xl7417jpp35vtmokpxghw
2025-12-18T20:07:09.115+09:00 ERROR 20488 --- [reservation_system] [ionShutdownHook] .SchemaDropperImpl$DelayedDropActionImpl : HHH000478: Unsuccessful: 
    alter table room_reservation_participant 
       drop 
       foreign key FKr804xl7417jpp35vtmokpxghw
Hibernate: 
    alter table seat_reservation 
       drop 
       foreign key FK51vmmeopdicuwwwkr0vd85jpo
2025-12-18T20:07:09.115+09:00 ERROR 20488 --- [reservation_system] [ionShutdownHook] .SchemaDropperImpl$DelayedDropActionImpl : HHH000478: Unsuccessful: 
    alter table seat_reservation 
       drop 
       foreign key FK51vmmeopdicuwwwkr0vd85jpo
Hibernate: 
    alter table seat_reservation 
       drop 
       foreign key FKsu6h2n4v6sy779ai6u9mu0d2o
2025-12-18T20:07:09.115+09:00 ERROR 20488 --- [reservation_system] [ionShutdownHook] .SchemaDropperImpl$DelayedDropActionImpl : HHH000478: Unsuccessful: 
    alter table seat_reservation 
       drop 
       foreign key FKsu6h2n4v6sy779ai6u9mu0d2o
Hibernate: 
    drop table if exists room
Hibernate: 
    drop table if exists room_reservation
Hibernate: 
    drop table if exists room_reservation_participant
Hibernate: 
    drop table if exists seat
Hibernate: 
    drop table if exists seat_reservation
Hibernate: 
    drop table if exists student
2025-12-18T20:07:09.116+09:00  INFO 20488 --- [reservation_system] [ionShutdownHook] com.zaxxer.hikari.HikariDataSource       : HikariPool-2 - Shutdown initiated...
2025-12-18T20:07:09.117+09:00  INFO 20488 --- [reservation_system] [ionShutdownHook] com.zaxxer.hikari.HikariDataSource       : HikariPool-2 - Shutdown completed.

> Task :test
Finished generating test XML results (0.119 secs) into: E:\전북대\대학2025\소프트웨어공학\reservation-system\build\test-results\test
Generating HTML test report...
Finished generating test html results (0.346 secs) into: E:\전북대\대학2025\소프트웨어공학\reservation-system\build\reports\tests\test

BUILD SUCCESSFUL in 21s
6 actionable tasks: 6 execute
Some of the file system contents retained in the virtual file system are on file systems that Gradle doesn't support watching. The relevant state was discarded to ensure changes to these locations are properly detected. You can override this by explicitly enabling file system watching.
Watched directory hierarchies: []
Consider enabling configuration cache to speed up this build: https://docs.gradle.org/9.2.1/userguide/configuration_cache_enabling.html
